<?xml version="1.0" encoding="utf-8"?>
<TestRun id="de7c682c-c35d-4f78-b250-e0d22234512d" name="alejandra-mendoza@IMING-2 2026-09-23 14:12:57" runUser="IMSA\alejandra-mendoza" xmlns="http://microsoft.com/schemas/VisualStudio/TeamTest/2010">
  <Times creation="2026-09-23T14:12:57.0491788-06:00" queuing="2026-09-23T14:12:57.0491798-06:00" start="2026-09-23T14:12:45.5871669-06:00" finish="2026-09-23T14:12:58.0878097-06:00" />
  <TestSettings name="default" id="ba3c0020-7abb-45e3-86a8-1c781d1a3336">
    <Deployment runDeploymentRoot="alejandra-mendoza_IMING-2_2026-09-23_14_12_57" />
  </TestSettings>
  <Results>
    <UnitTestResult executionId="f35c4fb5-79f5-4ee8-9b85-8e85354227d1" testId="7def3361-8942-c4e3-1a8a-ebf095125116" testName="RackCad.Tests.I58F3SeamTests.Real_authorities_preserve_authored_across_the_complete_seam(mode: &quot;cantilever&quot;, outcome: &quot;Divergent&quot;, reverse: False)" computerName="IMING-2" duration="00:00:00.1446027" startTime="2026-09-23T14:12:56.7548962-06:00" endTime="2026-09-23T14:12:56.7548970-06:00" testType="13cdc9d9-ddb5-4fa4-a97d-d965ccfc6d4b" outcome="Passed" testListId="8c84fa94-04c1-424b-9868-57a2d4851a1d" relativeResultsDirectory="f35c4fb5-79f5-4ee8-9b85-8e85354227d1" />
    <UnitTestResult executionId="0f48e560-6787-4449-90c5-12ede0e2df1c" testId="83fe1824-b0f5-8dfc-7484-2f153a5ddf5b" testName="RackCad.Tests.I58F3SeamTests.Real_authorities_preserve_authored_across_the_complete_seam(mode: &quot;dynamic-positive&quot;, outcome: &quot;Divergent&quot;, reverse: False)" computerName="IMING-2" duration="00:00:00.0070882" startTime="2026-09-23T14:12:57.1775646-06:00" endTime="2026-09-23T14:12:57.1775649-06:00" testType="13cdc9d9-ddb5-4fa4-a97d-d965ccfc6d4b" outcome="Passed" testListId="8c84fa94-04c1-424b-9868-57a2d4851a1d" relativeResultsDirectory="0f48e560-6787-4449-90c5-12ede0e2df1c" />
    <UnitTestResult executionId="dc5aa4e2-369f-4bcf-8962-bb3e2191bfbf" testId="48d4e741-b063-b6c6-9663-fdfd550c6f8d" testName="RackCad.Tests.I58F3SeamTests.Real_authorities_preserve_authored_across_the_complete_seam(mode: &quot;cantilever&quot;, outcome: &quot;Single&quot;, reverse: True)" computerName="IMING-2" duration="00:00:00.0387221" startTime="2026-09-23T14:12:57.8027332-06:00" endTime="2026-09-23T14:12:57.8027337-06:00" testType="13cdc9d9-ddb5-4fa4-a97d-d965ccfc6d4b" outcome="Passed" testListId="8c84fa94-04c1-424b-9868-57a2d4851a1d" relativeResultsDirectory="dc5aa4e2-369f-4bcf-8962-bb3e2191bfbf" />
    <UnitTestResult executionId="6eacf4d7-effb-472a-aca9-c855aee7f845" testId="8d79305b-3637-fbd2-b2bf-4388a666b5e7" testName="RackCad.Tests.I58F3SeamTests.Real_authorities_preserve_authored_across_the_complete_seam(mode: &quot;dynamic-custom&quot;, outcome: &quot;Divergent&quot;, reverse: False)" computerName="IMING-2" duration="00:00:00.0140226" startTime="2026-09-23T14:12:57.7121121-06:00" endTime="2026-09-23T14:12:57.7121138-06:00" testType="13cdc9d9-ddb5-4fa4-a97d-d965ccfc6d4b" outcome="Passed" testListId="8c84fa94-04c1-424b-9868-57a2d4851a1d" relativeResultsDirectory="6eacf4d7-effb-472a-aca9-c855aee7f845" />
    <UnitTestResult executionId="ff6d4486-0147-435c-9d63-ea7dd75272f8" testId="410b8cf2-1d99-0707-9808-35fb34e783f9" testName="RackCad.Tests.I58F3SeamTests.Real_authorities_preserve_authored_across_the_complete_seam(mode: &quot;cabecera&quot;, outcome: &quot;Single&quot;, reverse: False)" computerName="IMING-2" duration="00:00:00.0038186" startTime="2026-09-23T14:12:57.2401622-06:00" endTime="2026-09-23T14:12:57.2401623-06:00" testType="13cdc9d9-ddb5-4fa4-a97d-d965ccfc6d4b" outcome="Passed" testListId="8c84fa94-04c1-424b-9868-57a2d4851a1d" relativeResultsDirectory="ff6d4486-0147-435c-9d63-ea7dd75272f8" />
    <UnitTestResult executionId="15bc5112-4bc6-465c-a589-3a4027664264" testId="904595fe-be55-f9a7-367e-f18d546796ad" testName="RackCad.Tests.I58F3SeamTests.Real_authorities_preserve_authored_across_the_complete_seam(mode: &quot;pushback-simple&quot;, outcome: &quot;Divergent&quot;, reverse: False)" computerName="IMING-2" duration="00:00:00.0101110" startTime="2026-09-23T14:12:57.1390868-06:00" endTime="2026-09-23T14:12:57.1390870-06:00" testType="13cdc9d9-ddb5-4fa4-a97d-d965ccfc6d4b" outcome="Passed" testListId="8c84fa94-04c1-424b-9868-57a2d4851a1d" relativeResultsDirectory="15bc5112-4bc6-465c-a589-3a4027664264" />
    <UnitTestResult executionId="20f4606f-9868-4dfb-948c-3d4eca3fe327" testId="1d2e8994-3991-0732-edbd-77955bff352c" testName="RackCad.Tests.I58F3SeamTests.Real_authorities_preserve_authored_across_the_complete_seam(mode: &quot;pushback-composite&quot;, outcome: &quot;MixedUnreadable&quot;, reverse: False)" computerName="IMING-2" duration="00:00:00.0369421" startTime="2026-09-23T14:12:56.9945164-06:00" endTime="2026-09-23T14:12:56.9945169-06:00" testType="13cdc9d9-ddb5-4fa4-a97d-d965ccfc6d4b" outcome="Passed" testListId="8c84fa94-04c1-424b-9868-57a2d4851a1d" relativeResultsDirectory="20f4606f-9868-4dfb-948c-3d4eca3fe327" />
    <UnitTestResult executionId="0364b64a-d5ed-419a-a9f4-485276444978" testId="5fba96b0-9372-1e70-e6f8-496712b49e63" testName="RackCad.Tests.I58F3SeamTests.Real_authorities_preserve_authored_across_the_complete_seam(mode: &quot;cabecera&quot;, outcome: &quot;Divergent&quot;, reverse: False)" computerName="IMING-2" duration="00:00:00.0021076" startTime="2026-09-23T14:12:57.0364957-06:00" endTime="2026-09-23T14:12:57.0364960-06:00" testType="13cdc9d9-ddb5-4fa4-a97d-d965ccfc6d4b" outcome="Passed" testListId="8c84fa94-04c1-424b-9868-57a2d4851a1d" relativeResultsDirectory="0364b64a-d5ed-419a-a9f4-485276444978" />
    <UnitTestResult executionId="c00ea34c-efb0-4469-b155-ecb00a80f165" testId="8d626fda-8251-abc6-7f7a-4fdd71fdaa25" testName="RackCad.Tests.I58F3SeamTests.Real_authorities_preserve_authored_across_the_complete_seam(mode: &quot;cantilever&quot;, outcome: &quot;Unreadable&quot;, reverse: False)" computerName="IMING-2" duration="00:00:00.0061307" startTime="2026-09-23T14:12:57.6855080-06:00" endTime="2026-09-23T14:12:57.6855084-06:00" testType="13cdc9d9-ddb5-4fa4-a97d-d965ccfc6d4b" outcome="Passed" testListId="8c84fa94-04c1-424b-9868-57a2d4851a1d" relativeResultsDirectory="c00ea34c-efb0-4469-b155-ecb00a80f165" />
    <UnitTestResult executionId="dc9d07f2-d9e2-4bf0-93ea-405b5f1b5c16" testId="48364192-d80c-1121-4ad2-e743f5d38170" testName="RackCad.Tests.I58F3SeamTests.Real_authorities_preserve_authored_across_the_complete_seam(mode: &quot;cabecera&quot;, outcome: &quot;Unreadable&quot;, reverse: True)" computerName="IMING-2" duration="00:00:00.0017617" startTime="2026-09-23T14:12:57.2227854-06:00" endTime="2026-09-23T14:12:57.2227855-06:00" testType="13cdc9d9-ddb5-4fa4-a97d-d965ccfc6d4b" outcome="Passed" testListId="8c84fa94-04c1-424b-9868-57a2d4851a1d" relativeResultsDirectory="dc9d07f2-d9e2-4bf0-93ea-405b5f1b5c16" />
    <UnitTestResult executionId="2453a92b-0123-492e-a59f-257e5c2dbad9" testId="d18e189b-2f33-5daf-54f8-6aed548ea556" testName="RackCad.Tests.I58F3SeamTests.Real_authorities_preserve_authored_across_the_complete_seam(mode: &quot;pushback-composite&quot;, outcome: &quot;MixedUnreadable&quot;, reverse: True)" computerName="IMING-2" duration="00:00:00.0323576" startTime="2026-09-23T14:12:57.6790346-06:00" endTime="2026-09-23T14:12:57.6790351-06:00" testType="13cdc9d9-ddb5-4fa4-a97d-d965ccfc6d4b" outcome="Passed" testListId="8c84fa94-04c1-424b-9868-57a2d4851a1d" relativeResultsDirectory="2453a92b-0123-492e-a59f-257e5c2dbad9" />
    <UnitTestResult executionId="464fbfb0-a2fd-4d99-97a4-7364d9f1ceb0" testId="43cb8356-a8a8-afd0-3d3f-f286dcac4991" testName="RackCad.Tests.I58F3SeamTests.Real_authorities_preserve_authored_across_the_complete_seam(mode: &quot;dynamic-positive&quot;, outcome: &quot;Unreadable&quot;, reverse: False)" computerName="IMING-2" duration="00:00:00.0071249" startTime="2026-09-23T14:12:57.9470146-06:00" endTime="2026-09-23T14:12:57.9470150-06:00" testType="13cdc9d9-ddb5-4fa4-a97d-d965ccfc6d4b" outcome="Passed" testListId="8c84fa94-04c1-424b-9868-57a2d4851a1d" relativeResultsDirectory="464fbfb0-a2fd-4d99-97a4-7364d9f1ceb0" />
    <UnitTestResult executionId="8e3735ab-77a5-4fb2-9413-bc78b54958fa" testId="d3542065-b64f-5eb6-d26b-90cf40cb49c8" testName="RackCad.Tests.I58F3SeamTests.Real_authorities_preserve_authored_across_the_complete_seam(mode: &quot;pushback-simple&quot;, outcome: &quot;Unreadable&quot;, reverse: False)" computerName="IMING-2" duration="00:00:00.0112085" startTime="2026-09-23T14:12:57.7356277-06:00" endTime="2026-09-23T14:12:57.7356281-06:00" testType="13cdc9d9-ddb5-4fa4-a97d-d965ccfc6d4b" outcome="Passed" testListId="8c84fa94-04c1-424b-9868-57a2d4851a1d" relativeResultsDirectory="8e3735ab-77a5-4fb2-9413-bc78b54958fa" />
    <UnitTestResult executionId="bf47efd3-2414-4a65-8fc5-d2a1ecd71f8e" testId="a6c202e2-96f2-df66-afe5-60c1215a4c89" testName="RackCad.Tests.I58F3SeamTests.Real_authorities_preserve_authored_across_the_complete_seam(mode: &quot;cantilever&quot;, outcome: &quot;MixedUnreadable&quot;, reverse: True)" computerName="IMING-2" duration="00:00:00.0058742" startTime="2026-09-23T14:12:57.0093686-06:00" endTime="2026-09-23T14:12:57.0093687-06:00" testType="13cdc9d9-ddb5-4fa4-a97d-d965ccfc6d4b" outcome="Passed" testListId="8c84fa94-04c1-424b-9868-57a2d4851a1d" relativeResultsDirectory="bf47efd3-2414-4a65-8fc5-d2a1ecd71f8e" />
    <UnitTestResult executionId="35f6c98e-d7bc-4629-b7a9-a2ad51720f05" testId="0c6c792c-fe20-1642-8c07-b2fcf008cca8" testName="RackCad.Tests.I58F3SeamTests.Real_authorities_preserve_authored_across_the_complete_seam(mode: &quot;dynamic&quot;, outcome: &quot;Single&quot;, reverse: True)" computerName="IMING-2" duration="00:00:00.0131757" startTime="2026-09-23T14:12:57.0315006-06:00" endTime="2026-09-23T14:12:57.0315010-06:00" testType="13cdc9d9-ddb5-4fa4-a97d-d965ccfc6d4b" outcome="Passed" testListId="8c84fa94-04c1-424b-9868-57a2d4851a1d" relativeResultsDirectory="35f6c98e-d7bc-4629-b7a9-a2ad51720f05" />
    <UnitTestResult executionId="1121c375-f89a-464d-8209-c225f5c14348" testId="83ef3279-9d75-8325-3df2-e577b3ea7f37" testName="RackCad.Tests.I58F3SeamTests.Real_authorities_preserve_authored_across_the_complete_seam(mode: &quot;cabecera&quot;, outcome: &quot;MixedUnreadable&quot;, reverse: True)" computerName="IMING-2" duration="00:00:00.0043058" startTime="2026-09-23T14:12:57.9514385-06:00" endTime="2026-09-23T14:12:57.9514388-06:00" testType="13cdc9d9-ddb5-4fa4-a97d-d965ccfc6d4b" outcome="Passed" testListId="8c84fa94-04c1-424b-9868-57a2d4851a1d" relativeResultsDirectory="1121c375-f89a-464d-8209-c225f5c14348" />
    <UnitTestResult executionId="11b04162-e1e6-4537-8f3b-b6fe17da4476" testId="86af406a-7b22-9107-660a-87419184a0e7" testName="RackCad.Tests.I58F3SeamTests.Real_authorities_preserve_authored_across_the_complete_seam(mode: &quot;dynamic&quot;, outcome: &quot;Unreadable&quot;, reverse: False)" computerName="IMING-2" duration="00:00:00.0056629" startTime="2026-09-23T14:12:57.1703093-06:00" endTime="2026-09-23T14:12:57.1703094-06:00" testType="13cdc9d9-ddb5-4fa4-a97d-d965ccfc6d4b" outcome="Passed" testListId="8c84fa94-04c1-424b-9868-57a2d4851a1d" relativeResultsDirectory="11b04162-e1e6-4537-8f3b-b6fe17da4476" />
    <UnitTestResult executionId="537bab40-12ca-4a6c-90ef-cdfd74e26e0d" testId="3d2e0d6d-8da6-37c6-078c-bff67fd6a607" testName="RackCad.Tests.I58F3SeamTests.Real_authorities_preserve_authored_across_the_complete_seam(mode: &quot;dynamic-custom&quot;, outcome: &quot;Divergent&quot;, reverse: True)" computerName="IMING-2" duration="00:00:00.0050965" startTime="2026-09-23T14:12:56.9574222-06:00" endTime="2026-09-23T14:12:56.9574224-06:00" testType="13cdc9d9-ddb5-4fa4-a97d-d965ccfc6d4b" outcome="Passed" testListId="8c84fa94-04c1-424b-9868-57a2d4851a1d" relativeResultsDirectory="537bab40-12ca-4a6c-90ef-cdfd74e26e0d" />
    <UnitTestResult executionId="c439a048-0f31-454d-aea3-ca2e50b78ee5" testId="96a23857-6866-941a-9797-9d288fb36942" testName="RackCad.Tests.I58F3SeamTests.Real_authorities_preserve_authored_across_the_complete_seam(mode: &quot;dynamic&quot;, outcome: &quot;Unreadable&quot;, reverse: True)" computerName="IMING-2" duration="00:00:00.0127179" startTime="2026-09-23T14:12:57.8810698-06:00" endTime="2026-09-23T14:12:57.8810731-06:00" testType="13cdc9d9-ddb5-4fa4-a97d-d965ccfc6d4b" outcome="Passed" testListId="8c84fa94-04c1-424b-9868-57a2d4851a1d" relativeResultsDirectory="c439a048-0f31-454d-aea3-ca2e50b78ee5" />
    <UnitTestResult executionId="fe18fb31-8df7-44d8-9225-596dec4dedc3" testId="c1455b2f-e140-13f3-96c9-20468e23c259" testName="RackCad.Tests.I58F3SeamTests.Real_authorities_preserve_authored_across_the_complete_seam(mode: &quot;cabecera&quot;, outcome: &quot;Unreadable&quot;, reverse: False)" computerName="IMING-2" duration="00:00:00.0036717" startTime="2026-09-23T14:12:57.6372396-06:00" endTime="2026-09-23T14:12:57.6372399-06:00" testType="13cdc9d9-ddb5-4fa4-a97d-d965ccfc6d4b" outcome="Passed" testListId="8c84fa94-04c1-424b-9868-57a2d4851a1d" relativeResultsDirectory="fe18fb31-8df7-44d8-9225-596dec4dedc3" />
    <UnitTestResult executionId="3a20dc64-73c9-4ba0-b5ea-11a49ff2691f" testId="08c08668-0cdf-5a32-8365-4d072a0d063e" testName="RackCad.Tests.I58F3SeamTests.Real_authorities_preserve_authored_across_the_complete_seam(mode: &quot;pushback-simple&quot;, outcome: &quot;MixedUnreadable&quot;, reverse: False)" computerName="IMING-2" duration="00:00:00.0086914" startTime="2026-09-23T14:12:57.9314347-06:00" endTime="2026-09-23T14:12:57.9314355-06:00" testType="13cdc9d9-ddb5-4fa4-a97d-d965ccfc6d4b" outcome="Passed" testListId="8c84fa94-04c1-424b-9868-57a2d4851a1d" relativeResultsDirectory="3a20dc64-73c9-4ba0-b5ea-11a49ff2691f" />
    <UnitTestResult executionId="391818ba-bf55-4c89-991b-3f5f798e380d" testId="928844c7-d491-6658-8829-fa98ef0024dd" testName="RackCad.Tests.I58F3SeamTests.Real_authorities_preserve_authored_across_the_complete_seam(mode: &quot;dynamic-positive&quot;, outcome: &quot;MixedUnreadable&quot;, reverse: False)" computerName="IMING-2" duration="00:00:00.0184071" startTime="2026-09-23T14:12:56.6099740-06:00" endTime="2026-09-23T14:12:56.6099745-06:00" testType="13cdc9d9-ddb5-4fa4-a97d-d965ccfc6d4b" outcome="Passed" testListId="8c84fa94-04c1-424b-9868-57a2d4851a1d" relativeResultsDirectory="391818ba-bf55-4c89-991b-3f5f798e380d" />
    <UnitTestResult executionId="dfdf40c7-6936-4bf7-8214-719a08cefff7" testId="28c6fde1-e393-1d52-cdeb-e1f16f1786b6" testName="RackCad.Tests.I58F3SeamTests.Real_authorities_preserve_authored_across_the_complete_seam(mode: &quot;pushback-composite&quot;, outcome: &quot;Single&quot;, reverse: True)" computerName="IMING-2" duration="00:00:00.0548394" startTime="2026-09-23T14:12:57.0914985-06:00" endTime="2026-09-23T14:12:57.0914988-06:00" testType="13cdc9d9-ddb5-4fa4-a97d-d965ccfc6d4b" outcome="Passed" testListId="8c84fa94-04c1-424b-9868-57a2d4851a1d" relativeResultsDirectory="dfdf40c7-6936-4bf7-8214-719a08cefff7" />
    <UnitTestResult executionId="1a50b146-9301-403b-8cd3-5822132338ac" testId="41385d6a-e0bb-9500-5b08-17390da396f2" testName="RackCad.Tests.I58F3SeamTests.Real_authorities_preserve_authored_across_the_complete_seam(mode: &quot;pushback-composite&quot;, outcome: &quot;Divergent&quot;, reverse: False)" computerName="IMING-2" duration="00:00:00.0292011" startTime="2026-09-23T14:12:57.9225140-06:00" endTime="2026-09-23T14:12:57.9225150-06:00" testType="13cdc9d9-ddb5-4fa4-a97d-d965ccfc6d4b" outcome="Passed" testListId="8c84fa94-04c1-424b-9868-57a2d4851a1d" relativeResultsDirectory="1a50b146-9301-403b-8cd3-5822132338ac" />
    <UnitTestResult executionId="153dd68a-c7e6-483c-8bb4-d9a172aded8c" testId="3c046a08-4a1c-09bd-105b-bbe888d24724" testName="RackCad.Tests.I58F3SeamTests.Real_authorities_preserve_authored_across_the_complete_seam(mode: &quot;dynamic-custom&quot;, outcome: &quot;MixedUnreadable&quot;, reverse: True)" computerName="IMING-2" duration="00:00:00.0050204" startTime="2026-09-23T14:12:57.1501390-06:00" endTime="2026-09-23T14:12:57.1501391-06:00" testType="13cdc9d9-ddb5-4fa4-a97d-d965ccfc6d4b" outcome="Passed" testListId="8c84fa94-04c1-424b-9868-57a2d4851a1d" relativeResultsDirectory="153dd68a-c7e6-483c-8bb4-d9a172aded8c" />
    <UnitTestResult executionId="7534da6f-137e-42ad-82f1-297a3fbe04d2" testId="ea6ea679-62f8-c38a-9c82-947a562730af" testName="RackCad.Tests.I58F3SeamTests.Real_authorities_preserve_authored_across_the_complete_seam(mode: &quot;dynamic-positive&quot;, outcome: &quot;MixedUnreadable&quot;, reverse: True)" computerName="IMING-2" duration="00:00:00.0076108" startTime="2026-09-23T14:12:57.1645574-06:00" endTime="2026-09-23T14:12:57.1645578-06:00" testType="13cdc9d9-ddb5-4fa4-a97d-d965ccfc6d4b" outcome="Passed" testListId="8c84fa94-04c1-424b-9868-57a2d4851a1d" relativeResultsDirectory="7534da6f-137e-42ad-82f1-297a3fbe04d2" />
    <UnitTestResult executionId="b4cb8c75-cffe-48a1-8406-aca9db9a8a6a" testId="bc64f83b-9ebf-7a29-b254-4ed3da9293c1" testName="RackCad.Tests.I58F3SeamTests.Real_authorities_preserve_authored_across_the_complete_seam(mode: &quot;pushback-simple&quot;, outcome: &quot;Single&quot;, reverse: False)" computerName="IMING-2" duration="00:00:00.1760756" startTime="2026-09-23T14:12:56.9522705-06:00" endTime="2026-09-23T14:12:56.9522713-06:00" testType="13cdc9d9-ddb5-4fa4-a97d-d965ccfc6d4b" outcome="Passed" testListId="8c84fa94-04c1-424b-9868-57a2d4851a1d" relativeResultsDirectory="b4cb8c75-cffe-48a1-8406-aca9db9a8a6a" />
    <UnitTestResult executionId="e51bd9d8-34a6-4cab-8a0d-ff207b4bd3d1" testId="10718f94-0956-4424-411c-ff7ce98ab8cf" testName="RackCad.Tests.I58F3SeamTests.Real_authorities_preserve_authored_across_the_complete_seam(mode: &quot;pushback-simple&quot;, outcome: &quot;Divergent&quot;, reverse: True)" computerName="IMING-2" duration="00:00:00.0058489" startTime="2026-09-23T14:12:57.1450476-06:00" endTime="2026-09-23T14:12:57.1450481-06:00" testType="13cdc9d9-ddb5-4fa4-a97d-d965ccfc6d4b" outcome="Passed" testListId="8c84fa94-04c1-424b-9868-57a2d4851a1d" relativeResultsDirectory="e51bd9d8-34a6-4cab-8a0d-ff207b4bd3d1" />
    <UnitTestResult executionId="89343984-6aa9-41f1-8290-74d2c2db1150" testId="69dee854-138f-644c-4849-ff0f0adb4d30" testName="RackCad.Tests.I58F3SeamTests.Real_authorities_preserve_authored_across_the_complete_seam(mode: &quot;dynamic&quot;, outcome: &quot;Divergent&quot;, reverse: False)" computerName="IMING-2" duration="00:00:00.0067380" startTime="2026-09-23T14:12:56.7616195-06:00" endTime="2026-09-23T14:12:56.7616201-06:00" testType="13cdc9d9-ddb5-4fa4-a97d-d965ccfc6d4b" outcome="Passed" testListId="8c84fa94-04c1-424b-9868-57a2d4851a1d" relativeResultsDirectory="89343984-6aa9-41f1-8290-74d2c2db1150" />
    <UnitTestResult executionId="09b45772-319c-4472-a3c2-ac549b1c0144" testId="80fb6728-27b8-1bc2-b8eb-8e13d68bed8a" testName="RackCad.Tests.I58F3SeamTests.Real_authorities_preserve_authored_across_the_complete_seam(mode: &quot;dynamic&quot;, outcome: &quot;MixedUnreadable&quot;, reverse: False)" computerName="IMING-2" duration="00:00:00.0075932" startTime="2026-09-23T14:12:57.2362526-06:00" endTime="2026-09-23T14:12:57.2362535-06:00" testType="13cdc9d9-ddb5-4fa4-a97d-d965ccfc6d4b" outcome="Passed" testListId="8c84fa94-04c1-424b-9868-57a2d4851a1d" relativeResultsDirectory="09b45772-319c-4472-a3c2-ac549b1c0144" />
    <UnitTestResult executionId="84de6ef9-b698-4792-9c9a-7e6c3453a927" testId="b32c5b06-76ff-3452-f02f-719af71e3ace" testName="RackCad.Tests.I58F3SeamTests.Real_authorities_preserve_authored_across_the_complete_seam(mode: &quot;dynamic-positive&quot;, outcome: &quot;Unreadable&quot;, reverse: True)" computerName="IMING-2" duration="00:00:00.0979075" startTime="2026-09-23T14:12:56.5925877-06:00" endTime="2026-09-23T14:12:56.5926192-06:00" testType="13cdc9d9-ddb5-4fa4-a97d-d965ccfc6d4b" outcome="Passed" testListId="8c84fa94-04c1-424b-9868-57a2d4851a1d" relativeResultsDirectory="84de6ef9-b698-4792-9c9a-7e6c3453a927" />
    <UnitTestResult executionId="e61335bd-4b0a-4fdf-b636-f13d2c1636d7" testId="ae05cf5f-51af-e48c-5185-97a8110e180d" testName="RackCad.Tests.I58F3SeamTests.Real_authorities_preserve_authored_across_the_complete_seam(mode: &quot;pushback-simple&quot;, outcome: &quot;MixedUnreadable&quot;, reverse: True)" computerName="IMING-2" duration="00:00:00.0090785" startTime="2026-09-23T14:12:57.6464706-06:00" endTime="2026-09-23T14:12:57.6464711-06:00" testType="13cdc9d9-ddb5-4fa4-a97d-d965ccfc6d4b" outcome="Passed" testListId="8c84fa94-04c1-424b-9868-57a2d4851a1d" relativeResultsDirectory="e61335bd-4b0a-4fdf-b636-f13d2c1636d7" />
    <UnitTestResult executionId="32570904-a799-4a4d-9a4e-107c63330724" testId="fe5f0d86-dffb-8a2e-e84a-d886d4ca1d78" testName="RackCad.Tests.I58F3SeamTests.Real_authorities_preserve_authored_across_the_complete_seam(mode: &quot;dynamic&quot;, outcome: &quot;MixedUnreadable&quot;, reverse: True)" computerName="IMING-2" duration="00:00:00.0078450" startTime="2026-09-23T14:12:57.9394283-06:00" endTime="2026-09-23T14:12:57.9394294-06:00" testType="13cdc9d9-ddb5-4fa4-a97d-d965ccfc6d4b" outcome="Passed" testListId="8c84fa94-04c1-424b-9868-57a2d4851a1d" relativeResultsDirectory="32570904-a799-4a4d-9a4e-107c63330724" />
    <UnitTestResult executionId="ac9788d2-abce-4886-9c43-a8e91d553513" testId="bb3e6953-427f-c2c7-663b-4fd2a41467ea" testName="RackCad.Tests.I58F3SeamTests.Real_authorities_preserve_authored_across_the_complete_seam(mode: &quot;dynamic-custom&quot;, outcome: &quot;Unreadable&quot;, reverse: True)" computerName="IMING-2" duration="00:00:00.0062707" startTime="2026-09-23T14:12:56.7758819-06:00" endTime="2026-09-23T14:12:56.7758824-06:00" testType="13cdc9d9-ddb5-4fa4-a97d-d965ccfc6d4b" outcome="Passed" testListId="8c84fa94-04c1-424b-9868-57a2d4851a1d" relativeResultsDirectory="ac9788d2-abce-4886-9c43-a8e91d553513" />
    <UnitTestResult executionId="9687c922-0f2e-46e5-a2a6-4068dea395df" testId="1efd7273-2509-2208-3452-a89cbe7bcb53" testName="RackCad.Tests.I58F3SeamTests.Real_authorities_preserve_authored_across_the_complete_seam(mode: &quot;dynamic&quot;, outcome: &quot;Divergent&quot;, reverse: True)" computerName="IMING-2" duration="00:00:00.0077177" startTime="2026-09-23T14:12:56.7694848-06:00" endTime="2026-09-23T14:12:56.7694852-06:00" testType="13cdc9d9-ddb5-4fa4-a97d-d965ccfc6d4b" outcome="Passed" testListId="8c84fa94-04c1-424b-9868-57a2d4851a1d" relativeResultsDirectory="9687c922-0f2e-46e5-a2a6-4068dea395df" />
    <UnitTestResult executionId="9fc87e85-e6e6-44b9-8387-089d6ec26a4d" testId="46844f8a-1091-9e03-ef24-101511ba35cd" testName="RackCad.Tests.I58F3SeamTests.Real_authorities_preserve_authored_across_the_complete_seam(mode: &quot;cabecera&quot;, outcome: &quot;MixedUnreadable&quot;, reverse: False)" computerName="IMING-2" duration="00:00:00.0027077" startTime="2026-09-23T14:12:57.0342995-06:00" endTime="2026-09-23T14:12:57.0342999-06:00" testType="13cdc9d9-ddb5-4fa4-a97d-d965ccfc6d4b" outcome="Passed" testListId="8c84fa94-04c1-424b-9868-57a2d4851a1d" relativeResultsDirectory="9fc87e85-e6e6-44b9-8387-089d6ec26a4d" />
    <UnitTestResult executionId="a50dcf54-34b5-4c59-b33b-4a065304c01b" testId="5ca8fc80-db81-620a-c5e2-717aa6213b7a" testName="RackCad.Tests.I58F3SeamTests.Real_authorities_preserve_authored_across_the_complete_seam(mode: &quot;dynamic-positive&quot;, outcome: &quot;Divergent&quot;, reverse: True)" computerName="IMING-2" duration="00:00:00.0116128" startTime="2026-09-23T14:12:57.6976201-06:00" endTime="2026-09-23T14:12:57.6976210-06:00" testType="13cdc9d9-ddb5-4fa4-a97d-d965ccfc6d4b" outcome="Passed" testListId="8c84fa94-04c1-424b-9868-57a2d4851a1d" relativeResultsDirectory="a50dcf54-34b5-4c59-b33b-4a065304c01b" />
    <UnitTestResult executionId="3f6f1d06-3215-467e-acfe-71dcc9c18e1e" testId="65c547a5-ea71-d346-ee03-2c7fa15f5057" testName="RackCad.Tests.I58F3SeamTests.Real_authorities_preserve_authored_across_the_complete_seam(mode: &quot;pushback-composite&quot;, outcome: &quot;Single&quot;, reverse: False)" computerName="IMING-2" duration="00:00:00.0648605" startTime="2026-09-23T14:12:57.8677813-06:00" endTime="2026-09-23T14:12:57.8677820-06:00" testType="13cdc9d9-ddb5-4fa4-a97d-d965ccfc6d4b" outcome="Passed" testListId="8c84fa94-04c1-424b-9868-57a2d4851a1d" relativeResultsDirectory="3f6f1d06-3215-467e-acfe-71dcc9c18e1e" />
    <UnitTestResult executionId="23929540-6a97-4fcb-80be-e5c24b8c041e" testId="3b9d6591-31cf-19b7-55e4-249936572a5d" testName="RackCad.Tests.I58F3SeamTests.Real_authorities_preserve_authored_across_the_complete_seam(mode: &quot;dynamic-custom&quot;, outcome: &quot;MixedUnreadable&quot;, reverse: False)" computerName="IMING-2" duration="00:00:00.0065611" startTime="2026-09-23T14:12:57.1568042-06:00" endTime="2026-09-23T14:12:57.1568046-06:00" testType="13cdc9d9-ddb5-4fa4-a97d-d965ccfc6d4b" outcome="Passed" testListId="8c84fa94-04c1-424b-9868-57a2d4851a1d" relativeResultsDirectory="23929540-6a97-4fcb-80be-e5c24b8c041e" />
    <UnitTestResult executionId="935b8a38-a996-4e9e-9d55-54b0855f43b6" testId="2eebb99e-66fe-4212-278d-f42f696067a9" testName="RackCad.Tests.I58F3SeamTests.Real_authorities_preserve_authored_across_the_complete_seam(mode: &quot;dynamic-custom&quot;, outcome: &quot;Unreadable&quot;, reverse: False)" computerName="IMING-2" duration="00:00:00.0055661" startTime="2026-09-23T14:12:57.2285749-06:00" endTime="2026-09-23T14:12:57.2285753-06:00" testType="13cdc9d9-ddb5-4fa4-a97d-d965ccfc6d4b" outcome="Passed" testListId="8c84fa94-04c1-424b-9868-57a2d4851a1d" relativeResultsDirectory="935b8a38-a996-4e9e-9d55-54b0855f43b6" />
    <UnitTestResult executionId="8b81d83b-b87d-468f-92f5-effa41fdbebc" testId="bfe0b889-cd13-2054-667a-50885adac840" testName="RackCad.Tests.I58F3SeamTests.Real_authorities_preserve_authored_across_the_complete_seam(mode: &quot;pushback-composite&quot;, outcome: &quot;Divergent&quot;, reverse: True)" computerName="IMING-2" duration="00:00:00.0154526" startTime="2026-09-23T14:12:57.1288506-06:00" endTime="2026-09-23T14:12:57.1288510-06:00" testType="13cdc9d9-ddb5-4fa4-a97d-d965ccfc6d4b" outcome="Passed" testListId="8c84fa94-04c1-424b-9868-57a2d4851a1d" relativeResultsDirectory="8b81d83b-b87d-468f-92f5-effa41fdbebc" />
    <UnitTestResult executionId="754495fd-7b14-49d9-9043-d722fc78638e" testId="d75278a1-3b4d-ef68-9c50-a98da6e3a1fc" testName="RackCad.Tests.I58F3SeamTests.Real_authorities_preserve_authored_across_the_complete_seam(mode: &quot;dynamic-positive&quot;, outcome: &quot;Single&quot;, reverse: False)" computerName="IMING-2" duration="00:00:00.0115492" startTime="2026-09-23T14:12:57.8930065-06:00" endTime="2026-09-23T14:12:57.8930071-06:00" testType="13cdc9d9-ddb5-4fa4-a97d-d965ccfc6d4b" outcome="Passed" testListId="8c84fa94-04c1-424b-9868-57a2d4851a1d" relativeResultsDirectory="754495fd-7b14-49d9-9043-d722fc78638e" />
    <UnitTestResult executionId="e6b306ed-ee1d-4eeb-9b76-f0276483b6fb" testId="dee4799b-7720-bdc1-34f5-af6e6789ab82" testName="RackCad.Tests.I58F3SeamTests.Real_authorities_preserve_authored_across_the_complete_seam(mode: &quot;cantilever&quot;, outcome: &quot;Unreadable&quot;, reverse: True)" computerName="IMING-2" duration="00:00:00.0052695" startTime="2026-09-23T14:12:57.1132580-06:00" endTime="2026-09-23T14:12:57.1132584-06:00" testType="13cdc9d9-ddb5-4fa4-a97d-d965ccfc6d4b" outcome="Passed" testListId="8c84fa94-04c1-424b-9868-57a2d4851a1d" relativeResultsDirectory="e6b306ed-ee1d-4eeb-9b76-f0276483b6fb" />
    <UnitTestResult executionId="046cc75c-c232-4bff-9290-44dbc3cbfc9a" testId="96aa4a6e-65b8-4b8d-e853-b7cfa047e8df" testName="RackCad.Tests.I58F3SeamTests.Real_authorities_preserve_authored_across_the_complete_seam(mode: &quot;pushback-composite&quot;, outcome: &quot;Unreadable&quot;, reverse: False)" computerName="IMING-2" duration="00:00:00.0110036" startTime="2026-09-23T14:12:57.2209122-06:00" endTime="2026-09-23T14:12:57.2209124-06:00" testType="13cdc9d9-ddb5-4fa4-a97d-d965ccfc6d4b" outcome="Passed" testListId="8c84fa94-04c1-424b-9868-57a2d4851a1d" relativeResultsDirectory="046cc75c-c232-4bff-9290-44dbc3cbfc9a" />
    <UnitTestResult executionId="3ca625c9-39c9-48b0-b62c-d691114be65c" testId="bdafd36d-57e5-c73f-b89e-6b3fef05be5d" testName="RackCad.Tests.I58F3SeamTests.Real_authorities_preserve_authored_across_the_complete_seam(mode: &quot;pushback-simple&quot;, outcome: &quot;Unreadable&quot;, reverse: True)" computerName="IMING-2" duration="00:00:00.0050745" startTime="2026-09-23T14:12:57.2453559-06:00" endTime="2026-09-23T14:12:57.2453562-06:00" testType="13cdc9d9-ddb5-4fa4-a97d-d965ccfc6d4b" outcome="Passed" testListId="8c84fa94-04c1-424b-9868-57a2d4851a1d" relativeResultsDirectory="3ca625c9-39c9-48b0-b62c-d691114be65c" />
    <UnitTestResult executionId="488fa340-3c8c-4e47-90fa-00c4c32e8029" testId="dc3cbb94-5ade-2f9b-fde5-a14ea6ab2c02" testName="RackCad.Tests.I58F3SeamTests.Real_authorities_preserve_authored_across_the_complete_seam(mode: &quot;pushback-composite&quot;, outcome: &quot;Unreadable&quot;, reverse: True)" computerName="IMING-2" duration="00:00:00.0280021" startTime="2026-09-23T14:12:57.7638162-06:00" endTime="2026-09-23T14:12:57.7638166-06:00" testType="13cdc9d9-ddb5-4fa4-a97d-d965ccfc6d4b" outcome="Passed" testListId="8c84fa94-04c1-424b-9868-57a2d4851a1d" relativeResultsDirectory="488fa340-3c8c-4e47-90fa-00c4c32e8029" />
    <UnitTestResult executionId="4711c98d-5056-4764-8620-07debdea4f21" testId="b74fb373-8d5b-b285-0555-1ed9ad6007d1" testName="RackCad.Tests.I58F3SeamTests.Real_authorities_preserve_authored_across_the_complete_seam(mode: &quot;cantilever&quot;, outcome: &quot;Divergent&quot;, reverse: True)" computerName="IMING-2" duration="00:00:00.0046822" startTime="2026-09-23T14:12:57.1889169-06:00" endTime="2026-09-23T14:12:57.1889171-06:00" testType="13cdc9d9-ddb5-4fa4-a97d-d965ccfc6d4b" outcome="Passed" testListId="8c84fa94-04c1-424b-9868-57a2d4851a1d" relativeResultsDirectory="4711c98d-5056-4764-8620-07debdea4f21" />
    <UnitTestResult executionId="5753ed0a-af43-41cf-a21d-255035a6ca78" testId="54c06764-d5a4-ddc5-98b9-5a3d160ad5ac" testName="RackCad.Tests.I58F3SeamTests.Real_authorities_preserve_authored_across_the_complete_seam(mode: &quot;cabecera&quot;, outcome: &quot;Divergent&quot;, reverse: True)" computerName="IMING-2" duration="00:00:00.0026598" startTime="2026-09-23T14:12:57.2098193-06:00" endTime="2026-09-23T14:12:57.2098199-06:00" testType="13cdc9d9-ddb5-4fa4-a97d-d965ccfc6d4b" outcome="Passed" testListId="8c84fa94-04c1-424b-9868-57a2d4851a1d" relativeResultsDirectory="5753ed0a-af43-41cf-a21d-255035a6ca78" />
    <UnitTestResult executionId="4c052997-494f-4b5c-a4bc-efcce57ed138" testId="9f7bf403-f66d-bc4a-e838-bb875b007df2" testName="RackCad.Tests.I58F3SeamTests.Real_authorities_preserve_authored_across_the_complete_seam(mode: &quot;pushback-simple&quot;, outcome: &quot;Single&quot;, reverse: True)" computerName="IMING-2" duration="00:00:00.0162214" startTime="2026-09-23T14:12:57.1078606-06:00" endTime="2026-09-23T14:12:57.1078617-06:00" testType="13cdc9d9-ddb5-4fa4-a97d-d965ccfc6d4b" outcome="Passed" testListId="8c84fa94-04c1-424b-9868-57a2d4851a1d" relativeResultsDirectory="4c052997-494f-4b5c-a4bc-efcce57ed138" />
    <UnitTestResult executionId="008b2061-1388-404d-bab5-9539beced610" testId="bad1749d-9277-acf6-a8de-ff225e5ae944" testName="RackCad.Tests.I58F3SeamTests.Real_authorities_preserve_authored_across_the_complete_seam(mode: &quot;cantilever&quot;, outcome: &quot;Single&quot;, reverse: False)" computerName="IMING-2" duration="00:00:00.3880032" startTime="2026-09-23T14:12:57.6335675-06:00" endTime="2026-09-23T14:12:57.6335682-06:00" testType="13cdc9d9-ddb5-4fa4-a97d-d965ccfc6d4b" outcome="Passed" testListId="8c84fa94-04c1-424b-9868-57a2d4851a1d" relativeResultsDirectory="008b2061-1388-404d-bab5-9539beced610" />
    <UnitTestResult executionId="1242134a-d285-46ff-ab48-00c7187dba9d" testId="b56fb751-a9ea-5c88-53b5-549b487bd633" testName="RackCad.Tests.I58F3SeamTests.Real_authorities_preserve_authored_across_the_complete_seam(mode: &quot;dynamic-positive&quot;, outcome: &quot;Single&quot;, reverse: True)" computerName="IMING-2" duration="00:00:00.0062331" startTime="2026-09-23T14:12:57.2036837-06:00" endTime="2026-09-23T14:12:57.2036840-06:00" testType="13cdc9d9-ddb5-4fa4-a97d-d965ccfc6d4b" outcome="Passed" testListId="8c84fa94-04c1-424b-9868-57a2d4851a1d" relativeResultsDirectory="1242134a-d285-46ff-ab48-00c7187dba9d" />
    <UnitTestResult executionId="47ca6fdd-8f35-4748-ac22-71236a555aca" testId="a6232144-fe5a-1b68-591e-8ef22664b0a8" testName="RackCad.Tests.I58F3SeamTests.Real_authorities_preserve_authored_across_the_complete_seam(mode: &quot;cabecera&quot;, outcome: &quot;Single&quot;, reverse: True)" computerName="IMING-2" duration="00:00:00.0175717" startTime="2026-09-23T14:12:57.0182541-06:00" endTime="2026-09-23T14:12:57.0182549-06:00" testType="13cdc9d9-ddb5-4fa4-a97d-d965ccfc6d4b" outcome="Passed" testListId="8c84fa94-04c1-424b-9868-57a2d4851a1d" relativeResultsDirectory="47ca6fdd-8f35-4748-ac22-71236a555aca" />
    <UnitTestResult executionId="81f33205-51b5-4f4e-82a3-21636d103372" testId="7d887cc4-70c3-10e7-2ad4-911f289bf87a" testName="RackCad.Tests.I58F3SeamTests.Real_authorities_preserve_authored_across_the_complete_seam(mode: &quot;dynamic-custom&quot;, outcome: &quot;Single&quot;, reverse: True)" computerName="IMING-2" duration="00:00:00.0082976" startTime="2026-09-23T14:12:57.1974543-06:00" endTime="2026-09-23T14:12:57.1974545-06:00" testType="13cdc9d9-ddb5-4fa4-a97d-d965ccfc6d4b" outcome="Passed" testListId="8c84fa94-04c1-424b-9868-57a2d4851a1d" relativeResultsDirectory="81f33205-51b5-4f4e-82a3-21636d103372" />
    <UnitTestResult executionId="57968679-d819-447f-bbfc-4ba5dd20dc01" testId="8b04f731-90a4-88e9-6ac2-30d7834c2adc" testName="RackCad.Tests.I58F3SeamTests.Real_authorities_preserve_authored_across_the_complete_seam(mode: &quot;dynamic&quot;, outcome: &quot;Single&quot;, reverse: False)" computerName="IMING-2" duration="00:00:00.0064706" startTime="2026-09-23T14:12:57.1841480-06:00" endTime="2026-09-23T14:12:57.1841483-06:00" testType="13cdc9d9-ddb5-4fa4-a97d-d965ccfc6d4b" outcome="Passed" testListId="8c84fa94-04c1-424b-9868-57a2d4851a1d" relativeResultsDirectory="57968679-d819-447f-bbfc-4ba5dd20dc01" />
    <UnitTestResult executionId="da2125cc-7006-4355-bf5f-d2b1045acf39" testId="afdba2ba-da6a-3419-48bf-beed7d1d83ea" testName="RackCad.Tests.I58F3SeamTests.Real_authorities_preserve_authored_across_the_complete_seam(mode: &quot;cantilever&quot;, outcome: &quot;MixedUnreadable&quot;, reverse: False)" computerName="IMING-2" duration="00:00:00.0032835" startTime="2026-09-23T14:12:57.2071305-06:00" endTime="2026-09-23T14:12:57.2071307-06:00" testType="13cdc9d9-ddb5-4fa4-a97d-d965ccfc6d4b" outcome="Passed" testListId="8c84fa94-04c1-424b-9868-57a2d4851a1d" relativeResultsDirectory="da2125cc-7006-4355-bf5f-d2b1045acf39" />
    <UnitTestResult executionId="c48bdb67-a376-4ee6-ab2a-1749219013c4" testId="ddefd3b9-623c-159f-47ac-036a5167787a" testName="RackCad.Tests.I58F3SeamTests.Real_authorities_preserve_authored_across_the_complete_seam(mode: &quot;dynamic-custom&quot;, outcome: &quot;Single&quot;, reverse: False)" computerName="IMING-2" duration="00:00:00.0118444" startTime="2026-09-23T14:12:57.7241742-06:00" endTime="2026-09-23T14:12:57.7241746-06:00" testType="13cdc9d9-ddb5-4fa4-a97d-d965ccfc6d4b" outcome="Passed" testListId="8c84fa94-04c1-424b-9868-57a2d4851a1d" relativeResultsDirectory="c48bdb67-a376-4ee6-ab2a-1749219013c4" />
  </Results>
  <TestDefinitions>
    <UnitTest name="RackCad.Tests.I58F3SeamTests.Real_authorities_preserve_authored_across_the_complete_seam(mode: &quot;cantilever&quot;, outcome: &quot;Single&quot;, reverse: False)" storage="c:\users\alejandra-mendoza\.codex\worktrees\architecture-shared-view-authored-comparators\tests\rackcad.tests\bin\debug\net8.0\rackcad.tests.dll" id="bad1749d-9277-acf6-a8de-ff225e5ae944">
      <Execution id="008b2061-1388-404d-bab5-9539beced610" />
      <TestMethod codeBase="C:\Users\alejandra-mendoza\.codex\worktrees\architecture-shared-view-authored-comparators\tests\RackCad.Tests\bin\Debug\net8.0\RackCad.Tests.dll" adapterTypeName="executor://xunit/VsTestRunner2/netcoreapp" className="RackCad.Tests.I58F3SeamTests" name="Real_authorities_preserve_authored_across_the_complete_seam" />
    </UnitTest>
    <UnitTest name="RackCad.Tests.I58F3SeamTests.Real_authorities_preserve_authored_across_the_complete_seam(mode: &quot;pushback-simple&quot;, outcome: &quot;Divergent&quot;, reverse: False)" storage="c:\users\alejandra-mendoza\.codex\worktrees\architecture-shared-view-authored-comparators\tests\rackcad.tests\bin\debug\net8.0\rackcad.tests.dll" id="904595fe-be55-f9a7-367e-f18d546796ad">
      <Execution id="15bc5112-4bc6-465c-a589-3a4027664264" />
      <TestMethod codeBase="C:\Users\alejandra-mendoza\.codex\worktrees\architecture-shared-view-authored-comparators\tests\RackCad.Tests\bin\Debug\net8.0\RackCad.Tests.dll" adapterTypeName="executor://xunit/VsTestRunner2/netcoreapp" className="RackCad.Tests.I58F3SeamTests" name="Real_authorities_preserve_authored_across_the_complete_seam" />
    </UnitTest>
    <UnitTest name="RackCad.Tests.I58F3SeamTests.Real_authorities_preserve_authored_across_the_complete_seam(mode: &quot;dynamic-custom&quot;, outcome: &quot;Divergent&quot;, reverse: False)" storage="c:\users\alejandra-mendoza\.codex\worktrees\architecture-shared-view-authored-comparators\tests\rackcad.tests\bin\debug\net8.0\rackcad.tests.dll" id="8d79305b-3637-fbd2-b2bf-4388a666b5e7">
      <Execution id="6eacf4d7-effb-472a-aca9-c855aee7f845" />
      <TestMethod codeBase="C:\Users\alejandra-mendoza\.codex\worktrees\architecture-shared-view-authored-comparators\tests\RackCad.Tests\bin\Debug\net8.0\RackCad.Tests.dll" adapterTypeName="executor://xunit/VsTestRunner2/netcoreapp" className="RackCad.Tests.I58F3SeamTests" name="Real_authorities_preserve_authored_across_the_complete_seam" />
    </UnitTest>
    <UnitTest name="RackCad.Tests.I58F3SeamTests.Real_authorities_preserve_authored_across_the_complete_seam(mode: &quot;pushback-composite&quot;, outcome: &quot;Single&quot;, reverse: False)" storage="c:\users\alejandra-mendoza\.codex\worktrees\architecture-shared-view-authored-comparators\tests\rackcad.tests\bin\debug\net8.0\rackcad.tests.dll" id="65c547a5-ea71-d346-ee03-2c7fa15f5057">
      <Execution id="3f6f1d06-3215-467e-acfe-71dcc9c18e1e" />
      <TestMethod codeBase="C:\Users\alejandra-mendoza\.codex\worktrees\architecture-shared-view-authored-comparators\tests\RackCad.Tests\bin\Debug\net8.0\RackCad.Tests.dll" adapterTypeName="executor://xunit/VsTestRunner2/netcoreapp" className="RackCad.Tests.I58F3SeamTests" name="Real_authorities_preserve_authored_across_the_complete_seam" />
    </UnitTest>
    <UnitTest name="RackCad.Tests.I58F3SeamTests.Real_authorities_preserve_authored_across_the_complete_seam(mode: &quot;dynamic&quot;, outcome: &quot;MixedUnreadable&quot;, reverse: True)" storage="c:\users\alejandra-mendoza\.codex\worktrees\architecture-shared-view-authored-comparators\tests\rackcad.tests\bin\debug\net8.0\rackcad.tests.dll" id="fe5f0d86-dffb-8a2e-e84a-d886d4ca1d78">
      <Execution id="32570904-a799-4a4d-9a4e-107c63330724" />
      <TestMethod codeBase="C:\Users\alejandra-mendoza\.codex\worktrees\architecture-shared-view-authored-comparators\tests\RackCad.Tests\bin\Debug\net8.0\RackCad.Tests.dll" adapterTypeName="executor://xunit/VsTestRunner2/netcoreapp" className="RackCad.Tests.I58F3SeamTests" name="Real_authorities_preserve_authored_across_the_complete_seam" />
    </UnitTest>
    <UnitTest name="RackCad.Tests.I58F3SeamTests.Real_authorities_preserve_authored_across_the_complete_seam(mode: &quot;dynamic-custom&quot;, outcome: &quot;Unreadable&quot;, reverse: True)" storage="c:\users\alejandra-mendoza\.codex\worktrees\architecture-shared-view-authored-comparators\tests\rackcad.tests\bin\debug\net8.0\rackcad.tests.dll" id="bb3e6953-427f-c2c7-663b-4fd2a41467ea">
      <Execution id="ac9788d2-abce-4886-9c43-a8e91d553513" />
      <TestMethod codeBase="C:\Users\alejandra-mendoza\.codex\worktrees\architecture-shared-view-authored-comparators\tests\RackCad.Tests\bin\Debug\net8.0\RackCad.Tests.dll" adapterTypeName="executor://xunit/VsTestRunner2/netcoreapp" className="RackCad.Tests.I58F3SeamTests" name="Real_authorities_preserve_authored_across_the_complete_seam" />
    </UnitTest>
    <UnitTest name="RackCad.Tests.I58F3SeamTests.Real_authorities_preserve_authored_across_the_complete_seam(mode: &quot;pushback-composite&quot;, outcome: &quot;MixedUnreadable&quot;, reverse: True)" storage="c:\users\alejandra-mendoza\.codex\worktrees\architecture-shared-view-authored-comparators\tests\rackcad.tests\bin\debug\net8.0\rackcad.tests.dll" id="d18e189b-2f33-5daf-54f8-6aed548ea556">
      <Execution id="2453a92b-0123-492e-a59f-257e5c2dbad9" />
      <TestMethod codeBase="C:\Users\alejandra-mendoza\.codex\worktrees\architecture-shared-view-authored-comparators\tests\RackCad.Tests\bin\Debug\net8.0\RackCad.Tests.dll" adapterTypeName="executor://xunit/VsTestRunner2/netcoreapp" className="RackCad.Tests.I58F3SeamTests" name="Real_authorities_preserve_authored_across_the_complete_seam" />
    </UnitTest>
    <UnitTest name="RackCad.Tests.I58F3SeamTests.Real_authorities_preserve_authored_across_the_complete_seam(mode: &quot;cabecera&quot;, outcome: &quot;Unreadable&quot;, reverse: False)" storage="c:\users\alejandra-mendoza\.codex\worktrees\architecture-shared-view-authored-comparators\tests\rackcad.tests\bin\debug\net8.0\rackcad.tests.dll" id="c1455b2f-e140-13f3-96c9-20468e23c259">
      <Execution id="fe18fb31-8df7-44d8-9225-596dec4dedc3" />
      <TestMethod codeBase="C:\Users\alejandra-mendoza\.codex\worktrees\architecture-shared-view-authored-comparators\tests\RackCad.Tests\bin\Debug\net8.0\RackCad.Tests.dll" adapterTypeName="executor://xunit/VsTestRunner2/netcoreapp" className="RackCad.Tests.I58F3SeamTests" name="Real_authorities_preserve_authored_across_the_complete_seam" />
    </UnitTest>
    <UnitTest name="RackCad.Tests.I58F3SeamTests.Real_authorities_preserve_authored_across_the_complete_seam(mode: &quot;pushback-composite&quot;, outcome: &quot;Unreadable&quot;, reverse: False)" storage="c:\users\alejandra-mendoza\.codex\worktrees\architecture-shared-view-authored-comparators\tests\rackcad.tests\bin\debug\net8.0\rackcad.tests.dll" id="96aa4a6e-65b8-4b8d-e853-b7cfa047e8df">
      <Execution id="046cc75c-c232-4bff-9290-44dbc3cbfc9a" />
      <TestMethod codeBase="C:\Users\alejandra-mendoza\.codex\worktrees\architecture-shared-view-authored-comparators\tests\RackCad.Tests\bin\Debug\net8.0\RackCad.Tests.dll" adapterTypeName="executor://xunit/VsTestRunner2/netcoreapp" className="RackCad.Tests.I58F3SeamTests" name="Real_authorities_preserve_authored_across_the_complete_seam" />
    </UnitTest>
    <UnitTest name="RackCad.Tests.I58F3SeamTests.Real_authorities_preserve_authored_across_the_complete_seam(mode: &quot;dynamic&quot;, outcome: &quot;Single&quot;, reverse: False)" storage="c:\users\alejandra-mendoza\.codex\worktrees\architecture-shared-view-authored-comparators\tests\rackcad.tests\bin\debug\net8.0\rackcad.tests.dll" id="8b04f731-90a4-88e9-6ac2-30d7834c2adc">
      <Execution id="57968679-d819-447f-bbfc-4ba5dd20dc01" />
      <TestMethod codeBase="C:\Users\alejandra-mendoza\.codex\worktrees\architecture-shared-view-authored-comparators\tests\RackCad.Tests\bin\Debug\net8.0\RackCad.Tests.dll" adapterTypeName="executor://xunit/VsTestRunner2/netcoreapp" className="RackCad.Tests.I58F3SeamTests" name="Real_authorities_preserve_authored_across_the_complete_seam" />
    </UnitTest>
    <UnitTest name="RackCad.Tests.I58F3SeamTests.Real_authorities_preserve_authored_across_the_complete_seam(mode: &quot;cabecera&quot;, outcome: &quot;MixedUnreadable&quot;, reverse: True)" storage="c:\users\alejandra-mendoza\.codex\worktrees\architecture-shared-view-authored-comparators\tests\rackcad.tests\bin\debug\net8.0\rackcad.tests.dll" id="83ef3279-9d75-8325-3df2-e577b3ea7f37">
      <Execution id="1121c375-f89a-464d-8209-c225f5c14348" />
      <TestMethod codeBase="C:\Users\alejandra-mendoza\.codex\worktrees\architecture-shared-view-authored-comparators\tests\RackCad.Tests\bin\Debug\net8.0\RackCad.Tests.dll" adapterTypeName="executor://xunit/VsTestRunner2/netcoreapp" className="RackCad.Tests.I58F3SeamTests" name="Real_authorities_preserve_authored_across_the_complete_seam" />
    </UnitTest>
    <UnitTest name="RackCad.Tests.I58F3SeamTests.Real_authorities_preserve_authored_across_the_complete_seam(mode: &quot;pushback-simple&quot;, outcome: &quot;Unreadable&quot;, reverse: False)" storage="c:\users\alejandra-mendoza\.codex\worktrees\architecture-shared-view-authored-comparators\tests\rackcad.tests\bin\debug\net8.0\rackcad.tests.dll" id="d3542065-b64f-5eb6-d26b-90cf40cb49c8">
      <Execution id="8e3735ab-77a5-4fb2-9413-bc78b54958fa" />
      <TestMethod codeBase="C:\Users\alejandra-mendoza\.codex\worktrees\architecture-shared-view-authored-comparators\tests\RackCad.Tests\bin\Debug\net8.0\RackCad.Tests.dll" adapterTypeName="executor://xunit/VsTestRunner2/netcoreapp" className="RackCad.Tests.I58F3SeamTests" name="Real_authorities_preserve_authored_across_the_complete_seam" />
    </UnitTest>
    <UnitTest name="RackCad.Tests.I58F3SeamTests.Real_authorities_preserve_authored_across_the_complete_seam(mode: &quot;dynamic-custom&quot;, outcome: &quot;MixedUnreadable&quot;, reverse: False)" storage="c:\users\alejandra-mendoza\.codex\worktrees\architecture-shared-view-authored-comparators\tests\rackcad.tests\bin\debug\net8.0\rackcad.tests.dll" id="3b9d6591-31cf-19b7-55e4-249936572a5d">
      <Execution id="23929540-6a97-4fcb-80be-e5c24b8c041e" />
      <TestMethod codeBase="C:\Users\alejandra-mendoza\.codex\worktrees\architecture-shared-view-authored-comparators\tests\RackCad.Tests\bin\Debug\net8.0\RackCad.Tests.dll" adapterTypeName="executor://xunit/VsTestRunner2/netcoreapp" className="RackCad.Tests.I58F3SeamTests" name="Real_authorities_preserve_authored_across_the_complete_seam" />
    </UnitTest>
    <UnitTest name="RackCad.Tests.I58F3SeamTests.Real_authorities_preserve_authored_across_the_complete_seam(mode: &quot;dynamic&quot;, outcome: &quot;MixedUnreadable&quot;, reverse: False)" storage="c:\users\alejandra-mendoza\.codex\worktrees\architecture-shared-view-authored-comparators\tests\rackcad.tests\bin\debug\net8.0\rackcad.tests.dll" id="80fb6728-27b8-1bc2-b8eb-8e13d68bed8a">
      <Execution id="09b45772-319c-4472-a3c2-ac549b1c0144" />
      <TestMethod codeBase="C:\Users\alejandra-mendoza\.codex\worktrees\architecture-shared-view-authored-comparators\tests\RackCad.Tests\bin\Debug\net8.0\RackCad.Tests.dll" adapterTypeName="executor://xunit/VsTestRunner2/netcoreapp" className="RackCad.Tests.I58F3SeamTests" name="Real_authorities_preserve_authored_across_the_complete_seam" />
    </UnitTest>
    <UnitTest name="RackCad.Tests.I58F3SeamTests.Real_authorities_preserve_authored_across_the_complete_seam(mode: &quot;pushback-composite&quot;, outcome: &quot;MixedUnreadable&quot;, reverse: False)" storage="c:\users\alejandra-mendoza\.codex\worktrees\architecture-shared-view-authored-comparators\tests\rackcad.tests\bin\debug\net8.0\rackcad.tests.dll" id="1d2e8994-3991-0732-edbd-77955bff352c">
      <Execution id="20f4606f-9868-4dfb-948c-3d4eca3fe327" />
      <TestMethod codeBase="C:\Users\alejandra-mendoza\.codex\worktrees\architecture-shared-view-authored-comparators\tests\RackCad.Tests\bin\Debug\net8.0\RackCad.Tests.dll" adapterTypeName="executor://xunit/VsTestRunner2/netcoreapp" className="RackCad.Tests.I58F3SeamTests" name="Real_authorities_preserve_authored_across_the_complete_seam" />
    </UnitTest>
    <UnitTest name="RackCad.Tests.I58F3SeamTests.Real_authorities_preserve_authored_across_the_complete_seam(mode: &quot;dynamic-positive&quot;, outcome: &quot;Unreadable&quot;, reverse: False)" storage="c:\users\alejandra-mendoza\.codex\worktrees\architecture-shared-view-authored-comparators\tests\rackcad.tests\bin\debug\net8.0\rackcad.tests.dll" id="43cb8356-a8a8-afd0-3d3f-f286dcac4991">
      <Execution id="464fbfb0-a2fd-4d99-97a4-7364d9f1ceb0" />
      <TestMethod codeBase="C:\Users\alejandra-mendoza\.codex\worktrees\architecture-shared-view-authored-comparators\tests\RackCad.Tests\bin\Debug\net8.0\RackCad.Tests.dll" adapterTypeName="executor://xunit/VsTestRunner2/netcoreapp" className="RackCad.Tests.I58F3SeamTests" name="Real_authorities_preserve_authored_across_the_complete_seam" />
    </UnitTest>
    <UnitTest name="RackCad.Tests.I58F3SeamTests.Real_authorities_preserve_authored_across_the_complete_seam(mode: &quot;cantilever&quot;, outcome: &quot;Divergent&quot;, reverse: True)" storage="c:\users\alejandra-mendoza\.codex\worktrees\architecture-shared-view-authored-comparators\tests\rackcad.tests\bin\debug\net8.0\rackcad.tests.dll" id="b74fb373-8d5b-b285-0555-1ed9ad6007d1">
      <Execution id="4711c98d-5056-4764-8620-07debdea4f21" />
      <TestMethod codeBase="C:\Users\alejandra-mendoza\.codex\worktrees\architecture-shared-view-authored-comparators\tests\RackCad.Tests\bin\Debug\net8.0\RackCad.Tests.dll" adapterTypeName="executor://xunit/VsTestRunner2/netcoreapp" className="RackCad.Tests.I58F3SeamTests" name="Real_authorities_preserve_authored_across_the_complete_seam" />
    </UnitTest>
    <UnitTest name="RackCad.Tests.I58F3SeamTests.Real_authorities_preserve_authored_across_the_complete_seam(mode: &quot;dynamic-custom&quot;, outcome: &quot;MixedUnreadable&quot;, reverse: True)" storage="c:\users\alejandra-mendoza\.codex\worktrees\architecture-shared-view-authored-comparators\tests\rackcad.tests\bin\debug\net8.0\rackcad.tests.dll" id="3c046a08-4a1c-09bd-105b-bbe888d24724">
      <Execution id="153dd68a-c7e6-483c-8bb4-d9a172aded8c" />
      <TestMethod codeBase="C:\Users\alejandra-mendoza\.codex\worktrees\architecture-shared-view-authored-comparators\tests\RackCad.Tests\bin\Debug\net8.0\RackCad.Tests.dll" adapterTypeName="executor://xunit/VsTestRunner2/netcoreapp" className="RackCad.Tests.I58F3SeamTests" name="Real_authorities_preserve_authored_across_the_complete_seam" />
    </UnitTest>
    <UnitTest name="RackCad.Tests.I58F3SeamTests.Real_authorities_preserve_authored_across_the_complete_seam(mode: &quot;dynamic-positive&quot;, outcome: &quot;Divergent&quot;, reverse: True)" storage="c:\users\alejandra-mendoza\.codex\worktrees\architecture-shared-view-authored-comparators\tests\rackcad.tests\bin\debug\net8.0\rackcad.tests.dll" id="5ca8fc80-db81-620a-c5e2-717aa6213b7a">
      <Execution id="a50dcf54-34b5-4c59-b33b-4a065304c01b" />
      <TestMethod codeBase="C:\Users\alejandra-mendoza\.codex\worktrees\architecture-shared-view-authored-comparators\tests\RackCad.Tests\bin\Debug\net8.0\RackCad.Tests.dll" adapterTypeName="executor://xunit/VsTestRunner2/netcoreapp" className="RackCad.Tests.I58F3SeamTests" name="Real_authorities_preserve_authored_across_the_complete_seam" />
    </UnitTest>
    <UnitTest name="RackCad.Tests.I58F3SeamTests.Real_authorities_preserve_authored_across_the_complete_seam(mode: &quot;cantilever&quot;, outcome: &quot;Unreadable&quot;, reverse: False)" storage="c:\users\alejandra-mendoza\.codex\worktrees\architecture-shared-view-authored-comparators\tests\rackcad.tests\bin\debug\net8.0\rackcad.tests.dll" id="8d626fda-8251-abc6-7f7a-4fdd71fdaa25">
      <Execution id="c00ea34c-efb0-4469-b155-ecb00a80f165" />
      <TestMethod codeBase="C:\Users\alejandra-mendoza\.codex\worktrees\architecture-shared-view-authored-comparators\tests\RackCad.Tests\bin\Debug\net8.0\RackCad.Tests.dll" adapterTypeName="executor://xunit/VsTestRunner2/netcoreapp" className="RackCad.Tests.I58F3SeamTests" name="Real_authorities_preserve_authored_across_the_complete_seam" />
    </UnitTest>
    <UnitTest name="RackCad.Tests.I58F3SeamTests.Real_authorities_preserve_authored_across_the_complete_seam(mode: &quot;dynamic&quot;, outcome: &quot;Unreadable&quot;, reverse: True)" storage="c:\users\alejandra-mendoza\.codex\worktrees\architecture-shared-view-authored-comparators\tests\rackcad.tests\bin\debug\net8.0\rackcad.tests.dll" id="96a23857-6866-941a-9797-9d288fb36942">
      <Execution id="c439a048-0f31-454d-aea3-ca2e50b78ee5" />
      <TestMethod codeBase="C:\Users\alejandra-mendoza\.codex\worktrees\architecture-shared-view-authored-comparators\tests\RackCad.Tests\bin\Debug\net8.0\RackCad.Tests.dll" adapterTypeName="executor://xunit/VsTestRunner2/netcoreapp" className="RackCad.Tests.I58F3SeamTests" name="Real_authorities_preserve_authored_across_the_complete_seam" />
    </UnitTest>
    <UnitTest name="RackCad.Tests.I58F3SeamTests.Real_authorities_preserve_authored_across_the_complete_seam(mode: &quot;dynamic&quot;, outcome: &quot;Divergent&quot;, reverse: False)" storage="c:\users\alejandra-mendoza\.codex\worktrees\architecture-shared-view-authored-comparators\tests\rackcad.tests\bin\debug\net8.0\rackcad.tests.dll" id="69dee854-138f-644c-4849-ff0f0adb4d30">
      <Execution id="89343984-6aa9-41f1-8290-74d2c2db1150" />
      <TestMethod codeBase="C:\Users\alejandra-mendoza\.codex\worktrees\architecture-shared-view-authored-comparators\tests\RackCad.Tests\bin\Debug\net8.0\RackCad.Tests.dll" adapterTypeName="executor://xunit/VsTestRunner2/netcoreapp" className="RackCad.Tests.I58F3SeamTests" name="Real_authorities_preserve_authored_across_the_complete_seam" />
    </UnitTest>
    <UnitTest name="RackCad.Tests.I58F3SeamTests.Real_authorities_preserve_authored_across_the_complete_seam(mode: &quot;pushback-composite&quot;, outcome: &quot;Single&quot;, reverse: True)" storage="c:\users\alejandra-mendoza\.codex\worktrees\architecture-shared-view-authored-comparators\tests\rackcad.tests\bin\debug\net8.0\rackcad.tests.dll" id="28c6fde1-e393-1d52-cdeb-e1f16f1786b6">
      <Execution id="dfdf40c7-6936-4bf7-8214-719a08cefff7" />
      <TestMethod codeBase="C:\Users\alejandra-mendoza\.codex\worktrees\architecture-shared-view-authored-comparators\tests\RackCad.Tests\bin\Debug\net8.0\RackCad.Tests.dll" adapterTypeName="executor://xunit/VsTestRunner2/netcoreapp" className="RackCad.Tests.I58F3SeamTests" name="Real_authorities_preserve_authored_across_the_complete_seam" />
    </UnitTest>
    <UnitTest name="RackCad.Tests.I58F3SeamTests.Real_authorities_preserve_authored_across_the_complete_seam(mode: &quot;dynamic&quot;, outcome: &quot;Unreadable&quot;, reverse: False)" storage="c:\users\alejandra-mendoza\.codex\worktrees\architecture-shared-view-authored-comparators\tests\rackcad.tests\bin\debug\net8.0\rackcad.tests.dll" id="86af406a-7b22-9107-660a-87419184a0e7">
      <Execution id="11b04162-e1e6-4537-8f3b-b6fe17da4476" />
      <TestMethod codeBase="C:\Users\alejandra-mendoza\.codex\worktrees\architecture-shared-view-authored-comparators\tests\RackCad.Tests\bin\Debug\net8.0\RackCad.Tests.dll" adapterTypeName="executor://xunit/VsTestRunner2/netcoreapp" className="RackCad.Tests.I58F3SeamTests" name="Real_authorities_preserve_authored_across_the_complete_seam" />
    </UnitTest>
    <UnitTest name="RackCad.Tests.I58F3SeamTests.Real_authorities_preserve_authored_across_the_complete_seam(mode: &quot;cabecera&quot;, outcome: &quot;Divergent&quot;, reverse: False)" storage="c:\users\alejandra-mendoza\.codex\worktrees\architecture-shared-view-authored-comparators\tests\rackcad.tests\bin\debug\net8.0\rackcad.tests.dll" id="5fba96b0-9372-1e70-e6f8-496712b49e63">
      <Execution id="0364b64a-d5ed-419a-a9f4-485276444978" />
      <TestMethod codeBase="C:\Users\alejandra-mendoza\.codex\worktrees\architecture-shared-view-authored-comparators\tests\RackCad.Tests\bin\Debug\net8.0\RackCad.Tests.dll" adapterTypeName="executor://xunit/VsTestRunner2/netcoreapp" className="RackCad.Tests.I58F3SeamTests" name="Real_authorities_preserve_authored_across_the_complete_seam" />
    </UnitTest>
    <UnitTest name="RackCad.Tests.I58F3SeamTests.Real_authorities_preserve_authored_across_the_complete_seam(mode: &quot;cantilever&quot;, outcome: &quot;Single&quot;, reverse: True)" storage="c:\users\alejandra-mendoza\.codex\worktrees\architecture-shared-view-authored-comparators\tests\rackcad.tests\bin\debug\net8.0\rackcad.tests.dll" id="48d4e741-b063-b6c6-9663-fdfd550c6f8d">
      <Execution id="dc5aa4e2-369f-4bcf-8962-bb3e2191bfbf" />
      <TestMethod codeBase="C:\Users\alejandra-mendoza\.codex\worktrees\architecture-shared-view-authored-comparators\tests\RackCad.Tests\bin\Debug\net8.0\RackCad.Tests.dll" adapterTypeName="executor://xunit/VsTestRunner2/netcoreapp" className="RackCad.Tests.I58F3SeamTests" name="Real_authorities_preserve_authored_across_the_complete_seam" />
    </UnitTest>
    <UnitTest name="RackCad.Tests.I58F3SeamTests.Real_authorities_preserve_authored_across_the_complete_seam(mode: &quot;dynamic-positive&quot;, outcome: &quot;Single&quot;, reverse: False)" storage="c:\users\alejandra-mendoza\.codex\worktrees\architecture-shared-view-authored-comparators\tests\rackcad.tests\bin\debug\net8.0\rackcad.tests.dll" id="d75278a1-3b4d-ef68-9c50-a98da6e3a1fc">
      <Execution id="754495fd-7b14-49d9-9043-d722fc78638e" />
      <TestMethod codeBase="C:\Users\alejandra-mendoza\.codex\worktrees\architecture-shared-view-authored-comparators\tests\RackCad.Tests\bin\Debug\net8.0\RackCad.Tests.dll" adapterTypeName="executor://xunit/VsTestRunner2/netcoreapp" className="RackCad.Tests.I58F3SeamTests" name="Real_authorities_preserve_authored_across_the_complete_seam" />
    </UnitTest>
    <UnitTest name="RackCad.Tests.I58F3SeamTests.Real_authorities_preserve_authored_across_the_complete_seam(mode: &quot;dynamic-positive&quot;, outcome: &quot;MixedUnreadable&quot;, reverse: False)" storage="c:\users\alejandra-mendoza\.codex\worktrees\architecture-shared-view-authored-comparators\tests\rackcad.tests\bin\debug\net8.0\rackcad.tests.dll" id="928844c7-d491-6658-8829-fa98ef0024dd">
      <Execution id="391818ba-bf55-4c89-991b-3f5f798e380d" />
      <TestMethod codeBase="C:\Users\alejandra-mendoza\.codex\worktrees\architecture-shared-view-authored-comparators\tests\RackCad.Tests\bin\Debug\net8.0\RackCad.Tests.dll" adapterTypeName="executor://xunit/VsTestRunner2/netcoreapp" className="RackCad.Tests.I58F3SeamTests" name="Real_authorities_preserve_authored_across_the_complete_seam" />
    </UnitTest>
    <UnitTest name="RackCad.Tests.I58F3SeamTests.Real_authorities_preserve_authored_across_the_complete_seam(mode: &quot;dynamic-custom&quot;, outcome: &quot;Single&quot;, reverse: True)" storage="c:\users\alejandra-mendoza\.codex\worktrees\architecture-shared-view-authored-comparators\tests\rackcad.tests\bin\debug\net8.0\rackcad.tests.dll" id="7d887cc4-70c3-10e7-2ad4-911f289bf87a">
      <Execution id="81f33205-51b5-4f4e-82a3-21636d103372" />
      <TestMethod codeBase="C:\Users\alejandra-mendoza\.codex\worktrees\architecture-shared-view-authored-comparators\tests\RackCad.Tests\bin\Debug\net8.0\RackCad.Tests.dll" adapterTypeName="executor://xunit/VsTestRunner2/netcoreapp" className="RackCad.Tests.I58F3SeamTests" name="Real_authorities_preserve_authored_across_the_complete_seam" />
    </UnitTest>
    <UnitTest name="RackCad.Tests.I58F3SeamTests.Real_authorities_preserve_authored_across_the_complete_seam(mode: &quot;dynamic-positive&quot;, outcome: &quot;Single&quot;, reverse: True)" storage="c:\users\alejandra-mendoza\.codex\worktrees\architecture-shared-view-authored-comparators\tests\rackcad.tests\bin\debug\net8.0\rackcad.tests.dll" id="b56fb751-a9ea-5c88-53b5-549b487bd633">
      <Execution id="1242134a-d285-46ff-ab48-00c7187dba9d" />
      <TestMethod codeBase="C:\Users\alejandra-mendoza\.codex\worktrees\architecture-shared-view-authored-comparators\tests\RackCad.Tests\bin\Debug\net8.0\RackCad.Tests.dll" adapterTypeName="executor://xunit/VsTestRunner2/netcoreapp" className="RackCad.Tests.I58F3SeamTests" name="Real_authorities_preserve_authored_across_the_complete_seam" />
    </UnitTest>
    <UnitTest name="RackCad.Tests.I58F3SeamTests.Real_authorities_preserve_authored_across_the_complete_seam(mode: &quot;cabecera&quot;, outcome: &quot;Single&quot;, reverse: True)" storage="c:\users\alejandra-mendoza\.codex\worktrees\architecture-shared-view-authored-comparators\tests\rackcad.tests\bin\debug\net8.0\rackcad.tests.dll" id="a6232144-fe5a-1b68-591e-8ef22664b0a8">
      <Execution id="47ca6fdd-8f35-4748-ac22-71236a555aca" />
      <TestMethod codeBase="C:\Users\alejandra-mendoza\.codex\worktrees\architecture-shared-view-authored-comparators\tests\RackCad.Tests\bin\Debug\net8.0\RackCad.Tests.dll" adapterTypeName="executor://xunit/VsTestRunner2/netcoreapp" className="RackCad.Tests.I58F3SeamTests" name="Real_authorities_preserve_authored_across_the_complete_seam" />
    </UnitTest>
    <UnitTest name="RackCad.Tests.I58F3SeamTests.Real_authorities_preserve_authored_across_the_complete_seam(mode: &quot;pushback-composite&quot;, outcome: &quot;Unreadable&quot;, reverse: True)" storage="c:\users\alejandra-mendoza\.codex\worktrees\architecture-shared-view-authored-comparators\tests\rackcad.tests\bin\debug\net8.0\rackcad.tests.dll" id="dc3cbb94-5ade-2f9b-fde5-a14ea6ab2c02">
      <Execution id="488fa340-3c8c-4e47-90fa-00c4c32e8029" />
      <TestMethod codeBase="C:\Users\alejandra-mendoza\.codex\worktrees\architecture-shared-view-authored-comparators\tests\RackCad.Tests\bin\Debug\net8.0\RackCad.Tests.dll" adapterTypeName="executor://xunit/VsTestRunner2/netcoreapp" className="RackCad.Tests.I58F3SeamTests" name="Real_authorities_preserve_authored_across_the_complete_seam" />
    </UnitTest>
    <UnitTest name="RackCad.Tests.I58F3SeamTests.Real_authorities_preserve_authored_across_the_complete_seam(mode: &quot;pushback-simple&quot;, outcome: &quot;Unreadable&quot;, reverse: True)" storage="c:\users\alejandra-mendoza\.codex\worktrees\architecture-shared-view-authored-comparators\tests\rackcad.tests\bin\debug\net8.0\rackcad.tests.dll" id="bdafd36d-57e5-c73f-b89e-6b3fef05be5d">
      <Execution id="3ca625c9-39c9-48b0-b62c-d691114be65c" />
      <TestMethod codeBase="C:\Users\alejandra-mendoza\.codex\worktrees\architecture-shared-view-authored-comparators\tests\RackCad.Tests\bin\Debug\net8.0\RackCad.Tests.dll" adapterTypeName="executor://xunit/VsTestRunner2/netcoreapp" className="RackCad.Tests.I58F3SeamTests" name="Real_authorities_preserve_authored_across_the_complete_seam" />
    </UnitTest>
    <UnitTest name="RackCad.Tests.I58F3SeamTests.Real_authorities_preserve_authored_across_the_complete_seam(mode: &quot;cantilever&quot;, outcome: &quot;MixedUnreadable&quot;, reverse: False)" storage="c:\users\alejandra-mendoza\.codex\worktrees\architecture-shared-view-authored-comparators\tests\rackcad.tests\bin\debug\net8.0\rackcad.tests.dll" id="afdba2ba-da6a-3419-48bf-beed7d1d83ea">
      <Execution id="da2125cc-7006-4355-bf5f-d2b1045acf39" />
      <TestMethod codeBase="C:\Users\alejandra-mendoza\.codex\worktrees\architecture-shared-view-authored-comparators\tests\RackCad.Tests\bin\Debug\net8.0\RackCad.Tests.dll" adapterTypeName="executor://xunit/VsTestRunner2/netcoreapp" className="RackCad.Tests.I58F3SeamTests" name="Real_authorities_preserve_authored_across_the_complete_seam" />
    </UnitTest>
    <UnitTest name="RackCad.Tests.I58F3SeamTests.Real_authorities_preserve_authored_across_the_complete_seam(mode: &quot;dynamic-custom&quot;, outcome: &quot;Divergent&quot;, reverse: True)" storage="c:\users\alejandra-mendoza\.codex\worktrees\architecture-shared-view-authored-comparators\tests\rackcad.tests\bin\debug\net8.0\rackcad.tests.dll" id="3d2e0d6d-8da6-37c6-078c-bff67fd6a607">
      <Execution id="537bab40-12ca-4a6c-90ef-cdfd74e26e0d" />
      <TestMethod codeBase="C:\Users\alejandra-mendoza\.codex\worktrees\architecture-shared-view-authored-comparators\tests\RackCad.Tests\bin\Debug\net8.0\RackCad.Tests.dll" adapterTypeName="executor://xunit/VsTestRunner2/netcoreapp" className="RackCad.Tests.I58F3SeamTests" name="Real_authorities_preserve_authored_across_the_complete_seam" />
    </UnitTest>
    <UnitTest name="RackCad.Tests.I58F3SeamTests.Real_authorities_preserve_authored_across_the_complete_seam(mode: &quot;dynamic&quot;, outcome: &quot;Single&quot;, reverse: True)" storage="c:\users\alejandra-mendoza\.codex\worktrees\architecture-shared-view-authored-comparators\tests\rackcad.tests\bin\debug\net8.0\rackcad.tests.dll" id="0c6c792c-fe20-1642-8c07-b2fcf008cca8">
      <Execution id="35f6c98e-d7bc-4629-b7a9-a2ad51720f05" />
      <TestMethod codeBase="C:\Users\alejandra-mendoza\.codex\worktrees\architecture-shared-view-authored-comparators\tests\RackCad.Tests\bin\Debug\net8.0\RackCad.Tests.dll" adapterTypeName="executor://xunit/VsTestRunner2/netcoreapp" className="RackCad.Tests.I58F3SeamTests" name="Real_authorities_preserve_authored_across_the_complete_seam" />
    </UnitTest>
    <UnitTest name="RackCad.Tests.I58F3SeamTests.Real_authorities_preserve_authored_across_the_complete_seam(mode: &quot;pushback-composite&quot;, outcome: &quot;Divergent&quot;, reverse: True)" storage="c:\users\alejandra-mendoza\.codex\worktrees\architecture-shared-view-authored-comparators\tests\rackcad.tests\bin\debug\net8.0\rackcad.tests.dll" id="bfe0b889-cd13-2054-667a-50885adac840">
      <Execution id="8b81d83b-b87d-468f-92f5-effa41fdbebc" />
      <TestMethod codeBase="C:\Users\alejandra-mendoza\.codex\worktrees\architecture-shared-view-authored-comparators\tests\RackCad.Tests\bin\Debug\net8.0\RackCad.Tests.dll" adapterTypeName="executor://xunit/VsTestRunner2/netcoreapp" className="RackCad.Tests.I58F3SeamTests" name="Real_authorities_preserve_authored_across_the_complete_seam" />
    </UnitTest>
    <UnitTest name="RackCad.Tests.I58F3SeamTests.Real_authorities_preserve_authored_across_the_complete_seam(mode: &quot;cabecera&quot;, outcome: &quot;MixedUnreadable&quot;, reverse: False)" storage="c:\users\alejandra-mendoza\.codex\worktrees\architecture-shared-view-authored-comparators\tests\rackcad.tests\bin\debug\net8.0\rackcad.tests.dll" id="46844f8a-1091-9e03-ef24-101511ba35cd">
      <Execution id="9fc87e85-e6e6-44b9-8387-089d6ec26a4d" />
      <TestMethod codeBase="C:\Users\alejandra-mendoza\.codex\worktrees\architecture-shared-view-authored-comparators\tests\RackCad.Tests\bin\Debug\net8.0\RackCad.Tests.dll" adapterTypeName="executor://xunit/VsTestRunner2/netcoreapp" className="RackCad.Tests.I58F3SeamTests" name="Real_authorities_preserve_authored_across_the_complete_seam" />
    </UnitTest>
    <UnitTest name="RackCad.Tests.I58F3SeamTests.Real_authorities_preserve_authored_across_the_complete_seam(mode: &quot;pushback-simple&quot;, outcome: &quot;Divergent&quot;, reverse: True)" storage="c:\users\alejandra-mendoza\.codex\worktrees\architecture-shared-view-authored-comparators\tests\rackcad.tests\bin\debug\net8.0\rackcad.tests.dll" id="10718f94-0956-4424-411c-ff7ce98ab8cf">
      <Execution id="e51bd9d8-34a6-4cab-8a0d-ff207b4bd3d1" />
      <TestMethod codeBase="C:\Users\alejandra-mendoza\.codex\worktrees\architecture-shared-view-authored-comparators\tests\RackCad.Tests\bin\Debug\net8.0\RackCad.Tests.dll" adapterTypeName="executor://xunit/VsTestRunner2/netcoreapp" className="RackCad.Tests.I58F3SeamTests" name="Real_authorities_preserve_authored_across_the_complete_seam" />
    </UnitTest>
    <UnitTest name="RackCad.Tests.I58F3SeamTests.Real_authorities_preserve_authored_across_the_complete_seam(mode: &quot;pushback-simple&quot;, outcome: &quot;MixedUnreadable&quot;, reverse: True)" storage="c:\users\alejandra-mendoza\.codex\worktrees\architecture-shared-view-authored-comparators\tests\rackcad.tests\bin\debug\net8.0\rackcad.tests.dll" id="ae05cf5f-51af-e48c-5185-97a8110e180d">
      <Execution id="e61335bd-4b0a-4fdf-b636-f13d2c1636d7" />
      <TestMethod codeBase="C:\Users\alejandra-mendoza\.codex\worktrees\architecture-shared-view-authored-comparators\tests\RackCad.Tests\bin\Debug\net8.0\RackCad.Tests.dll" adapterTypeName="executor://xunit/VsTestRunner2/netcoreapp" className="RackCad.Tests.I58F3SeamTests" name="Real_authorities_preserve_authored_across_the_complete_seam" />
    </UnitTest>
    <UnitTest name="RackCad.Tests.I58F3SeamTests.Real_authorities_preserve_authored_across_the_complete_seam(mode: &quot;pushback-simple&quot;, outcome: &quot;Single&quot;, reverse: False)" storage="c:\users\alejandra-mendoza\.codex\worktrees\architecture-shared-view-authored-comparators\tests\rackcad.tests\bin\debug\net8.0\rackcad.tests.dll" id="bc64f83b-9ebf-7a29-b254-4ed3da9293c1">
      <Execution id="b4cb8c75-cffe-48a1-8406-aca9db9a8a6a" />
      <TestMethod codeBase="C:\Users\alejandra-mendoza\.codex\worktrees\architecture-shared-view-authored-comparators\tests\RackCad.Tests\bin\Debug\net8.0\RackCad.Tests.dll" adapterTypeName="executor://xunit/VsTestRunner2/netcoreapp" className="RackCad.Tests.I58F3SeamTests" name="Real_authorities_preserve_authored_across_the_complete_seam" />
    </UnitTest>
    <UnitTest name="RackCad.Tests.I58F3SeamTests.Real_authorities_preserve_authored_across_the_complete_seam(mode: &quot;cabecera&quot;, outcome: &quot;Single&quot;, reverse: False)" storage="c:\users\alejandra-mendoza\.codex\worktrees\architecture-shared-view-authored-comparators\tests\rackcad.tests\bin\debug\net8.0\rackcad.tests.dll" id="410b8cf2-1d99-0707-9808-35fb34e783f9">
      <Execution id="ff6d4486-0147-435c-9d63-ea7dd75272f8" />
      <TestMethod codeBase="C:\Users\alejandra-mendoza\.codex\worktrees\architecture-shared-view-authored-comparators\tests\RackCad.Tests\bin\Debug\net8.0\RackCad.Tests.dll" adapterTypeName="executor://xunit/VsTestRunner2/netcoreapp" className="RackCad.Tests.I58F3SeamTests" name="Real_authorities_preserve_authored_across_the_complete_seam" />
    </UnitTest>
    <UnitTest name="RackCad.Tests.I58F3SeamTests.Real_authorities_preserve_authored_across_the_complete_seam(mode: &quot;dynamic-positive&quot;, outcome: &quot;MixedUnreadable&quot;, reverse: True)" storage="c:\users\alejandra-mendoza\.codex\worktrees\architecture-shared-view-authored-comparators\tests\rackcad.tests\bin\debug\net8.0\rackcad.tests.dll" id="ea6ea679-62f8-c38a-9c82-947a562730af">
      <Execution id="7534da6f-137e-42ad-82f1-297a3fbe04d2" />
      <TestMethod codeBase="C:\Users\alejandra-mendoza\.codex\worktrees\architecture-shared-view-authored-comparators\tests\RackCad.Tests\bin\Debug\net8.0\RackCad.Tests.dll" adapterTypeName="executor://xunit/VsTestRunner2/netcoreapp" className="RackCad.Tests.I58F3SeamTests" name="Real_authorities_preserve_authored_across_the_complete_seam" />
    </UnitTest>
    <UnitTest name="RackCad.Tests.I58F3SeamTests.Real_authorities_preserve_authored_across_the_complete_seam(mode: &quot;cantilever&quot;, outcome: &quot;Divergent&quot;, reverse: False)" storage="c:\users\alejandra-mendoza\.codex\worktrees\architecture-shared-view-authored-comparators\tests\rackcad.tests\bin\debug\net8.0\rackcad.tests.dll" id="7def3361-8942-c4e3-1a8a-ebf095125116">
      <Execution id="f35c4fb5-79f5-4ee8-9b85-8e85354227d1" />
      <TestMethod codeBase="C:\Users\alejandra-mendoza\.codex\worktrees\architecture-shared-view-authored-comparators\tests\RackCad.Tests\bin\Debug\net8.0\RackCad.Tests.dll" adapterTypeName="executor://xunit/VsTestRunner2/netcoreapp" className="RackCad.Tests.I58F3SeamTests" name="Real_authorities_preserve_authored_across_the_complete_seam" />
    </UnitTest>
    <UnitTest name="RackCad.Tests.I58F3SeamTests.Real_authorities_preserve_authored_across_the_complete_seam(mode: &quot;dynamic-positive&quot;, outcome: &quot;Unreadable&quot;, reverse: True)" storage="c:\users\alejandra-mendoza\.codex\worktrees\architecture-shared-view-authored-comparators\tests\rackcad.tests\bin\debug\net8.0\rackcad.tests.dll" id="b32c5b06-76ff-3452-f02f-719af71e3ace">
      <Execution id="84de6ef9-b698-4792-9c9a-7e6c3453a927" />
      <TestMethod codeBase="C:\Users\alejandra-mendoza\.codex\worktrees\architecture-shared-view-authored-comparators\tests\RackCad.Tests\bin\Debug\net8.0\RackCad.Tests.dll" adapterTypeName="executor://xunit/VsTestRunner2/netcoreapp" className="RackCad.Tests.I58F3SeamTests" name="Real_authorities_preserve_authored_across_the_complete_seam" />
    </UnitTest>
    <UnitTest name="RackCad.Tests.I58F3SeamTests.Real_authorities_preserve_authored_across_the_complete_seam(mode: &quot;cantilever&quot;, outcome: &quot;Unreadable&quot;, reverse: True)" storage="c:\users\alejandra-mendoza\.codex\worktrees\architecture-shared-view-authored-comparators\tests\rackcad.tests\bin\debug\net8.0\rackcad.tests.dll" id="dee4799b-7720-bdc1-34f5-af6e6789ab82">
      <Execution id="e6b306ed-ee1d-4eeb-9b76-f0276483b6fb" />
      <TestMethod codeBase="C:\Users\alejandra-mendoza\.codex\worktrees\architecture-shared-view-authored-comparators\tests\RackCad.Tests\bin\Debug\net8.0\RackCad.Tests.dll" adapterTypeName="executor://xunit/VsTestRunner2/netcoreapp" className="RackCad.Tests.I58F3SeamTests" name="Real_authorities_preserve_authored_across_the_complete_seam" />
    </UnitTest>
    <UnitTest name="RackCad.Tests.I58F3SeamTests.Real_authorities_preserve_authored_across_the_complete_seam(mode: &quot;pushback-composite&quot;, outcome: &quot;Divergent&quot;, reverse: False)" storage="c:\users\alejandra-mendoza\.codex\worktrees\architecture-shared-view-authored-comparators\tests\rackcad.tests\bin\debug\net8.0\rackcad.tests.dll" id="41385d6a-e0bb-9500-5b08-17390da396f2">
      <Execution id="1a50b146-9301-403b-8cd3-5822132338ac" />
      <TestMethod codeBase="C:\Users\alejandra-mendoza\.codex\worktrees\architecture-shared-view-authored-comparators\tests\RackCad.Tests\bin\Debug\net8.0\RackCad.Tests.dll" adapterTypeName="executor://xunit/VsTestRunner2/netcoreapp" className="RackCad.Tests.I58F3SeamTests" name="Real_authorities_preserve_authored_across_the_complete_seam" />
    </UnitTest>
    <UnitTest name="RackCad.Tests.I58F3SeamTests.Real_authorities_preserve_authored_across_the_complete_seam(mode: &quot;dynamic-custom&quot;, outcome: &quot;Single&quot;, reverse: False)" storage="c:\users\alejandra-mendoza\.codex\worktrees\architecture-shared-view-authored-comparators\tests\rackcad.tests\bin\debug\net8.0\rackcad.tests.dll" id="ddefd3b9-623c-159f-47ac-036a5167787a">
      <Execution id="c48bdb67-a376-4ee6-ab2a-1749219013c4" />
      <TestMethod codeBase="C:\Users\alejandra-mendoza\.codex\worktrees\architecture-shared-view-authored-comparators\tests\RackCad.Tests\bin\Debug\net8.0\RackCad.Tests.dll" adapterTypeName="executor://xunit/VsTestRunner2/netcoreapp" className="RackCad.Tests.I58F3SeamTests" name="Real_authorities_preserve_authored_across_the_complete_seam" />
    </UnitTest>
    <UnitTest name="RackCad.Tests.I58F3SeamTests.Real_authorities_preserve_authored_across_the_complete_seam(mode: &quot;pushback-simple&quot;, outcome: &quot;MixedUnreadable&quot;, reverse: False)" storage="c:\users\alejandra-mendoza\.codex\worktrees\architecture-shared-view-authored-comparators\tests\rackcad.tests\bin\debug\net8.0\rackcad.tests.dll" id="08c08668-0cdf-5a32-8365-4d072a0d063e">
      <Execution id="3a20dc64-73c9-4ba0-b5ea-11a49ff2691f" />
      <TestMethod codeBase="C:\Users\alejandra-mendoza\.codex\worktrees\architecture-shared-view-authored-comparators\tests\RackCad.Tests\bin\Debug\net8.0\RackCad.Tests.dll" adapterTypeName="executor://xunit/VsTestRunner2/netcoreapp" className="RackCad.Tests.I58F3SeamTests" name="Real_authorities_preserve_authored_across_the_complete_seam" />
    </UnitTest>
    <UnitTest name="RackCad.Tests.I58F3SeamTests.Real_authorities_preserve_authored_across_the_complete_seam(mode: &quot;pushback-simple&quot;, outcome: &quot;Single&quot;, reverse: True)" storage="c:\users\alejandra-mendoza\.codex\worktrees\architecture-shared-view-authored-comparators\tests\rackcad.tests\bin\debug\net8.0\rackcad.tests.dll" id="9f7bf403-f66d-bc4a-e838-bb875b007df2">
      <Execution id="4c052997-494f-4b5c-a4bc-efcce57ed138" />
      <TestMethod codeBase="C:\Users\alejandra-mendoza\.codex\worktrees\architecture-shared-view-authored-comparators\tests\RackCad.Tests\bin\Debug\net8.0\RackCad.Tests.dll" adapterTypeName="executor://xunit/VsTestRunner2/netcoreapp" className="RackCad.Tests.I58F3SeamTests" name="Real_authorities_preserve_authored_across_the_complete_seam" />
    </UnitTest>
    <UnitTest name="RackCad.Tests.I58F3SeamTests.Real_authorities_preserve_authored_across_the_complete_seam(mode: &quot;cabecera&quot;, outcome: &quot;Unreadable&quot;, reverse: True)" storage="c:\users\alejandra-mendoza\.codex\worktrees\architecture-shared-view-authored-comparators\tests\rackcad.tests\bin\debug\net8.0\rackcad.tests.dll" id="48364192-d80c-1121-4ad2-e743f5d38170">
      <Execution id="dc9d07f2-d9e2-4bf0-93ea-405b5f1b5c16" />
      <TestMethod codeBase="C:\Users\alejandra-mendoza\.codex\worktrees\architecture-shared-view-authored-comparators\tests\RackCad.Tests\bin\Debug\net8.0\RackCad.Tests.dll" adapterTypeName="executor://xunit/VsTestRunner2/netcoreapp" className="RackCad.Tests.I58F3SeamTests" name="Real_authorities_preserve_authored_across_the_complete_seam" />
    </UnitTest>
    <UnitTest name="RackCad.Tests.I58F3SeamTests.Real_authorities_preserve_authored_across_the_complete_seam(mode: &quot;dynamic-positive&quot;, outcome: &quot;Divergent&quot;, reverse: False)" storage="c:\users\alejandra-mendoza\.codex\worktrees\architecture-shared-view-authored-comparators\tests\rackcad.tests\bin\debug\net8.0\rackcad.tests.dll" id="83fe1824-b0f5-8dfc-7484-2f153a5ddf5b">
      <Execution id="0f48e560-6787-4449-90c5-12ede0e2df1c" />
      <TestMethod codeBase="C:\Users\alejandra-mendoza\.codex\worktrees\architecture-shared-view-authored-comparators\tests\RackCad.Tests\bin\Debug\net8.0\RackCad.Tests.dll" adapterTypeName="executor://xunit/VsTestRunner2/netcoreapp" className="RackCad.Tests.I58F3SeamTests" name="Real_authorities_preserve_authored_across_the_complete_seam" />
    </UnitTest>
    <UnitTest name="RackCad.Tests.I58F3SeamTests.Real_authorities_preserve_authored_across_the_complete_seam(mode: &quot;cantilever&quot;, outcome: &quot;MixedUnreadable&quot;, reverse: True)" storage="c:\users\alejandra-mendoza\.codex\worktrees\architecture-shared-view-authored-comparators\tests\rackcad.tests\bin\debug\net8.0\rackcad.tests.dll" id="a6c202e2-96f2-df66-afe5-60c1215a4c89">
      <Execution id="bf47efd3-2414-4a65-8fc5-d2a1ecd71f8e" />
      <TestMethod codeBase="C:\Users\alejandra-mendoza\.codex\worktrees\architecture-shared-view-authored-comparators\tests\RackCad.Tests\bin\Debug\net8.0\RackCad.Tests.dll" adapterTypeName="executor://xunit/VsTestRunner2/netcoreapp" className="RackCad.Tests.I58F3SeamTests" name="Real_authorities_preserve_authored_across_the_complete_seam" />
    </UnitTest>
    <UnitTest name="RackCad.Tests.I58F3SeamTests.Real_authorities_preserve_authored_across_the_complete_seam(mode: &quot;dynamic-custom&quot;, outcome: &quot;Unreadable&quot;, reverse: False)" storage="c:\users\alejandra-mendoza\.codex\worktrees\architecture-shared-view-authored-comparators\tests\rackcad.tests\bin\debug\net8.0\rackcad.tests.dll" id="2eebb99e-66fe-4212-278d-f42f696067a9">
      <Execution id="935b8a38-a996-4e9e-9d55-54b0855f43b6" />
      <TestMethod codeBase="C:\Users\alejandra-mendoza\.codex\worktrees\architecture-shared-view-authored-comparators\tests\RackCad.Tests\bin\Debug\net8.0\RackCad.Tests.dll" adapterTypeName="executor://xunit/VsTestRunner2/netcoreapp" className="RackCad.Tests.I58F3SeamTests" name="Real_authorities_preserve_authored_across_the_complete_seam" />
    </UnitTest>
    <UnitTest name="RackCad.Tests.I58F3SeamTests.Real_authorities_preserve_authored_across_the_complete_seam(mode: &quot;cabecera&quot;, outcome: &quot;Divergent&quot;, reverse: True)" storage="c:\users\alejandra-mendoza\.codex\worktrees\architecture-shared-view-authored-comparators\tests\rackcad.tests\bin\debug\net8.0\rackcad.tests.dll" id="54c06764-d5a4-ddc5-98b9-5a3d160ad5ac">
      <Execution id="5753ed0a-af43-41cf-a21d-255035a6ca78" />
      <TestMethod codeBase="C:\Users\alejandra-mendoza\.codex\worktrees\architecture-shared-view-authored-comparators\tests\RackCad.Tests\bin\Debug\net8.0\RackCad.Tests.dll" adapterTypeName="executor://xunit/VsTestRunner2/netcoreapp" className="RackCad.Tests.I58F3SeamTests" name="Real_authorities_preserve_authored_across_the_complete_seam" />
    </UnitTest>
    <UnitTest name="RackCad.Tests.I58F3SeamTests.Real_authorities_preserve_authored_across_the_complete_seam(mode: &quot;dynamic&quot;, outcome: &quot;Divergent&quot;, reverse: True)" storage="c:\users\alejandra-mendoza\.codex\worktrees\architecture-shared-view-authored-comparators\tests\rackcad.tests\bin\debug\net8.0\rackcad.tests.dll" id="1efd7273-2509-2208-3452-a89cbe7bcb53">
      <Execution id="9687c922-0f2e-46e5-a2a6-4068dea395df" />
      <TestMethod codeBase="C:\Users\alejandra-mendoza\.codex\worktrees\architecture-shared-view-authored-comparators\tests\RackCad.Tests\bin\Debug\net8.0\RackCad.Tests.dll" adapterTypeName="executor://xunit/VsTestRunner2/netcoreapp" className="RackCad.Tests.I58F3SeamTests" name="Real_authorities_preserve_authored_across_the_complete_seam" />
    </UnitTest>
  </TestDefinitions>
  <TestEntries>
    <TestEntry testId="7def3361-8942-c4e3-1a8a-ebf095125116" executionId="f35c4fb5-79f5-4ee8-9b85-8e85354227d1" testListId="8c84fa94-04c1-424b-9868-57a2d4851a1d" />
    <TestEntry testId="83fe1824-b0f5-8dfc-7484-2f153a5ddf5b" executionId="0f48e560-6787-4449-90c5-12ede0e2df1c" testListId="8c84fa94-04c1-424b-9868-57a2d4851a1d" />
    <TestEntry testId="48d4e741-b063-b6c6-9663-fdfd550c6f8d" executionId="dc5aa4e2-369f-4bcf-8962-bb3e2191bfbf" testListId="8c84fa94-04c1-424b-9868-57a2d4851a1d" />
    <TestEntry testId="8d79305b-3637-fbd2-b2bf-4388a666b5e7" executionId="6eacf4d7-effb-472a-aca9-c855aee7f845" testListId="8c84fa94-04c1-424b-9868-57a2d4851a1d" />
    <TestEntry testId="410b8cf2-1d99-0707-9808-35fb34e783f9" executionId="ff6d4486-0147-435c-9d63-ea7dd75272f8" testListId="8c84fa94-04c1-424b-9868-57a2d4851a1d" />
    <TestEntry testId="904595fe-be55-f9a7-367e-f18d546796ad" executionId="15bc5112-4bc6-465c-a589-3a4027664264" testListId="8c84fa94-04c1-424b-9868-57a2d4851a1d" />
    <TestEntry testId="1d2e8994-3991-0732-edbd-77955bff352c" executionId="20f4606f-9868-4dfb-948c-3d4eca3fe327" testListId="8c84fa94-04c1-424b-9868-57a2d4851a1d" />
    <TestEntry testId="5fba96b0-9372-1e70-e6f8-496712b49e63" executionId="0364b64a-d5ed-419a-a9f4-485276444978" testListId="8c84fa94-04c1-424b-9868-57a2d4851a1d" />
    <TestEntry testId="8d626fda-8251-abc6-7f7a-4fdd71fdaa25" executionId="c00ea34c-efb0-4469-b155-ecb00a80f165" testListId="8c84fa94-04c1-424b-9868-57a2d4851a1d" />
    <TestEntry testId="48364192-d80c-1121-4ad2-e743f5d38170" executionId="dc9d07f2-d9e2-4bf0-93ea-405b5f1b5c16" testListId="8c84fa94-04c1-424b-9868-57a2d4851a1d" />
    <TestEntry testId="d18e189b-2f33-5daf-54f8-6aed548ea556" executionId="2453a92b-0123-492e-a59f-257e5c2dbad9" testListId="8c84fa94-04c1-424b-9868-57a2d4851a1d" />
    <TestEntry testId="43cb8356-a8a8-afd0-3d3f-f286dcac4991" executionId="464fbfb0-a2fd-4d99-97a4-7364d9f1ceb0" testListId="8c84fa94-04c1-424b-9868-57a2d4851a1d" />
    <TestEntry testId="d3542065-b64f-5eb6-d26b-90cf40cb49c8" executionId="8e3735ab-77a5-4fb2-9413-bc78b54958fa" testListId="8c84fa94-04c1-424b-9868-57a2d4851a1d" />
    <TestEntry testId="a6c202e2-96f2-df66-afe5-60c1215a4c89" executionId="bf47efd3-2414-4a65-8fc5-d2a1ecd71f8e" testListId="8c84fa94-04c1-424b-9868-57a2d4851a1d" />
    <TestEntry testId="0c6c792c-fe20-1642-8c07-b2fcf008cca8" executionId="35f6c98e-d7bc-4629-b7a9-a2ad51720f05" testListId="8c84fa94-04c1-424b-9868-57a2d4851a1d" />
    <TestEntry testId="83ef3279-9d75-8325-3df2-e577b3ea7f37" executionId="1121c375-f89a-464d-8209-c225f5c14348" testListId="8c84fa94-04c1-424b-9868-57a2d4851a1d" />
    <TestEntry testId="86af406a-7b22-9107-660a-87419184a0e7" executionId="11b04162-e1e6-4537-8f3b-b6fe17da4476" testListId="8c84fa94-04c1-424b-9868-57a2d4851a1d" />
    <TestEntry testId="3d2e0d6d-8da6-37c6-078c-bff67fd6a607" executionId="537bab40-12ca-4a6c-90ef-cdfd74e26e0d" testListId="8c84fa94-04c1-424b-9868-57a2d4851a1d" />
    <TestEntry testId="96a23857-6866-941a-9797-9d288fb36942" executionId="c439a048-0f31-454d-aea3-ca2e50b78ee5" testListId="8c84fa94-04c1-424b-9868-57a2d4851a1d" />
    <TestEntry testId="c1455b2f-e140-13f3-96c9-20468e23c259" executionId="fe18fb31-8df7-44d8-9225-596dec4dedc3" testListId="8c84fa94-04c1-424b-9868-57a2d4851a1d" />
    <TestEntry testId="08c08668-0cdf-5a32-8365-4d072a0d063e" executionId="3a20dc64-73c9-4ba0-b5ea-11a49ff2691f" testListId="8c84fa94-04c1-424b-9868-57a2d4851a1d" />
    <TestEntry testId="928844c7-d491-6658-8829-fa98ef0024dd" executionId="391818ba-bf55-4c89-991b-3f5f798e380d" testListId="8c84fa94-04c1-424b-9868-57a2d4851a1d" />
    <TestEntry testId="28c6fde1-e393-1d52-cdeb-e1f16f1786b6" executionId="dfdf40c7-6936-4bf7-8214-719a08cefff7" testListId="8c84fa94-04c1-424b-9868-57a2d4851a1d" />
    <TestEntry testId="41385d6a-e0bb-9500-5b08-17390da396f2" executionId="1a50b146-9301-403b-8cd3-5822132338ac" testListId="8c84fa94-04c1-424b-9868-57a2d4851a1d" />
    <TestEntry testId="3c046a08-4a1c-09bd-105b-bbe888d24724" executionId="153dd68a-c7e6-483c-8bb4-d9a172aded8c" testListId="8c84fa94-04c1-424b-9868-57a2d4851a1d" />
    <TestEntry testId="ea6ea679-62f8-c38a-9c82-947a562730af" executionId="7534da6f-137e-42ad-82f1-297a3fbe04d2" testListId="8c84fa94-04c1-424b-9868-57a2d4851a1d" />
    <TestEntry testId="bc64f83b-9ebf-7a29-b254-4ed3da9293c1" executionId="b4cb8c75-cffe-48a1-8406-aca9db9a8a6a" testListId="8c84fa94-04c1-424b-9868-57a2d4851a1d" />
    <TestEntry testId="10718f94-0956-4424-411c-ff7ce98ab8cf" executionId="e51bd9d8-34a6-4cab-8a0d-ff207b4bd3d1" testListId="8c84fa94-04c1-424b-9868-57a2d4851a1d" />
    <TestEntry testId="69dee854-138f-644c-4849-ff0f0adb4d30" executionId="89343984-6aa9-41f1-8290-74d2c2db1150" testListId="8c84fa94-04c1-424b-9868-57a2d4851a1d" />
    <TestEntry testId="80fb6728-27b8-1bc2-b8eb-8e13d68bed8a" executionId="09b45772-319c-4472-a3c2-ac549b1c0144" testListId="8c84fa94-04c1-424b-9868-57a2d4851a1d" />
    <TestEntry testId="b32c5b06-76ff-3452-f02f-719af71e3ace" executionId="84de6ef9-b698-4792-9c9a-7e6c3453a927" testListId="8c84fa94-04c1-424b-9868-57a2d4851a1d" />
    <TestEntry testId="ae05cf5f-51af-e48c-5185-97a8110e180d" executionId="e61335bd-4b0a-4fdf-b636-f13d2c1636d7" testListId="8c84fa94-04c1-424b-9868-57a2d4851a1d" />
    <TestEntry testId="fe5f0d86-dffb-8a2e-e84a-d886d4ca1d78" executionId="32570904-a799-4a4d-9a4e-107c63330724" testListId="8c84fa94-04c1-424b-9868-57a2d4851a1d" />
    <TestEntry testId="bb3e6953-427f-c2c7-663b-4fd2a41467ea" executionId="ac9788d2-abce-4886-9c43-a8e91d553513" testListId="8c84fa94-04c1-424b-9868-57a2d4851a1d" />
    <TestEntry testId="1efd7273-2509-2208-3452-a89cbe7bcb53" executionId="9687c922-0f2e-46e5-a2a6-4068dea395df" testListId="8c84fa94-04c1-424b-9868-57a2d4851a1d" />
    <TestEntry testId="46844f8a-1091-9e03-ef24-101511ba35cd" executionId="9fc87e85-e6e6-44b9-8387-089d6ec26a4d" testListId="8c84fa94-04c1-424b-9868-57a2d4851a1d" />
    <TestEntry testId="5ca8fc80-db81-620a-c5e2-717aa6213b7a" executionId="a50dcf54-34b5-4c59-b33b-4a065304c01b" testListId="8c84fa94-04c1-424b-9868-57a2d4851a1d" />
    <TestEntry testId="65c547a5-ea71-d346-ee03-2c7fa15f5057" executionId="3f6f1d06-3215-467e-acfe-71dcc9c18e1e" testListId="8c84fa94-04c1-424b-9868-57a2d4851a1d" />
    <TestEntry testId="3b9d6591-31cf-19b7-55e4-249936572a5d" executionId="23929540-6a97-4fcb-80be-e5c24b8c041e" testListId="8c84fa94-04c1-424b-9868-57a2d4851a1d" />
    <TestEntry testId="2eebb99e-66fe-4212-278d-f42f696067a9" executionId="935b8a38-a996-4e9e-9d55-54b0855f43b6" testListId="8c84fa94-04c1-424b-9868-57a2d4851a1d" />
    <TestEntry testId="bfe0b889-cd13-2054-667a-50885adac840" executionId="8b81d83b-b87d-468f-92f5-effa41fdbebc" testListId="8c84fa94-04c1-424b-9868-57a2d4851a1d" />
    <TestEntry testId="d75278a1-3b4d-ef68-9c50-a98da6e3a1fc" executionId="754495fd-7b14-49d9-9043-d722fc78638e" testListId="8c84fa94-04c1-424b-9868-57a2d4851a1d" />
    <TestEntry testId="dee4799b-7720-bdc1-34f5-af6e6789ab82" executionId="e6b306ed-ee1d-4eeb-9b76-f0276483b6fb" testListId="8c84fa94-04c1-424b-9868-57a2d4851a1d" />
    <TestEntry testId="96aa4a6e-65b8-4b8d-e853-b7cfa047e8df" executionId="046cc75c-c232-4bff-9290-44dbc3cbfc9a" testListId="8c84fa94-04c1-424b-9868-57a2d4851a1d" />
    <TestEntry testId="bdafd36d-57e5-c73f-b89e-6b3fef05be5d" executionId="3ca625c9-39c9-48b0-b62c-d691114be65c" testListId="8c84fa94-04c1-424b-9868-57a2d4851a1d" />
    <TestEntry testId="dc3cbb94-5ade-2f9b-fde5-a14ea6ab2c02" executionId="488fa340-3c8c-4e47-90fa-00c4c32e8029" testListId="8c84fa94-04c1-424b-9868-57a2d4851a1d" />
    <TestEntry testId="b74fb373-8d5b-b285-0555-1ed9ad6007d1" executionId="4711c98d-5056-4764-8620-07debdea4f21" testListId="8c84fa94-04c1-424b-9868-57a2d4851a1d" />
    <TestEntry testId="54c06764-d5a4-ddc5-98b9-5a3d160ad5ac" executionId="5753ed0a-af43-41cf-a21d-255035a6ca78" testListId="8c84fa94-04c1-424b-9868-57a2d4851a1d" />
    <TestEntry testId="9f7bf403-f66d-bc4a-e838-bb875b007df2" executionId="4c052997-494f-4b5c-a4bc-efcce57ed138" testListId="8c84fa94-04c1-424b-9868-57a2d4851a1d" />
    <TestEntry testId="bad1749d-9277-acf6-a8de-ff225e5ae944" executionId="008b2061-1388-404d-bab5-9539beced610" testListId="8c84fa94-04c1-424b-9868-57a2d4851a1d" />
    <TestEntry testId="b56fb751-a9ea-5c88-53b5-549b487bd633" executionId="1242134a-d285-46ff-ab48-00c7187dba9d" testListId="8c84fa94-04c1-424b-9868-57a2d4851a1d" />
    <TestEntry testId="a6232144-fe5a-1b68-591e-8ef22664b0a8" executionId="47ca6fdd-8f35-4748-ac22-71236a555aca" testListId="8c84fa94-04c1-424b-9868-57a2d4851a1d" />
    <TestEntry testId="7d887cc4-70c3-10e7-2ad4-911f289bf87a" executionId="81f33205-51b5-4f4e-82a3-21636d103372" testListId="8c84fa94-04c1-424b-9868-57a2d4851a1d" />
    <TestEntry testId="8b04f731-90a4-88e9-6ac2-30d7834c2adc" executionId="57968679-d819-447f-bbfc-4ba5dd20dc01" testListId="8c84fa94-04c1-424b-9868-57a2d4851a1d" />
    <TestEntry testId="afdba2ba-da6a-3419-48bf-beed7d1d83ea" executionId="da2125cc-7006-4355-bf5f-d2b1045acf39" testListId="8c84fa94-04c1-424b-9868-57a2d4851a1d" />
    <TestEntry testId="ddefd3b9-623c-159f-47ac-036a5167787a" executionId="c48bdb67-a376-4ee6-ab2a-1749219013c4" testListId="8c84fa94-04c1-424b-9868-57a2d4851a1d" />
  </TestEntries>
  <TestLists>
    <TestList name="Resultados sin formato de lista" id="8c84fa94-04c1-424b-9868-57a2d4851a1d" />
    <TestList name="Todos los resultados cargados" id="19431567-8539-422a-85d7-44ee4e166bda" />
  </TestLists>
  <ResultSummary outcome="Completed">
    <Counters total="56" executed="56" passed="56" failed="0" error="0" timeout="0" aborted="0" inconclusive="0" passedButRunAborted="0" notRunnable="0" notExecuted="0" disconnected="0" warning="0" completed="0" inProgress="0" pending="0" />
    <Output>
      <StdOut>[xUnit.net 00:00:00.00] xUnit.net VSTest Adapter v2.8.2+699d445a1a (64-bit .NET 8.0.29)&#xD;
[xUnit.net 00:00:00.55]   Discovering: RackCad.Tests&#xD;
[xUnit.net 00:00:08.83]   Discovered:  RackCad.Tests&#xD;
[xUnit.net 00:00:08.85]   Starting:    RackCad.Tests&#xD;
[xUnit.net 00:00:10.42]   Finished:    RackCad.Tests&#xD;
</StdOut>
    </Output>
  </ResultSummary>
</TestRun>