2026-09-30T03:34:53.8113478Z I52AUTH15_HOSTVAL start run=D:\I52-AUTH15C1-HV\579de1af\run out=D:\I52-AUTH15C1-HV\579de1af\out
2026-09-30T03:34:54.5357428Z HV-00 begin [SIDE-DB]
2026-09-30T03:34:54.5600668Z HV-00 [SIDE-DB] PASS
2026-09-30T03:34:56.2446849Z RB-01V begin [DOCUMENT-AUTHORITY]
2026-09-30T03:34:59.0025430Z RB-01V [DOCUMENT-AUTHORITY] PASS
2026-09-30T03:34:59.0260814Z RB-01D begin [DOCUMENT-AUTHORITY]
2026-09-30T03:35:01.2462268Z RB-01D [DOCUMENT-AUTHORITY] PASS
2026-09-30T03:35:01.2850576Z RB-02a begin [DOCUMENT-AUTHORITY]
2026-09-30T03:35:02.9438793Z RB-02a [DOCUMENT-AUTHORITY] PASS
2026-09-30T03:35:02.9653244Z RB-02b begin [DOCUMENT-AUTHORITY]
2026-09-30T03:35:04.5498789Z RB-02b [DOCUMENT-AUTHORITY] PASS
2026-09-30T03:35:04.5652499Z RB-02c begin [DOCUMENT-AUTHORITY]
2026-09-30T03:35:06.1196969Z RB-02c [DOCUMENT-AUTHORITY] PASS
2026-09-30T03:35:06.1391205Z RB-03 begin [DOCUMENT-AUTHORITY]
2026-09-30T03:35:07.7215479Z RB-03 [DOCUMENT-AUTHORITY] PASS
2026-09-30T03:35:07.7394557Z RB-05 begin [DOCUMENT-AUTHORITY]
2026-09-30T03:35:09.5031156Z RB-05 [DOCUMENT-AUTHORITY] PASS
2026-09-30T03:35:09.5307359Z HV-01 begin [DOCUMENT-AUTHORITY]
2026-09-30T03:35:11.2475421Z HV-01 [DOCUMENT-AUTHORITY] PASS
2026-09-30T03:35:11.2705823Z HV-02 begin [DOCUMENT-AUTHORITY]
2026-09-30T03:35:12.8714929Z HV-02 [DOCUMENT-AUTHORITY] PASS
2026-09-30T03:35:12.9082693Z HV-03 begin [DOCUMENT-AUTHORITY]
2026-09-30T03:35:14.4350970Z HV-03 [DOCUMENT-AUTHORITY] PASS
2026-09-30T03:35:14.4447330Z HV-04 begin [SIDE-DB]
2026-09-30T03:35:14.5718237Z HV-04 [SIDE-DB] PASS
2026-09-30T03:35:14.5876305Z HV-05 begin [DOCUMENT-AUTHORITY]
2026-09-30T03:35:16.1287840Z HV-05 [DOCUMENT-AUTHORITY] PASS
2026-09-30T03:35:16.1370262Z HV-06 begin [SIDE-DB]
2026-09-30T03:35:16.1620410Z HV-06 [SIDE-DB] PASS
2026-09-30T03:35:16.1707388Z HV-07 begin [SIDE-DB]
2026-09-30T03:35:16.1787668Z HV-07 [SIDE-DB] PASS
2026-09-30T03:35:16.1874052Z HV-08 begin [DOCUMENT-AUTHORITY]
2026-09-30T03:35:17.6640794Z HV-08 [DOCUMENT-AUTHORITY] PASS
2026-09-30T03:35:17.6776444Z HV-09 begin [SIDE-DB]
2026-09-30T03:35:17.6883314Z HV-09 [SIDE-DB] PASS
2026-09-30T03:35:17.6984744Z HV-10 begin [DOCUMENT-AUTHORITY]
2026-09-30T03:35:19.3015561Z HV-10 [DOCUMENT-AUTHORITY] PASS
2026-09-30T03:35:19.3108491Z HV-11 begin [SIDE-DB]
2026-09-30T03:35:19.3340637Z HV-11 [SIDE-DB] PASS
2026-09-30T03:35:19.3424695Z HV-12 begin [DOCUMENT-AUTHORITY]
2026-09-30T03:35:21.0181200Z HV-12 [DOCUMENT-AUTHORITY] PASS
2026-09-30T03:35:21.0247287Z HV-13 begin [DOCUMENT-AUTHORITY]
2026-09-30T03:35:22.4802286Z HV-13 [DOCUMENT-AUTHORITY] PASS
2026-09-30T03:35:22.4939131Z HV-14 begin [DOCUMENT-AUTHORITY]
2026-09-30T03:35:23.9615147Z HV-14 [DOCUMENT-AUTHORITY] PASS
2026-09-30T03:35:23.9753544Z HV-15 begin [DOCUMENT-AUTHORITY]
2026-09-30T03:35:25.4090834Z HV-15 [DOCUMENT-AUTHORITY] PASS
2026-09-30T03:35:25.4314814Z evidence written; verdict UNKNOWN
2026-09-30T03:35:25.4334611Z I52AUTH15_HOSTVAL end
