2026-09-30T03:43:21.7352616Z I52AUTH15_HOSTVAL start run=D:\I52-AUTH15C1-HV\b7ee683e\run out=D:\I52-AUTH15C1-HV\b7ee683e\out
2026-09-30T03:43:22.1816810Z HV-00 begin [SIDE-DB]
2026-09-30T03:43:22.1982853Z HV-00 [SIDE-DB] PASS
2026-09-30T03:43:23.2956742Z RB-01V begin [DOCUMENT-AUTHORITY]
2026-09-30T03:43:24.8076893Z RB-01V [DOCUMENT-AUTHORITY] PASS
2026-09-30T03:43:24.8387151Z RB-01D begin [DOCUMENT-AUTHORITY]
2026-09-30T03:43:26.6624745Z RB-01D [DOCUMENT-AUTHORITY] PASS
2026-09-30T03:43:26.6851470Z RB-02a begin [DOCUMENT-AUTHORITY]
2026-09-30T03:43:28.2432222Z RB-02a [DOCUMENT-AUTHORITY] PASS
2026-09-30T03:43:28.2514937Z RB-02b begin [DOCUMENT-AUTHORITY]
2026-09-30T03:43:29.8924375Z RB-02b [DOCUMENT-AUTHORITY] PASS
2026-09-30T03:43:29.9161366Z RB-02c begin [DOCUMENT-AUTHORITY]
2026-09-30T03:43:31.3087474Z RB-02c [DOCUMENT-AUTHORITY] PASS
2026-09-30T03:43:31.3267788Z RB-03 begin [DOCUMENT-AUTHORITY]
2026-09-30T03:43:32.8864289Z RB-03 [DOCUMENT-AUTHORITY] PASS
2026-09-30T03:43:32.9074706Z RB-05 begin [DOCUMENT-AUTHORITY]
2026-09-30T03:43:34.2869940Z RB-05 [DOCUMENT-AUTHORITY] PASS
2026-09-30T03:43:34.2978289Z HV-01 begin [DOCUMENT-AUTHORITY]
2026-09-30T03:43:35.7630531Z HV-01 [DOCUMENT-AUTHORITY] PASS
2026-09-30T03:43:35.7783549Z HV-02 begin [DOCUMENT-AUTHORITY]
2026-09-30T03:43:37.0910425Z HV-02 [DOCUMENT-AUTHORITY] PASS
2026-09-30T03:43:37.1053030Z HV-03 begin [DOCUMENT-AUTHORITY]
2026-09-30T03:43:38.4970361Z HV-03 [DOCUMENT-AUTHORITY] PASS
2026-09-30T03:43:38.5520552Z HV-04 begin [SIDE-DB]
2026-09-30T03:43:38.6552524Z HV-04 [SIDE-DB] PASS
2026-09-30T03:43:38.6616756Z HV-05 begin [DOCUMENT-AUTHORITY]
2026-09-30T03:43:40.1730288Z HV-05 [DOCUMENT-AUTHORITY] PASS
2026-09-30T03:43:40.1787241Z HV-06 begin [DOCUMENT-AUTHORITY]
2026-09-30T03:43:41.5418673Z HV-06 [DOCUMENT-AUTHORITY] PASS
2026-09-30T03:43:41.5529806Z HV-07 begin [DOCUMENT-AUTHORITY]
2026-09-30T03:43:43.0085373Z HV-07 [DOCUMENT-AUTHORITY] PASS
2026-09-30T03:43:43.0187579Z HV-08 begin [DOCUMENT-AUTHORITY]
2026-09-30T03:43:44.3566940Z HV-08 [DOCUMENT-AUTHORITY] PASS
2026-09-30T03:43:44.3695708Z HV-09 begin [DOCUMENT-AUTHORITY]
2026-09-30T03:43:45.9425564Z HV-09 [DOCUMENT-AUTHORITY] PASS
2026-09-30T03:43:45.9494857Z HV-10 begin [DOCUMENT-AUTHORITY]
2026-09-30T03:43:47.3152867Z HV-10 [DOCUMENT-AUTHORITY] PASS
2026-09-30T03:43:47.3236867Z HV-11 begin [SIDE-DB]
2026-09-30T03:43:47.3462434Z HV-11 [SIDE-DB] PASS
2026-09-30T03:43:47.3530231Z HV-12 begin [DOCUMENT-AUTHORITY]
2026-09-30T03:43:48.8616047Z HV-12 [DOCUMENT-AUTHORITY] PASS
2026-09-30T03:43:48.8735436Z HV-13 begin [DOCUMENT-AUTHORITY]
2026-09-30T03:43:50.0851709Z HV-13 [DOCUMENT-AUTHORITY] PASS
2026-09-30T03:43:50.0936954Z HV-14 begin [DOCUMENT-AUTHORITY]
2026-09-30T03:43:51.5458297Z HV-14 [DOCUMENT-AUTHORITY] PASS
2026-09-30T03:43:51.5535326Z HV-15 begin [DOCUMENT-AUTHORITY]
2026-09-30T03:43:53.0578612Z HV-15 [DOCUMENT-AUTHORITY] PASS
2026-09-30T03:43:53.0833398Z evidence written; verdict PASS
2026-09-30T03:43:53.0866074Z I52AUTH15_HOSTVAL end
