2026-09-29T19:04:53.4924671Z I52AUTH15_HOSTVAL start run=D:\I52-AUTH15-HV\fcca6e6c\run out=D:\I52-AUTH15-HV\fcca6e6c\out
2026-09-29T19:04:54.2285357Z HV-00 begin [SIDE-DB]
2026-09-29T19:04:54.2662163Z HV-00 [SIDE-DB] PASS
2026-09-29T19:04:55.7740427Z RB-01 begin [SIDE-DB]
2026-09-29T19:04:55.8060321Z RB-01 [SIDE-DB] FAIL
2026-09-29T19:04:55.8139935Z RB-01V begin [SIDE-DB]
2026-09-29T19:04:55.8199088Z RB-01V [SIDE-DB] FAIL
2026-09-29T19:04:55.8263299Z RB-01V begin [DOCUMENT-AUTHORITY]
2026-09-29T19:04:57.8394492Z RB-01V [DOCUMENT-AUTHORITY] PASS
2026-09-29T19:04:57.8661599Z RB-01D begin [DOCUMENT-AUTHORITY]
2026-09-29T19:04:59.4723511Z RB-01D [DOCUMENT-AUTHORITY] PASS
2026-09-29T19:04:59.4825718Z RB-02a begin [SIDE-DB]
2026-09-29T19:04:59.5052272Z RB-02a [SIDE-DB] FAIL
2026-09-29T19:04:59.5183110Z RB-02a begin [DOCUMENT-AUTHORITY]
2026-09-29T19:05:01.3184461Z RB-02a [DOCUMENT-AUTHORITY] PASS
2026-09-29T19:05:01.3372785Z RB-02b begin [SIDE-DB]
2026-09-29T19:05:01.3659798Z RB-02b [SIDE-DB] FAIL
2026-09-29T19:05:01.3745898Z RB-02b begin [DOCUMENT-AUTHORITY]
2026-09-29T19:05:02.8523810Z RB-02b [DOCUMENT-AUTHORITY] PASS
2026-09-29T19:05:02.8681409Z RB-02c begin [SIDE-DB]
2026-09-29T19:05:02.8847068Z RB-02c [SIDE-DB] FAIL
2026-09-29T19:05:02.8920430Z RB-02c begin [DOCUMENT-AUTHORITY]
2026-09-29T19:05:04.4105369Z RB-02c [DOCUMENT-AUTHORITY] PASS
2026-09-29T19:05:04.4317781Z RB-03 begin [SIDE-DB]
2026-09-29T19:05:04.4478197Z RB-03 [SIDE-DB] FAIL
2026-09-29T19:05:04.4695607Z RB-03 begin [DOCUMENT-AUTHORITY]
2026-09-29T19:05:06.0378424Z RB-03 [DOCUMENT-AUTHORITY] PASS
2026-09-29T19:05:06.0508520Z RB-05 begin [SIDE-DB]
2026-09-29T19:05:06.0594461Z RB-05 [SIDE-DB] FAIL
2026-09-29T19:05:06.0689925Z RB-05 begin [DOCUMENT-AUTHORITY]
2026-09-29T19:05:07.5654610Z RB-05 [DOCUMENT-AUTHORITY] PASS
2026-09-29T19:05:07.5758589Z HV-01 begin [DOCUMENT-AUTHORITY]
2026-09-29T19:05:09.1828195Z HV-01 [DOCUMENT-AUTHORITY] PASS
2026-09-29T19:05:09.1992651Z HV-01 begin [SIDE-DB-CHARACTERIZATION]
2026-09-29T19:05:09.2105623Z HV-01 [SIDE-DB-CHARACTERIZATION] FAIL
2026-09-29T19:05:09.2201539Z HV-02 begin [DOCUMENT-AUTHORITY]
2026-09-29T19:05:10.7167393Z HV-02 [DOCUMENT-AUTHORITY] PASS
2026-09-29T19:05:10.7335382Z HV-02 begin [SIDE-DB-CHARACTERIZATION]
2026-09-29T19:05:10.7583794Z HV-02 [SIDE-DB-CHARACTERIZATION] FAIL
2026-09-29T19:05:10.7686484Z HV-03 begin [DOCUMENT-AUTHORITY]
2026-09-29T19:05:12.4769919Z HV-03 [DOCUMENT-AUTHORITY] PASS
2026-09-29T19:05:12.4974703Z HV-03 begin [SIDE-DB-CHARACTERIZATION]
2026-09-29T19:05:12.5151374Z HV-03 [SIDE-DB-CHARACTERIZATION] FAIL
2026-09-29T19:05:12.5246094Z HV-04 begin [SIDE-DB]
2026-09-29T19:05:12.6138278Z HV-04 [SIDE-DB] PASS
2026-09-29T19:05:12.6249921Z HV-05 begin [DOCUMENT-AUTHORITY]
2026-09-29T19:05:14.1006177Z HV-05 [DOCUMENT-AUTHORITY] PASS
2026-09-29T19:05:14.1146932Z HV-05 begin [SIDE-DB-CHARACTERIZATION]
2026-09-29T19:05:14.1290791Z HV-05 [SIDE-DB-CHARACTERIZATION] FAIL
2026-09-29T19:05:14.1376680Z HV-06 begin [SIDE-DB]
2026-09-29T19:05:14.1570070Z HV-06 [SIDE-DB] PASS
2026-09-29T19:05:14.1737527Z HV-07 begin [SIDE-DB]
2026-09-29T19:05:14.1824067Z HV-07 [SIDE-DB] PASS
2026-09-29T19:05:14.1922955Z HV-08 begin [DOCUMENT-AUTHORITY]
2026-09-29T19:05:15.7381827Z HV-08 [DOCUMENT-AUTHORITY] PASS
2026-09-29T19:05:15.7514590Z HV-08 begin [SIDE-DB-CHARACTERIZATION]
2026-09-29T19:05:15.7644361Z HV-08 [SIDE-DB-CHARACTERIZATION] FAIL
2026-09-29T19:05:15.7733255Z HV-09 begin [SIDE-DB]
2026-09-29T19:05:15.7958883Z HV-09 [SIDE-DB] PASS
2026-09-29T19:05:15.8127642Z HV-10 begin [DOCUMENT-AUTHORITY]
2026-09-29T19:05:17.3487547Z HV-10 [DOCUMENT-AUTHORITY] PASS
2026-09-29T19:05:17.3613090Z HV-10 begin [SIDE-DB-CHARACTERIZATION]
2026-09-29T19:05:17.3676065Z HV-10 [SIDE-DB-CHARACTERIZATION] FAIL
2026-09-29T19:05:17.3758955Z HV-11 begin [SIDE-DB]
2026-09-29T19:05:17.4073749Z HV-11 [SIDE-DB] PASS
2026-09-29T19:05:17.4276958Z HV-12 begin [DOCUMENT-AUTHORITY]
2026-09-29T19:05:19.0068926Z HV-12 [DOCUMENT-AUTHORITY] PASS
2026-09-29T19:05:19.0252233Z HV-12 begin [SIDE-DB-CHARACTERIZATION]
2026-09-29T19:05:19.0765611Z HV-12 [SIDE-DB-CHARACTERIZATION] FAIL
2026-09-29T19:05:19.0900813Z HV-13 begin [DOCUMENT-AUTHORITY]
2026-09-29T19:05:20.6199254Z HV-13 [DOCUMENT-AUTHORITY] PASS
2026-09-29T19:05:20.6272367Z HV-13 begin [SIDE-DB-CHARACTERIZATION]
2026-09-29T19:05:20.6486440Z HV-13 [SIDE-DB-CHARACTERIZATION] PASS
2026-09-29T19:05:20.6629615Z HV-14 begin [DOCUMENT-AUTHORITY]
2026-09-29T19:05:22.2255756Z HV-14 [DOCUMENT-AUTHORITY] PASS
2026-09-29T19:05:22.2345181Z HV-14 begin [SIDE-DB-CHARACTERIZATION]
2026-09-29T19:05:22.2456800Z HV-14 [SIDE-DB-CHARACTERIZATION] FAIL
2026-09-29T19:05:22.2601773Z evidence written; verdict FAIL
2026-09-29T19:05:22.2613523Z I52AUTH15_HOSTVAL end
