<?xml version="1.0" encoding="utf-8"?>
<TestRun id="50f9260d-288e-45a4-9620-ab26f426f21f" name="alejandra-mendoza@IMING-2 2026-09-23 14:08:42" runUser="IMSA\alejandra-mendoza" xmlns="http://microsoft.com/schemas/VisualStudio/TeamTest/2010">
  <Times creation="2026-09-23T14:08:42.8196788-06:00" queuing="2026-09-23T14:08:42.8196793-06:00" start="2026-09-23T14:08:36.6581685-06:00" finish="2026-09-23T14:08:42.9785451-06:00" />
  <TestSettings name="default" id="eb0f0eac-b629-41fc-9b1b-9958208595b9">
    <Deployment runDeploymentRoot="alejandra-mendoza_IMING-2_2026-09-23_14_08_42" />
  </TestSettings>
  <Results>
    <UnitTestResult executionId="8f3eb93f-12a3-4e07-bc77-d31cc1e2a68a" testId="083f95f5-848e-014f-ec69-06bb0f82c95a" testName="RackCad.Tests.SharedViewFoundationF5Tests.AUTH09_KIND_PORT_DELEGATES_TO_THE_EXISTING_RESOLVER_EXACTLY_ONCE(kind: &quot;cantilever&quot;)" computerName="IMING-2" duration="00:00:00.0001825" startTime="2026-09-23T14:08:42.7839555-06:00" endTime="2026-09-23T14:08:42.7839555-06:00" testType="13cdc9d9-ddb5-4fa4-a97d-d965ccfc6d4b" outcome="Passed" testListId="8c84fa94-04c1-424b-9868-57a2d4851a1d" relativeResultsDirectory="8f3eb93f-12a3-4e07-bc77-d31cc1e2a68a" />
    <UnitTestResult executionId="44757dcf-bd3f-48d9-9dff-09f0c3f420da" testId="18d48c1f-aab8-e41b-31de-73702c70b039" testName="RackCad.Tests.SharedViewFoundationF6Tests.AUTH13_UNSUPPORTED_KIND_COMPARATORS_FAIL_CLOSED_AS_UNREADABLE(kind: &quot;cantilever&quot;)" computerName="IMING-2" duration="00:00:00.0003258" startTime="2026-09-23T14:08:42.7866763-06:00" endTime="2026-09-23T14:08:42.7866764-06:00" testType="13cdc9d9-ddb5-4fa4-a97d-d965ccfc6d4b" outcome="Passed" testListId="8c84fa94-04c1-424b-9868-57a2d4851a1d" relativeResultsDirectory="44757dcf-bd3f-48d9-9dff-09f0c3f420da" />
    <UnitTestResult executionId="7b2333dd-cd42-4ae5-981f-fd8476723406" testId="cbce5627-b819-187b-5672-9bcac567eb98" testName="RackCad.Tests.SharedViewFoundationF6Tests.AUTH12_EMPTY_AND_CANTILEVER_GEOMETRY_PRODUCE_ZERO_REQUIREMENTS" computerName="IMING-2" duration="00:00:00.0158142" startTime="2026-09-23T14:08:42.7582215-06:00" endTime="2026-09-23T14:08:42.7582512-06:00" testType="13cdc9d9-ddb5-4fa4-a97d-d965ccfc6d4b" outcome="Passed" testListId="8c84fa94-04c1-424b-9868-57a2d4851a1d" relativeResultsDirectory="7b2333dd-cd42-4ae5-981f-fd8476723406" />
    <UnitTestResult executionId="6cdf1cf0-ceed-453f-b5c9-e2403a34dc9c" testId="2de598bf-2479-a7e2-abd0-64a2dd607d15" testName="RackCad.Tests.SharedViewFoundationF5Tests.AUTH09_KIND_PORT_DELEGATES_TO_THE_EXISTING_RESOLVER_EXACTLY_ONCE(kind: &quot;pushback&quot;)" computerName="IMING-2" duration="00:00:00.0003456" startTime="2026-09-23T14:08:42.7836098-06:00" endTime="2026-09-23T14:08:42.7836099-06:00" testType="13cdc9d9-ddb5-4fa4-a97d-d965ccfc6d4b" outcome="Passed" testListId="8c84fa94-04c1-424b-9868-57a2d4851a1d" relativeResultsDirectory="6cdf1cf0-ceed-453f-b5c9-e2403a34dc9c" />
    <UnitTestResult executionId="2412b906-fc6d-4bac-a879-0d1e3ed5e5e6" testId="0aa00ad1-ed4a-ed01-bdf1-64a1127f4c6f" testName="RackCad.Tests.SharedViewFoundationF6Tests.AUTH12_IMPORT_FORBIDDEN_USES_QUERY_AS_FINAL_WITHOUT_SIDE_EFFECT" computerName="IMING-2" duration="00:00:00.0005874" startTime="2026-09-23T14:08:42.8446146-06:00" endTime="2026-09-23T14:08:42.8446147-06:00" testType="13cdc9d9-ddb5-4fa4-a97d-d965ccfc6d4b" outcome="Passed" testListId="8c84fa94-04c1-424b-9868-57a2d4851a1d" relativeResultsDirectory="2412b906-fc6d-4bac-a879-0d1e3ed5e5e6" />
    <UnitTestResult executionId="80a19937-487c-4830-a0d8-4c7524092ad3" testId="87674290-b296-4485-77ca-66e0865bea73" testName="RackCad.Tests.SharedViewFoundationF5Tests.AUTH10_KIND_ADAPTER_CALLS_THE_REAL_BUILDER_ONCE_AND_PRESERVES_THE_TYPED_PAYLOAD(kind: &quot;dynamic&quot;)" computerName="IMING-2" duration="00:00:00.0001302" startTime="2026-09-23T14:08:42.7833085-06:00" endTime="2026-09-23T14:08:42.7833087-06:00" testType="13cdc9d9-ddb5-4fa4-a97d-d965ccfc6d4b" outcome="Passed" testListId="8c84fa94-04c1-424b-9868-57a2d4851a1d" relativeResultsDirectory="80a19937-487c-4830-a0d8-4c7524092ad3" />
    <UnitTestResult executionId="cdbe7007-2cf6-48ff-930c-89a90832feb0" testId="b528c650-de23-10b8-2860-ac55fe496e25" testName="RackCad.Tests.SharedViewFoundationF6Tests.AUTH12_QUERY_PORT_IS_PURE_AND_PLUGIN_IMPORTER_STAYS_SEPARATE" computerName="IMING-2" duration="00:00:00.0157566" startTime="2026-09-23T14:08:42.7841682-06:00" endTime="2026-09-23T14:08:42.7841683-06:00" testType="13cdc9d9-ddb5-4fa4-a97d-d965ccfc6d4b" outcome="Passed" testListId="8c84fa94-04c1-424b-9868-57a2d4851a1d" relativeResultsDirectory="cdbe7007-2cf6-48ff-930c-89a90832feb0" />
    <UnitTestResult executionId="6d9ec84f-a7f2-41cf-bb85-5a9b7862173a" testId="adef502b-5fad-a96e-78df-1357843cbb7c" testName="RackCad.Tests.SharedViewFoundationF5Tests.AUTH11_BASE_NAMES_MATCH_THE_LEGACY_STRINGS_FOR_ALL_KINDS" computerName="IMING-2" duration="00:00:00.0037218" startTime="2026-09-23T14:08:42.8193695-06:00" endTime="2026-09-23T14:08:42.8193699-06:00" testType="13cdc9d9-ddb5-4fa4-a97d-d965ccfc6d4b" outcome="Passed" testListId="8c84fa94-04c1-424b-9868-57a2d4851a1d" relativeResultsDirectory="6d9ec84f-a7f2-41cf-bb85-5a9b7862173a" />
    <UnitTestResult executionId="c61b7f69-0397-4bd5-a8db-6bd8ef1d8085" testId="9c45d203-d913-1a1f-c414-c61014d40822" testName="RackCad.Tests.SharedViewFoundationF6Tests.AUTH13_SELECTIVE_REUSES_AUTHORED_AUTHORITY_FOR_SINGLE_DIVERGENT_AND_UNREADABLE" computerName="IMING-2" duration="00:00:00.0161445" startTime="2026-09-23T14:08:42.8410838-06:00" endTime="2026-09-23T14:08:42.8410843-06:00" testType="13cdc9d9-ddb5-4fa4-a97d-d965ccfc6d4b" outcome="Passed" testListId="8c84fa94-04c1-424b-9868-57a2d4851a1d" relativeResultsDirectory="c61b7f69-0397-4bd5-a8db-6bd8ef1d8085" />
    <UnitTestResult executionId="964de7da-6951-4198-a755-8c52ca7a5892" testId="5d6f848f-af4d-59fa-d4e8-61736614c9b8" testName="RackCad.Tests.SharedViewFoundationF5Tests.AUTH09_KIND_PORT_DELEGATES_TO_THE_EXISTING_RESOLVER_EXACTLY_ONCE(kind: &quot;cabecera&quot;)" computerName="IMING-2" duration="00:00:00.0001070" startTime="2026-09-23T14:08:42.7836864-06:00" endTime="2026-09-23T14:08:42.7836865-06:00" testType="13cdc9d9-ddb5-4fa4-a97d-d965ccfc6d4b" outcome="Passed" testListId="8c84fa94-04c1-424b-9868-57a2d4851a1d" relativeResultsDirectory="964de7da-6951-4198-a755-8c52ca7a5892" />
    <UnitTestResult executionId="40e93ca3-dc9b-4d91-8ea0-b4d34bb35fac" testId="bfa5a298-f81f-2e3f-fb37-c7307a9a0d9d" testName="RackCad.Tests.SharedViewFoundationF5Tests.AUTH09_11_PUBLIC_CONTRACTS_HAVE_NO_AUTOCAD_TYPES" computerName="IMING-2" duration="00:00:00.0278610" startTime="2026-09-23T14:08:42.8137810-06:00" endTime="2026-09-23T14:08:42.8137815-06:00" testType="13cdc9d9-ddb5-4fa4-a97d-d965ccfc6d4b" outcome="Passed" testListId="8c84fa94-04c1-424b-9868-57a2d4851a1d" relativeResultsDirectory="40e93ca3-dc9b-4d91-8ea0-b4d34bb35fac" />
    <UnitTestResult executionId="dd828b9c-87c7-49ec-b6b2-49eae78da195" testId="52cf3fa4-5ef2-2b94-b64c-9ebea721016c" testName="RackCad.Tests.I58F2MaterializationTests.Real_Single_keeps_fallback_local_parity_and_provenance(mode: &quot;dynamic&quot;)" computerName="IMING-2" duration="00:00:00.0052349" startTime="2026-09-23T14:08:42.8722259-06:00" endTime="2026-09-23T14:08:42.8722259-06:00" testType="13cdc9d9-ddb5-4fa4-a97d-d965ccfc6d4b" outcome="Passed" testListId="8c84fa94-04c1-424b-9868-57a2d4851a1d" relativeResultsDirectory="dd828b9c-87c7-49ec-b6b2-49eae78da195" />
    <UnitTestResult executionId="feb7ab6f-f13e-46de-a30f-afb355d5ce4c" testId="fb20f5bf-8e05-1c88-90c0-cfaba87ecb4c" testName="RackCad.Tests.SharedViewFoundationF6Tests.AUTH12_COLLISION_NAMING_CANNOT_CHANGE_REQUIREMENTS" computerName="IMING-2" duration="00:00:00.0008909" startTime="2026-09-23T14:08:42.8441730-06:00" endTime="2026-09-23T14:08:42.8441734-06:00" testType="13cdc9d9-ddb5-4fa4-a97d-d965ccfc6d4b" outcome="Passed" testListId="8c84fa94-04c1-424b-9868-57a2d4851a1d" relativeResultsDirectory="feb7ab6f-f13e-46de-a30f-afb355d5ce4c" />
    <UnitTestResult executionId="3759a4d2-0a1f-490d-be9b-67c1bf86ab85" testId="ad853e5a-fb54-c58b-3f02-f8b1672103d9" testName="RackCad.Tests.SharedViewFoundationF5Tests.AUTH11_HAS_NO_COLLISION_OR_LIBRARY_REQUIREMENT_AUTHORITY" computerName="IMING-2" duration="00:00:00.0020695" startTime="2026-09-23T14:08:42.7840617-06:00" endTime="2026-09-23T14:08:42.7840617-06:00" testType="13cdc9d9-ddb5-4fa4-a97d-d965ccfc6d4b" outcome="Passed" testListId="8c84fa94-04c1-424b-9868-57a2d4851a1d" relativeResultsDirectory="3759a4d2-0a1f-490d-be9b-67c1bf86ab85" />
    <UnitTestResult executionId="56af5048-a90c-4f22-8dba-6b9d5745c67a" testId="0e6a2f60-ed15-33d4-c392-1ce7adb0570d" testName="RackCad.Tests.SharedViewFoundationF5Tests.AUTH09_KIND_PORT_DELEGATES_TO_THE_EXISTING_RESOLVER_EXACTLY_ONCE(kind: &quot;selective&quot;)" computerName="IMING-2" duration="00:00:00.0001049" startTime="2026-09-23T14:08:42.7838676-06:00" endTime="2026-09-23T14:08:42.7838677-06:00" testType="13cdc9d9-ddb5-4fa4-a97d-d965ccfc6d4b" outcome="Passed" testListId="8c84fa94-04c1-424b-9868-57a2d4851a1d" relativeResultsDirectory="56af5048-a90c-4f22-8dba-6b9d5745c67a" />
    <UnitTestResult executionId="8147616a-62a2-4b95-9910-b330d7d3a6c6" testId="e6fd961a-5d03-5797-9a4b-6c7eb4c33f50" testName="RackCad.Tests.SharedViewFoundationF6Tests.AUTH13_UNSUPPORTED_KIND_COMPARATORS_FAIL_CLOSED_AS_UNREADABLE(kind: &quot;cama&quot;)" computerName="IMING-2" duration="00:00:00.0001069" startTime="2026-09-23T14:08:42.7867985-06:00" endTime="2026-09-23T14:08:42.7867985-06:00" testType="13cdc9d9-ddb5-4fa4-a97d-d965ccfc6d4b" outcome="Passed" testListId="8c84fa94-04c1-424b-9868-57a2d4851a1d" relativeResultsDirectory="8147616a-62a2-4b95-9910-b330d7d3a6c6" />
    <UnitTestResult executionId="d0743741-11a6-4ce2-86b0-d7abe4f810bb" testId="8cf9a465-9e5c-b6af-13ce-3aca3b4b6a00" testName="RackCad.Tests.SharedViewFoundationF6Tests.AUTH12_HEADER_PLAN_EXTRACTS_REAL_KEYS_DEDUPLICATES_AND_PRESERVES_DOTS" computerName="IMING-2" duration="00:00:00.0003509" startTime="2026-09-23T14:08:42.8443594-06:00" endTime="2026-09-23T14:08:42.8443597-06:00" testType="13cdc9d9-ddb5-4fa4-a97d-d965ccfc6d4b" outcome="Passed" testListId="8c84fa94-04c1-424b-9868-57a2d4851a1d" relativeResultsDirectory="d0743741-11a6-4ce2-86b0-d7abe4f810bb" />
    <UnitTestResult executionId="86d05c3e-a270-483a-afee-c912ef8f3296" testId="8cec5407-c812-d339-9499-210b9e80ae37" testName="RackCad.Tests.SharedViewFoundationF5Tests.AUTH10_PAYLOAD_CONTRACT_IS_GENERIC_AND_HAS_NO_OBJECT_OR_JSON_ESCAPE" computerName="IMING-2" duration="00:00:00.0011722" startTime="2026-09-23T14:08:42.8150853-06:00" endTime="2026-09-23T14:08:42.8150861-06:00" testType="13cdc9d9-ddb5-4fa4-a97d-d965ccfc6d4b" outcome="Passed" testListId="8c84fa94-04c1-424b-9868-57a2d4851a1d" relativeResultsDirectory="86d05c3e-a270-483a-afee-c912ef8f3296" />
    <UnitTestResult executionId="426fb1c7-ef6a-4ced-a882-1a57b87a4fcb" testId="5e3cf0e5-9395-8b9e-7a81-17748a923b7f" testName="RackCad.Tests.SharedViewFoundationF6Tests.AUTH12_IMPORT_ALLOWED_ENSURES_BEFORE_FINAL_QUERY_AND_MISSING_IS_NOT_STICKY" computerName="IMING-2" duration="00:00:00.0302096" startTime="2026-09-23T14:08:42.8172443-06:00" endTime="2026-09-23T14:08:42.8172446-06:00" testType="13cdc9d9-ddb5-4fa4-a97d-d965ccfc6d4b" outcome="Passed" testListId="8c84fa94-04c1-424b-9868-57a2d4851a1d" relativeResultsDirectory="426fb1c7-ef6a-4ced-a882-1a57b87a4fcb" />
    <UnitTestResult executionId="8a9e4a8b-31d4-4b72-a319-0d277bfe9642" testId="367fbfe8-b3a7-f71d-aa03-45c71ecf652c" testName="RackCad.Tests.SharedViewFoundationF6Tests.AUTH12_FAILED_IMPORT_IS_MISSING_AFTER_FINAL_QUERY_WITHOUT_FALSE_SUCCESS" computerName="IMING-2" duration="00:00:00.0004384" startTime="2026-09-23T14:08:42.8445057-06:00" endTime="2026-09-23T14:08:42.8445058-06:00" testType="13cdc9d9-ddb5-4fa4-a97d-d965ccfc6d4b" outcome="Passed" testListId="8c84fa94-04c1-424b-9868-57a2d4851a1d" relativeResultsDirectory="8a9e4a8b-31d4-4b72-a319-0d277bfe9642" />
    <UnitTestResult executionId="cec7135e-2152-4dc3-a1a2-b6c9ee5c4732" testId="dfcfd480-3f04-57b0-ed4d-ee034e74741a" testName="RackCad.Tests.SharedViewFoundationF6Tests.AUTH12_13_PUBLIC_CONTRACTS_HAVE_NO_AUTOCAD_OBJECT_OR_REFLECTION_ESCAPE" computerName="IMING-2" duration="00:00:00.0033773" startTime="2026-09-23T14:08:42.8235073-06:00" endTime="2026-09-23T14:08:42.8235076-06:00" testType="13cdc9d9-ddb5-4fa4-a97d-d965ccfc6d4b" outcome="Passed" testListId="8c84fa94-04c1-424b-9868-57a2d4851a1d" relativeResultsDirectory="cec7135e-2152-4dc3-a1a2-b6c9ee5c4732" />
    <UnitTestResult executionId="ce0f464d-a696-4697-8189-b4f0ca1996c3" testId="6557f9ff-1901-94f8-48d6-b1b30247ac5b" testName="RackCad.Tests.SharedViewFoundationF6Tests.AUTH12_ZERO_REQUIREMENTS_DO_NOT_QUERY_OR_IMPORT_BASE_NAME" computerName="IMING-2" duration="00:00:00.0045970" startTime="2026-09-23T14:08:42.7631957-06:00" endTime="2026-09-23T14:08:42.7631963-06:00" testType="13cdc9d9-ddb5-4fa4-a97d-d965ccfc6d4b" outcome="Passed" testListId="8c84fa94-04c1-424b-9868-57a2d4851a1d" relativeResultsDirectory="ce0f464d-a696-4697-8189-b4f0ca1996c3" />
    <UnitTestResult executionId="44f7c661-f688-4ca2-8a5a-13d36063eef3" testId="edc02d22-6e0f-0f96-b1fe-5e5916a41ab7" testName="RackCad.Tests.I58F2MaterializationTests.Real_Single_keeps_fallback_local_parity_and_provenance(mode: &quot;pushback-composite&quot;)" computerName="IMING-2" duration="00:00:00.0362070" startTime="2026-09-23T14:08:42.8668968-06:00" endTime="2026-09-23T14:08:42.8668971-06:00" testType="13cdc9d9-ddb5-4fa4-a97d-d965ccfc6d4b" outcome="Passed" testListId="8c84fa94-04c1-424b-9868-57a2d4851a1d" relativeResultsDirectory="44f7c661-f688-4ca2-8a5a-13d36063eef3" />
    <UnitTestResult executionId="60820c4b-09e1-4096-b815-e9b5f8f0cfc3" testId="e92b3c27-ffb1-e0ff-393e-da9a58db8468" testName="RackCad.Tests.SharedViewFoundationF5Tests.AUTH10_KIND_ADAPTER_CALLS_THE_REAL_BUILDER_ONCE_AND_PRESERVES_THE_TYPED_PAYLOAD(kind: &quot;cantilever&quot;)" computerName="IMING-2" duration="00:00:00.0001162" startTime="2026-09-23T14:08:42.7698149-06:00" endTime="2026-09-23T14:08:42.7698151-06:00" testType="13cdc9d9-ddb5-4fa4-a97d-d965ccfc6d4b" outcome="Passed" testListId="8c84fa94-04c1-424b-9868-57a2d4851a1d" relativeResultsDirectory="60820c4b-09e1-4096-b815-e9b5f8f0cfc3" />
    <UnitTestResult executionId="82eb5512-03bc-4b00-a933-2dbdf47a8e5d" testId="fb92a4f0-8316-6b3e-afb1-6ff905d7db78" testName="RackCad.Tests.SharedViewFoundationF5Tests.AUTH09_KIND_PORT_DELEGATES_TO_THE_EXISTING_RESOLVER_EXACTLY_ONCE(kind: &quot;cama&quot;)" computerName="IMING-2" duration="00:00:00.0000941" startTime="2026-09-23T14:08:42.7837720-06:00" endTime="2026-09-23T14:08:42.7837720-06:00" testType="13cdc9d9-ddb5-4fa4-a97d-d965ccfc6d4b" outcome="Passed" testListId="8c84fa94-04c1-424b-9868-57a2d4851a1d" relativeResultsDirectory="82eb5512-03bc-4b00-a933-2dbdf47a8e5d" />
    <UnitTestResult executionId="a3dffdbe-1ac3-4d4c-b325-1acbc518d150" testId="2ba586c6-474c-3b84-2093-8342f30b7b37" testName="RackCad.Tests.SharedViewFoundationF5Tests.AUTH09_FAILURES_ARE_TYPED_AND_DIAGNOSTICS_ARE_PRESERVED" computerName="IMING-2" duration="00:00:00.0056123" startTime="2026-09-23T14:08:42.7864495-06:00" endTime="2026-09-23T14:08:42.7864497-06:00" testType="13cdc9d9-ddb5-4fa4-a97d-d965ccfc6d4b" outcome="Passed" testListId="8c84fa94-04c1-424b-9868-57a2d4851a1d" relativeResultsDirectory="a3dffdbe-1ac3-4d4c-b325-1acbc518d150" />
    <UnitTestResult executionId="d040e765-f85e-434f-9106-10c87da06277" testId="aba45c35-324a-8ea2-1837-1b48ae910fa5" testName="RackCad.Tests.SharedViewFoundationF6Tests.AUTH13_UNSUPPORTED_KIND_COMPARATORS_FAIL_CLOSED_AS_UNREADABLE(kind: &quot;cabecera&quot;)" computerName="IMING-2" duration="00:00:00.0047347" startTime="2026-09-23T14:08:42.7865880-06:00" endTime="2026-09-23T14:08:42.7865880-06:00" testType="13cdc9d9-ddb5-4fa4-a97d-d965ccfc6d4b" outcome="Passed" testListId="8c84fa94-04c1-424b-9868-57a2d4851a1d" relativeResultsDirectory="d040e765-f85e-434f-9106-10c87da06277" />
    <UnitTestResult executionId="42b1a96c-5fd5-4f97-a17d-05f645838d36" testId="54f8aec7-de61-ad17-20f1-f884b23a864d" testName="RackCad.Tests.SharedViewFoundationF5Tests.AUTH09_SELECTIVE_ADAPTER_HAS_ONE_EFFECTIVE_RESOLVE_AND_NO_FALLBACK" computerName="IMING-2" duration="00:00:00.0004222" startTime="2026-09-23T14:08:42.8155586-06:00" endTime="2026-09-23T14:08:42.8155589-06:00" testType="13cdc9d9-ddb5-4fa4-a97d-d965ccfc6d4b" outcome="Passed" testListId="8c84fa94-04c1-424b-9868-57a2d4851a1d" relativeResultsDirectory="42b1a96c-5fd5-4f97-a17d-05f645838d36" />
    <UnitTestResult executionId="6222fbb0-a054-4475-831e-9ddfce2d16e2" testId="0b29cc8c-1853-5413-58e1-c12b3b234636" testName="RackCad.Tests.SharedViewFoundationF6Tests.AUTH12_TYPED_EXTRACTION_MATCHES_THE_LEGACY_IMPORT_KEY_SET_AND_ORDER" computerName="IMING-2" duration="00:00:00.0027309" startTime="2026-09-23T14:08:42.8200460-06:00" endTime="2026-09-23T14:08:42.8200462-06:00" testType="13cdc9d9-ddb5-4fa4-a97d-d965ccfc6d4b" outcome="Passed" testListId="8c84fa94-04c1-424b-9868-57a2d4851a1d" relativeResultsDirectory="6222fbb0-a054-4475-831e-9ddfce2d16e2" />
    <UnitTestResult executionId="a6985e5b-7592-47a4-a3b0-cbb3d8672f55" testId="ebe823c9-ce51-8066-27b8-8a3f4578b83f" testName="RackCad.Tests.SharedViewFoundationF6Tests.AUTH13_SHARED_COMPARATOR_HAS_NO_JSON_OR_SIBLING_SELECTION_FALLBACK" computerName="IMING-2" duration="00:00:00.0030511" startTime="2026-09-23T14:08:42.7872019-06:00" endTime="2026-09-23T14:08:42.7872020-06:00" testType="13cdc9d9-ddb5-4fa4-a97d-d965ccfc6d4b" outcome="Passed" testListId="8c84fa94-04c1-424b-9868-57a2d4851a1d" relativeResultsDirectory="a6985e5b-7592-47a4-a3b0-cbb3d8672f55" />
    <UnitTestResult executionId="f9723637-8fd8-4f46-a7c3-b00b4264cef9" testId="06ee3f9e-42ba-981a-6735-5ddffa53818a" testName="RackCad.Tests.SharedViewFoundationF5Tests.AUTH10_KIND_ADAPTER_CALLS_THE_REAL_BUILDER_ONCE_AND_PRESERVES_THE_TYPED_PAYLOAD(kind: &quot;cama&quot;)" computerName="IMING-2" duration="00:00:00.0005945" startTime="2026-09-23T14:08:42.7692612-06:00" endTime="2026-09-23T14:08:42.7692613-06:00" testType="13cdc9d9-ddb5-4fa4-a97d-d965ccfc6d4b" outcome="Passed" testListId="8c84fa94-04c1-424b-9868-57a2d4851a1d" relativeResultsDirectory="f9723637-8fd8-4f46-a7c3-b00b4264cef9" />
    <UnitTestResult executionId="052d7cd5-5ef8-49e3-91dd-09eae2279741" testId="9240783f-78cb-9b61-bb1b-c04fb61295aa" testName="RackCad.Tests.SharedViewFoundationF5Tests.AUTH11_LINKED_VIEW_NAMES_MATCH_LEGACY_SUFFIXES_AND_PRESERVE_ABSENCE" computerName="IMING-2" duration="00:00:00.0008440" startTime="2026-09-23T14:08:42.8202471-06:00" endTime="2026-09-23T14:08:42.8202472-06:00" testType="13cdc9d9-ddb5-4fa4-a97d-d965ccfc6d4b" outcome="Passed" testListId="8c84fa94-04c1-424b-9868-57a2d4851a1d" relativeResultsDirectory="052d7cd5-5ef8-49e3-91dd-09eae2279741" />
    <UnitTestResult executionId="15c4128b-e2dc-4c03-b510-4e64d6f95b20" testId="66b2ed9c-2c6a-bb60-9396-3100ba49f1b9" testName="RackCad.Tests.SharedViewFoundationF5Tests.AUTH10_KIND_ADAPTER_CALLS_THE_REAL_BUILDER_ONCE_AND_PRESERVES_THE_TYPED_PAYLOAD(kind: &quot;selective&quot;)" computerName="IMING-2" duration="00:00:00.0300863" startTime="2026-09-23T14:08:42.7686032-06:00" endTime="2026-09-23T14:08:42.7686038-06:00" testType="13cdc9d9-ddb5-4fa4-a97d-d965ccfc6d4b" outcome="Passed" testListId="8c84fa94-04c1-424b-9868-57a2d4851a1d" relativeResultsDirectory="15c4128b-e2dc-4c03-b510-4e64d6f95b20" />
    <UnitTestResult executionId="1711b27d-b3c6-4cbd-a779-2bd2094322a8" testId="d237530d-f559-c99a-df03-55b1d0447626" testName="RackCad.Tests.SharedViewFoundationF6Tests.AUTH13_UNSUPPORTED_KIND_COMPARATORS_FAIL_CLOSED_AS_UNREADABLE(kind: &quot;dynamic&quot;)" computerName="IMING-2" duration="00:00:00.0000915" startTime="2026-09-23T14:08:42.7869773-06:00" endTime="2026-09-23T14:08:42.7869774-06:00" testType="13cdc9d9-ddb5-4fa4-a97d-d965ccfc6d4b" outcome="Passed" testListId="8c84fa94-04c1-424b-9868-57a2d4851a1d" relativeResultsDirectory="1711b27d-b3c6-4cbd-a779-2bd2094322a8" />
    <UnitTestResult executionId="ecdab632-744b-42de-99c2-04cdeaee41b5" testId="d5c0c7b6-ae28-811f-9799-a466b1aa199d" testName="RackCad.Tests.SharedViewFoundationF5Tests.AUTH09_KIND_PORT_DELEGATES_TO_THE_EXISTING_RESOLVER_EXACTLY_ONCE(kind: &quot;dynamic&quot;)" computerName="IMING-2" duration="00:00:00.0019692" startTime="2026-09-23T14:08:42.7835192-06:00" endTime="2026-09-23T14:08:42.7835193-06:00" testType="13cdc9d9-ddb5-4fa4-a97d-d965ccfc6d4b" outcome="Passed" testListId="8c84fa94-04c1-424b-9868-57a2d4851a1d" relativeResultsDirectory="ecdab632-744b-42de-99c2-04cdeaee41b5" />
    <UnitTestResult executionId="88df36a2-e906-40fa-94be-527a6c922128" testId="63843c1f-451b-9246-2091-1427424d5bfe" testName="RackCad.Tests.SharedViewFoundationF5Tests.AUTH10_KIND_ADAPTER_CALLS_THE_REAL_BUILDER_ONCE_AND_PRESERVES_THE_TYPED_PAYLOAD(kind: &quot;pushback&quot;)" computerName="IMING-2" duration="00:00:00.0001150" startTime="2026-09-23T14:08:42.7696285-06:00" endTime="2026-09-23T14:08:42.7696287-06:00" testType="13cdc9d9-ddb5-4fa4-a97d-d965ccfc6d4b" outcome="Passed" testListId="8c84fa94-04c1-424b-9868-57a2d4851a1d" relativeResultsDirectory="88df36a2-e906-40fa-94be-527a6c922128" />
    <UnitTestResult executionId="1aefe47a-8809-416a-87fc-2f35e648f468" testId="439a18e3-e3bf-1572-ddaf-4e9a9826fa35" testName="RackCad.Tests.SharedViewFoundationF5Tests.AUTH10_UNSUPPORTED_FRAME_AND_BUILDER_FAILURE_FAIL_CLOSED_WITHOUT_SECOND_CALL" computerName="IMING-2" duration="00:00:00.0046674" startTime="2026-09-23T14:08:42.7870872-06:00" endTime="2026-09-23T14:08:42.7870873-06:00" testType="13cdc9d9-ddb5-4fa4-a97d-d965ccfc6d4b" outcome="Passed" testListId="8c84fa94-04c1-424b-9868-57a2d4851a1d" relativeResultsDirectory="1aefe47a-8809-416a-87fc-2f35e648f468" />
    <UnitTestResult executionId="8e96a0d6-9626-4f35-a5b9-63befed63a72" testId="3a0486a2-db8b-ab1c-f6fd-e6c301428d2e" testName="RackCad.Tests.SharedViewFoundationF6Tests.AUTH12_REQUIREMENT_KEY_AND_VIEW_BASE_NAME_ARE_INDEPENDENT" computerName="IMING-2" duration="00:00:00.0012439" startTime="2026-09-23T14:08:42.8248131-06:00" endTime="2026-09-23T14:08:42.8248133-06:00" testType="13cdc9d9-ddb5-4fa4-a97d-d965ccfc6d4b" outcome="Passed" testListId="8c84fa94-04c1-424b-9868-57a2d4851a1d" relativeResultsDirectory="8e96a0d6-9626-4f35-a5b9-63befed63a72" />
    <UnitTestResult executionId="d384ac3e-3b44-4b6c-b107-8d1e3500e3b0" testId="731fd80e-bcf0-e204-30a3-c3e9873e5f5f" testName="RackCad.Tests.SharedViewFoundationF6Tests.AUTH13_UNSUPPORTED_KIND_COMPARATORS_FAIL_CLOSED_AS_UNREADABLE(kind: &quot;pushback&quot;)" computerName="IMING-2" duration="00:00:00.0000941" startTime="2026-09-23T14:08:42.7868915-06:00" endTime="2026-09-23T14:08:42.7868916-06:00" testType="13cdc9d9-ddb5-4fa4-a97d-d965ccfc6d4b" outcome="Passed" testListId="8c84fa94-04c1-424b-9868-57a2d4851a1d" relativeResultsDirectory="d384ac3e-3b44-4b6c-b107-8d1e3500e3b0" />
    <UnitTestResult executionId="55c5acb9-43dd-447a-b912-c23190969c38" testId="d8324658-aed2-67fb-3fa2-c0c64d5851a2" testName="RackCad.Tests.I58F2MaterializationTests.Real_Single_keeps_fallback_local_parity_and_provenance(mode: &quot;pushback-simple&quot;)" computerName="IMING-2" duration="00:00:00.0920415" startTime="2026-09-23T14:08:42.8305503-06:00" endTime="2026-09-23T14:08:42.8305505-06:00" testType="13cdc9d9-ddb5-4fa4-a97d-d965ccfc6d4b" outcome="Passed" testListId="8c84fa94-04c1-424b-9868-57a2d4851a1d" relativeResultsDirectory="55c5acb9-43dd-447a-b912-c23190969c38" />
    <UnitTestResult executionId="65204423-62a8-4b37-9bd8-a662ff64ead1" testId="be986753-63e5-6c7a-b44a-b9a331e34696" testName="RackCad.Tests.SharedViewFoundationF5Tests.AUTH10_KIND_ADAPTER_CALLS_THE_REAL_BUILDER_ONCE_AND_PRESERVES_THE_TYPED_PAYLOAD(kind: &quot;cabecera&quot;)" computerName="IMING-2" duration="00:00:00.0001301" startTime="2026-09-23T14:08:42.7694512-06:00" endTime="2026-09-23T14:08:42.7694513-06:00" testType="13cdc9d9-ddb5-4fa4-a97d-d965ccfc6d4b" outcome="Passed" testListId="8c84fa94-04c1-424b-9868-57a2d4851a1d" relativeResultsDirectory="65204423-62a8-4b37-9bd8-a662ff64ead1" />
  </Results>
  <TestDefinitions>
    <UnitTest name="RackCad.Tests.SharedViewFoundationF5Tests.AUTH09_SELECTIVE_ADAPTER_HAS_ONE_EFFECTIVE_RESOLVE_AND_NO_FALLBACK" storage="c:\users\alejandra-mendoza\.codex\worktrees\architecture-shared-view-authored-comparators\tests\rackcad.tests\bin\debug\net8.0\rackcad.tests.dll" id="54f8aec7-de61-ad17-20f1-f884b23a864d">
      <Execution id="42b1a96c-5fd5-4f97-a17d-05f645838d36" />
      <TestMethod codeBase="C:\Users\alejandra-mendoza\.codex\worktrees\architecture-shared-view-authored-comparators\tests\RackCad.Tests\bin\Debug\net8.0\RackCad.Tests.dll" adapterTypeName="executor://xunit/VsTestRunner2/netcoreapp" className="RackCad.Tests.SharedViewFoundationF5Tests" name="AUTH09_SELECTIVE_ADAPTER_HAS_ONE_EFFECTIVE_RESOLVE_AND_NO_FALLBACK" />
    </UnitTest>
    <UnitTest name="RackCad.Tests.SharedViewFoundationF5Tests.AUTH10_KIND_ADAPTER_CALLS_THE_REAL_BUILDER_ONCE_AND_PRESERVES_THE_TYPED_PAYLOAD(kind: &quot;cama&quot;)" storage="c:\users\alejandra-mendoza\.codex\worktrees\architecture-shared-view-authored-comparators\tests\rackcad.tests\bin\debug\net8.0\rackcad.tests.dll" id="06ee3f9e-42ba-981a-6735-5ddffa53818a">
      <Execution id="f9723637-8fd8-4f46-a7c3-b00b4264cef9" />
      <TestMethod codeBase="C:\Users\alejandra-mendoza\.codex\worktrees\architecture-shared-view-authored-comparators\tests\RackCad.Tests\bin\Debug\net8.0\RackCad.Tests.dll" adapterTypeName="executor://xunit/VsTestRunner2/netcoreapp" className="RackCad.Tests.SharedViewFoundationF5Tests" name="AUTH10_KIND_ADAPTER_CALLS_THE_REAL_BUILDER_ONCE_AND_PRESERVES_THE_TYPED_PAYLOAD" />
    </UnitTest>
    <UnitTest name="RackCad.Tests.SharedViewFoundationF5Tests.AUTH10_PAYLOAD_CONTRACT_IS_GENERIC_AND_HAS_NO_OBJECT_OR_JSON_ESCAPE" storage="c:\users\alejandra-mendoza\.codex\worktrees\architecture-shared-view-authored-comparators\tests\rackcad.tests\bin\debug\net8.0\rackcad.tests.dll" id="8cec5407-c812-d339-9499-210b9e80ae37">
      <Execution id="86d05c3e-a270-483a-afee-c912ef8f3296" />
      <TestMethod codeBase="C:\Users\alejandra-mendoza\.codex\worktrees\architecture-shared-view-authored-comparators\tests\RackCad.Tests\bin\Debug\net8.0\RackCad.Tests.dll" adapterTypeName="executor://xunit/VsTestRunner2/netcoreapp" className="RackCad.Tests.SharedViewFoundationF5Tests" name="AUTH10_PAYLOAD_CONTRACT_IS_GENERIC_AND_HAS_NO_OBJECT_OR_JSON_ESCAPE" />
    </UnitTest>
    <UnitTest name="RackCad.Tests.SharedViewFoundationF5Tests.AUTH09_KIND_PORT_DELEGATES_TO_THE_EXISTING_RESOLVER_EXACTLY_ONCE(kind: &quot;pushback&quot;)" storage="c:\users\alejandra-mendoza\.codex\worktrees\architecture-shared-view-authored-comparators\tests\rackcad.tests\bin\debug\net8.0\rackcad.tests.dll" id="2de598bf-2479-a7e2-abd0-64a2dd607d15">
      <Execution id="6cdf1cf0-ceed-453f-b5c9-e2403a34dc9c" />
      <TestMethod codeBase="C:\Users\alejandra-mendoza\.codex\worktrees\architecture-shared-view-authored-comparators\tests\RackCad.Tests\bin\Debug\net8.0\RackCad.Tests.dll" adapterTypeName="executor://xunit/VsTestRunner2/netcoreapp" className="RackCad.Tests.SharedViewFoundationF5Tests" name="AUTH09_KIND_PORT_DELEGATES_TO_THE_EXISTING_RESOLVER_EXACTLY_ONCE" />
    </UnitTest>
    <UnitTest name="RackCad.Tests.SharedViewFoundationF5Tests.AUTH09_KIND_PORT_DELEGATES_TO_THE_EXISTING_RESOLVER_EXACTLY_ONCE(kind: &quot;cabecera&quot;)" storage="c:\users\alejandra-mendoza\.codex\worktrees\architecture-shared-view-authored-comparators\tests\rackcad.tests\bin\debug\net8.0\rackcad.tests.dll" id="5d6f848f-af4d-59fa-d4e8-61736614c9b8">
      <Execution id="964de7da-6951-4198-a755-8c52ca7a5892" />
      <TestMethod codeBase="C:\Users\alejandra-mendoza\.codex\worktrees\architecture-shared-view-authored-comparators\tests\RackCad.Tests\bin\Debug\net8.0\RackCad.Tests.dll" adapterTypeName="executor://xunit/VsTestRunner2/netcoreapp" className="RackCad.Tests.SharedViewFoundationF5Tests" name="AUTH09_KIND_PORT_DELEGATES_TO_THE_EXISTING_RESOLVER_EXACTLY_ONCE" />
    </UnitTest>
    <UnitTest name="RackCad.Tests.SharedViewFoundationF6Tests.AUTH13_UNSUPPORTED_KIND_COMPARATORS_FAIL_CLOSED_AS_UNREADABLE(kind: &quot;cantilever&quot;)" storage="c:\users\alejandra-mendoza\.codex\worktrees\architecture-shared-view-authored-comparators\tests\rackcad.tests\bin\debug\net8.0\rackcad.tests.dll" id="18d48c1f-aab8-e41b-31de-73702c70b039">
      <Execution id="44757dcf-bd3f-48d9-9dff-09f0c3f420da" />
      <TestMethod codeBase="C:\Users\alejandra-mendoza\.codex\worktrees\architecture-shared-view-authored-comparators\tests\RackCad.Tests\bin\Debug\net8.0\RackCad.Tests.dll" adapterTypeName="executor://xunit/VsTestRunner2/netcoreapp" className="RackCad.Tests.SharedViewFoundationF6Tests" name="AUTH13_UNSUPPORTED_KIND_COMPARATORS_FAIL_CLOSED_AS_UNREADABLE" />
    </UnitTest>
    <UnitTest name="RackCad.Tests.SharedViewFoundationF6Tests.AUTH13_UNSUPPORTED_KIND_COMPARATORS_FAIL_CLOSED_AS_UNREADABLE(kind: &quot;pushback&quot;)" storage="c:\users\alejandra-mendoza\.codex\worktrees\architecture-shared-view-authored-comparators\tests\rackcad.tests\bin\debug\net8.0\rackcad.tests.dll" id="731fd80e-bcf0-e204-30a3-c3e9873e5f5f">
      <Execution id="d384ac3e-3b44-4b6c-b107-8d1e3500e3b0" />
      <TestMethod codeBase="C:\Users\alejandra-mendoza\.codex\worktrees\architecture-shared-view-authored-comparators\tests\RackCad.Tests\bin\Debug\net8.0\RackCad.Tests.dll" adapterTypeName="executor://xunit/VsTestRunner2/netcoreapp" className="RackCad.Tests.SharedViewFoundationF6Tests" name="AUTH13_UNSUPPORTED_KIND_COMPARATORS_FAIL_CLOSED_AS_UNREADABLE" />
    </UnitTest>
    <UnitTest name="RackCad.Tests.SharedViewFoundationF6Tests.AUTH12_HEADER_PLAN_EXTRACTS_REAL_KEYS_DEDUPLICATES_AND_PRESERVES_DOTS" storage="c:\users\alejandra-mendoza\.codex\worktrees\architecture-shared-view-authored-comparators\tests\rackcad.tests\bin\debug\net8.0\rackcad.tests.dll" id="8cf9a465-9e5c-b6af-13ce-3aca3b4b6a00">
      <Execution id="d0743741-11a6-4ce2-86b0-d7abe4f810bb" />
      <TestMethod codeBase="C:\Users\alejandra-mendoza\.codex\worktrees\architecture-shared-view-authored-comparators\tests\RackCad.Tests\bin\Debug\net8.0\RackCad.Tests.dll" adapterTypeName="executor://xunit/VsTestRunner2/netcoreapp" className="RackCad.Tests.SharedViewFoundationF6Tests" name="AUTH12_HEADER_PLAN_EXTRACTS_REAL_KEYS_DEDUPLICATES_AND_PRESERVES_DOTS" />
    </UnitTest>
    <UnitTest name="RackCad.Tests.SharedViewFoundationF5Tests.AUTH09_KIND_PORT_DELEGATES_TO_THE_EXISTING_RESOLVER_EXACTLY_ONCE(kind: &quot;cantilever&quot;)" storage="c:\users\alejandra-mendoza\.codex\worktrees\architecture-shared-view-authored-comparators\tests\rackcad.tests\bin\debug\net8.0\rackcad.tests.dll" id="083f95f5-848e-014f-ec69-06bb0f82c95a">
      <Execution id="8f3eb93f-12a3-4e07-bc77-d31cc1e2a68a" />
      <TestMethod codeBase="C:\Users\alejandra-mendoza\.codex\worktrees\architecture-shared-view-authored-comparators\tests\RackCad.Tests\bin\Debug\net8.0\RackCad.Tests.dll" adapterTypeName="executor://xunit/VsTestRunner2/netcoreapp" className="RackCad.Tests.SharedViewFoundationF5Tests" name="AUTH09_KIND_PORT_DELEGATES_TO_THE_EXISTING_RESOLVER_EXACTLY_ONCE" />
    </UnitTest>
    <UnitTest name="RackCad.Tests.SharedViewFoundationF6Tests.AUTH13_UNSUPPORTED_KIND_COMPARATORS_FAIL_CLOSED_AS_UNREADABLE(kind: &quot;cama&quot;)" storage="c:\users\alejandra-mendoza\.codex\worktrees\architecture-shared-view-authored-comparators\tests\rackcad.tests\bin\debug\net8.0\rackcad.tests.dll" id="e6fd961a-5d03-5797-9a4b-6c7eb4c33f50">
      <Execution id="8147616a-62a2-4b95-9910-b330d7d3a6c6" />
      <TestMethod codeBase="C:\Users\alejandra-mendoza\.codex\worktrees\architecture-shared-view-authored-comparators\tests\RackCad.Tests\bin\Debug\net8.0\RackCad.Tests.dll" adapterTypeName="executor://xunit/VsTestRunner2/netcoreapp" className="RackCad.Tests.SharedViewFoundationF6Tests" name="AUTH13_UNSUPPORTED_KIND_COMPARATORS_FAIL_CLOSED_AS_UNREADABLE" />
    </UnitTest>
    <UnitTest name="RackCad.Tests.I58F2MaterializationTests.Real_Single_keeps_fallback_local_parity_and_provenance(mode: &quot;pushback-simple&quot;)" storage="c:\users\alejandra-mendoza\.codex\worktrees\architecture-shared-view-authored-comparators\tests\rackcad.tests\bin\debug\net8.0\rackcad.tests.dll" id="d8324658-aed2-67fb-3fa2-c0c64d5851a2">
      <Execution id="55c5acb9-43dd-447a-b912-c23190969c38" />
      <TestMethod codeBase="C:\Users\alejandra-mendoza\.codex\worktrees\architecture-shared-view-authored-comparators\tests\RackCad.Tests\bin\Debug\net8.0\RackCad.Tests.dll" adapterTypeName="executor://xunit/VsTestRunner2/netcoreapp" className="RackCad.Tests.I58F2MaterializationTests" name="Real_Single_keeps_fallback_local_parity_and_provenance" />
    </UnitTest>
    <UnitTest name="RackCad.Tests.SharedViewFoundationF5Tests.AUTH09_FAILURES_ARE_TYPED_AND_DIAGNOSTICS_ARE_PRESERVED" storage="c:\users\alejandra-mendoza\.codex\worktrees\architecture-shared-view-authored-comparators\tests\rackcad.tests\bin\debug\net8.0\rackcad.tests.dll" id="2ba586c6-474c-3b84-2093-8342f30b7b37">
      <Execution id="a3dffdbe-1ac3-4d4c-b325-1acbc518d150" />
      <TestMethod codeBase="C:\Users\alejandra-mendoza\.codex\worktrees\architecture-shared-view-authored-comparators\tests\RackCad.Tests\bin\Debug\net8.0\RackCad.Tests.dll" adapterTypeName="executor://xunit/VsTestRunner2/netcoreapp" className="RackCad.Tests.SharedViewFoundationF5Tests" name="AUTH09_FAILURES_ARE_TYPED_AND_DIAGNOSTICS_ARE_PRESERVED" />
    </UnitTest>
    <UnitTest name="RackCad.Tests.SharedViewFoundationF6Tests.AUTH12_ZERO_REQUIREMENTS_DO_NOT_QUERY_OR_IMPORT_BASE_NAME" storage="c:\users\alejandra-mendoza\.codex\worktrees\architecture-shared-view-authored-comparators\tests\rackcad.tests\bin\debug\net8.0\rackcad.tests.dll" id="6557f9ff-1901-94f8-48d6-b1b30247ac5b">
      <Execution id="ce0f464d-a696-4697-8189-b4f0ca1996c3" />
      <TestMethod codeBase="C:\Users\alejandra-mendoza\.codex\worktrees\architecture-shared-view-authored-comparators\tests\RackCad.Tests\bin\Debug\net8.0\RackCad.Tests.dll" adapterTypeName="executor://xunit/VsTestRunner2/netcoreapp" className="RackCad.Tests.SharedViewFoundationF6Tests" name="AUTH12_ZERO_REQUIREMENTS_DO_NOT_QUERY_OR_IMPORT_BASE_NAME" />
    </UnitTest>
    <UnitTest name="RackCad.Tests.SharedViewFoundationF6Tests.AUTH12_IMPORT_FORBIDDEN_USES_QUERY_AS_FINAL_WITHOUT_SIDE_EFFECT" storage="c:\users\alejandra-mendoza\.codex\worktrees\architecture-shared-view-authored-comparators\tests\rackcad.tests\bin\debug\net8.0\rackcad.tests.dll" id="0aa00ad1-ed4a-ed01-bdf1-64a1127f4c6f">
      <Execution id="2412b906-fc6d-4bac-a879-0d1e3ed5e5e6" />
      <TestMethod codeBase="C:\Users\alejandra-mendoza\.codex\worktrees\architecture-shared-view-authored-comparators\tests\RackCad.Tests\bin\Debug\net8.0\RackCad.Tests.dll" adapterTypeName="executor://xunit/VsTestRunner2/netcoreapp" className="RackCad.Tests.SharedViewFoundationF6Tests" name="AUTH12_IMPORT_FORBIDDEN_USES_QUERY_AS_FINAL_WITHOUT_SIDE_EFFECT" />
    </UnitTest>
    <UnitTest name="RackCad.Tests.SharedViewFoundationF6Tests.AUTH12_TYPED_EXTRACTION_MATCHES_THE_LEGACY_IMPORT_KEY_SET_AND_ORDER" storage="c:\users\alejandra-mendoza\.codex\worktrees\architecture-shared-view-authored-comparators\tests\rackcad.tests\bin\debug\net8.0\rackcad.tests.dll" id="0b29cc8c-1853-5413-58e1-c12b3b234636">
      <Execution id="6222fbb0-a054-4475-831e-9ddfce2d16e2" />
      <TestMethod codeBase="C:\Users\alejandra-mendoza\.codex\worktrees\architecture-shared-view-authored-comparators\tests\RackCad.Tests\bin\Debug\net8.0\RackCad.Tests.dll" adapterTypeName="executor://xunit/VsTestRunner2/netcoreapp" className="RackCad.Tests.SharedViewFoundationF6Tests" name="AUTH12_TYPED_EXTRACTION_MATCHES_THE_LEGACY_IMPORT_KEY_SET_AND_ORDER" />
    </UnitTest>
    <UnitTest name="RackCad.Tests.SharedViewFoundationF6Tests.AUTH12_FAILED_IMPORT_IS_MISSING_AFTER_FINAL_QUERY_WITHOUT_FALSE_SUCCESS" storage="c:\users\alejandra-mendoza\.codex\worktrees\architecture-shared-view-authored-comparators\tests\rackcad.tests\bin\debug\net8.0\rackcad.tests.dll" id="367fbfe8-b3a7-f71d-aa03-45c71ecf652c">
      <Execution id="8a9e4a8b-31d4-4b72-a319-0d277bfe9642" />
      <TestMethod codeBase="C:\Users\alejandra-mendoza\.codex\worktrees\architecture-shared-view-authored-comparators\tests\RackCad.Tests\bin\Debug\net8.0\RackCad.Tests.dll" adapterTypeName="executor://xunit/VsTestRunner2/netcoreapp" className="RackCad.Tests.SharedViewFoundationF6Tests" name="AUTH12_FAILED_IMPORT_IS_MISSING_AFTER_FINAL_QUERY_WITHOUT_FALSE_SUCCESS" />
    </UnitTest>
    <UnitTest name="RackCad.Tests.I58F2MaterializationTests.Real_Single_keeps_fallback_local_parity_and_provenance(mode: &quot;dynamic&quot;)" storage="c:\users\alejandra-mendoza\.codex\worktrees\architecture-shared-view-authored-comparators\tests\rackcad.tests\bin\debug\net8.0\rackcad.tests.dll" id="52cf3fa4-5ef2-2b94-b64c-9ebea721016c">
      <Execution id="dd828b9c-87c7-49ec-b6b2-49eae78da195" />
      <TestMethod codeBase="C:\Users\alejandra-mendoza\.codex\worktrees\architecture-shared-view-authored-comparators\tests\RackCad.Tests\bin\Debug\net8.0\RackCad.Tests.dll" adapterTypeName="executor://xunit/VsTestRunner2/netcoreapp" className="RackCad.Tests.I58F2MaterializationTests" name="Real_Single_keeps_fallback_local_parity_and_provenance" />
    </UnitTest>
    <UnitTest name="RackCad.Tests.SharedViewFoundationF5Tests.AUTH11_LINKED_VIEW_NAMES_MATCH_LEGACY_SUFFIXES_AND_PRESERVE_ABSENCE" storage="c:\users\alejandra-mendoza\.codex\worktrees\architecture-shared-view-authored-comparators\tests\rackcad.tests\bin\debug\net8.0\rackcad.tests.dll" id="9240783f-78cb-9b61-bb1b-c04fb61295aa">
      <Execution id="052d7cd5-5ef8-49e3-91dd-09eae2279741" />
      <TestMethod codeBase="C:\Users\alejandra-mendoza\.codex\worktrees\architecture-shared-view-authored-comparators\tests\RackCad.Tests\bin\Debug\net8.0\RackCad.Tests.dll" adapterTypeName="executor://xunit/VsTestRunner2/netcoreapp" className="RackCad.Tests.SharedViewFoundationF5Tests" name="AUTH11_LINKED_VIEW_NAMES_MATCH_LEGACY_SUFFIXES_AND_PRESERVE_ABSENCE" />
    </UnitTest>
    <UnitTest name="RackCad.Tests.SharedViewFoundationF5Tests.AUTH10_KIND_ADAPTER_CALLS_THE_REAL_BUILDER_ONCE_AND_PRESERVES_THE_TYPED_PAYLOAD(kind: &quot;selective&quot;)" storage="c:\users\alejandra-mendoza\.codex\worktrees\architecture-shared-view-authored-comparators\tests\rackcad.tests\bin\debug\net8.0\rackcad.tests.dll" id="66b2ed9c-2c6a-bb60-9396-3100ba49f1b9">
      <Execution id="15c4128b-e2dc-4c03-b510-4e64d6f95b20" />
      <TestMethod codeBase="C:\Users\alejandra-mendoza\.codex\worktrees\architecture-shared-view-authored-comparators\tests\RackCad.Tests\bin\Debug\net8.0\RackCad.Tests.dll" adapterTypeName="executor://xunit/VsTestRunner2/netcoreapp" className="RackCad.Tests.SharedViewFoundationF5Tests" name="AUTH10_KIND_ADAPTER_CALLS_THE_REAL_BUILDER_ONCE_AND_PRESERVES_THE_TYPED_PAYLOAD" />
    </UnitTest>
    <UnitTest name="RackCad.Tests.SharedViewFoundationF5Tests.AUTH11_HAS_NO_COLLISION_OR_LIBRARY_REQUIREMENT_AUTHORITY" storage="c:\users\alejandra-mendoza\.codex\worktrees\architecture-shared-view-authored-comparators\tests\rackcad.tests\bin\debug\net8.0\rackcad.tests.dll" id="ad853e5a-fb54-c58b-3f02-f8b1672103d9">
      <Execution id="3759a4d2-0a1f-490d-be9b-67c1bf86ab85" />
      <TestMethod codeBase="C:\Users\alejandra-mendoza\.codex\worktrees\architecture-shared-view-authored-comparators\tests\RackCad.Tests\bin\Debug\net8.0\RackCad.Tests.dll" adapterTypeName="executor://xunit/VsTestRunner2/netcoreapp" className="RackCad.Tests.SharedViewFoundationF5Tests" name="AUTH11_HAS_NO_COLLISION_OR_LIBRARY_REQUIREMENT_AUTHORITY" />
    </UnitTest>
    <UnitTest name="RackCad.Tests.SharedViewFoundationF6Tests.AUTH13_UNSUPPORTED_KIND_COMPARATORS_FAIL_CLOSED_AS_UNREADABLE(kind: &quot;cabecera&quot;)" storage="c:\users\alejandra-mendoza\.codex\worktrees\architecture-shared-view-authored-comparators\tests\rackcad.tests\bin\debug\net8.0\rackcad.tests.dll" id="aba45c35-324a-8ea2-1837-1b48ae910fa5">
      <Execution id="d040e765-f85e-434f-9106-10c87da06277" />
      <TestMethod codeBase="C:\Users\alejandra-mendoza\.codex\worktrees\architecture-shared-view-authored-comparators\tests\RackCad.Tests\bin\Debug\net8.0\RackCad.Tests.dll" adapterTypeName="executor://xunit/VsTestRunner2/netcoreapp" className="RackCad.Tests.SharedViewFoundationF6Tests" name="AUTH13_UNSUPPORTED_KIND_COMPARATORS_FAIL_CLOSED_AS_UNREADABLE" />
    </UnitTest>
    <UnitTest name="RackCad.Tests.SharedViewFoundationF5Tests.AUTH09_11_PUBLIC_CONTRACTS_HAVE_NO_AUTOCAD_TYPES" storage="c:\users\alejandra-mendoza\.codex\worktrees\architecture-shared-view-authored-comparators\tests\rackcad.tests\bin\debug\net8.0\rackcad.tests.dll" id="bfa5a298-f81f-2e3f-fb37-c7307a9a0d9d">
      <Execution id="40e93ca3-dc9b-4d91-8ea0-b4d34bb35fac" />
      <TestMethod codeBase="C:\Users\alejandra-mendoza\.codex\worktrees\architecture-shared-view-authored-comparators\tests\RackCad.Tests\bin\Debug\net8.0\RackCad.Tests.dll" adapterTypeName="executor://xunit/VsTestRunner2/netcoreapp" className="RackCad.Tests.SharedViewFoundationF5Tests" name="AUTH09_11_PUBLIC_CONTRACTS_HAVE_NO_AUTOCAD_TYPES" />
    </UnitTest>
    <UnitTest name="RackCad.Tests.SharedViewFoundationF6Tests.AUTH13_UNSUPPORTED_KIND_COMPARATORS_FAIL_CLOSED_AS_UNREADABLE(kind: &quot;dynamic&quot;)" storage="c:\users\alejandra-mendoza\.codex\worktrees\architecture-shared-view-authored-comparators\tests\rackcad.tests\bin\debug\net8.0\rackcad.tests.dll" id="d237530d-f559-c99a-df03-55b1d0447626">
      <Execution id="1711b27d-b3c6-4cbd-a779-2bd2094322a8" />
      <TestMethod codeBase="C:\Users\alejandra-mendoza\.codex\worktrees\architecture-shared-view-authored-comparators\tests\RackCad.Tests\bin\Debug\net8.0\RackCad.Tests.dll" adapterTypeName="executor://xunit/VsTestRunner2/netcoreapp" className="RackCad.Tests.SharedViewFoundationF6Tests" name="AUTH13_UNSUPPORTED_KIND_COMPARATORS_FAIL_CLOSED_AS_UNREADABLE" />
    </UnitTest>
    <UnitTest name="RackCad.Tests.SharedViewFoundationF5Tests.AUTH10_KIND_ADAPTER_CALLS_THE_REAL_BUILDER_ONCE_AND_PRESERVES_THE_TYPED_PAYLOAD(kind: &quot;cabecera&quot;)" storage="c:\users\alejandra-mendoza\.codex\worktrees\architecture-shared-view-authored-comparators\tests\rackcad.tests\bin\debug\net8.0\rackcad.tests.dll" id="be986753-63e5-6c7a-b44a-b9a331e34696">
      <Execution id="65204423-62a8-4b37-9bd8-a662ff64ead1" />
      <TestMethod codeBase="C:\Users\alejandra-mendoza\.codex\worktrees\architecture-shared-view-authored-comparators\tests\RackCad.Tests\bin\Debug\net8.0\RackCad.Tests.dll" adapterTypeName="executor://xunit/VsTestRunner2/netcoreapp" className="RackCad.Tests.SharedViewFoundationF5Tests" name="AUTH10_KIND_ADAPTER_CALLS_THE_REAL_BUILDER_ONCE_AND_PRESERVES_THE_TYPED_PAYLOAD" />
    </UnitTest>
    <UnitTest name="RackCad.Tests.SharedViewFoundationF5Tests.AUTH10_UNSUPPORTED_FRAME_AND_BUILDER_FAILURE_FAIL_CLOSED_WITHOUT_SECOND_CALL" storage="c:\users\alejandra-mendoza\.codex\worktrees\architecture-shared-view-authored-comparators\tests\rackcad.tests\bin\debug\net8.0\rackcad.tests.dll" id="439a18e3-e3bf-1572-ddaf-4e9a9826fa35">
      <Execution id="1aefe47a-8809-416a-87fc-2f35e648f468" />
      <TestMethod codeBase="C:\Users\alejandra-mendoza\.codex\worktrees\architecture-shared-view-authored-comparators\tests\RackCad.Tests\bin\Debug\net8.0\RackCad.Tests.dll" adapterTypeName="executor://xunit/VsTestRunner2/netcoreapp" className="RackCad.Tests.SharedViewFoundationF5Tests" name="AUTH10_UNSUPPORTED_FRAME_AND_BUILDER_FAILURE_FAIL_CLOSED_WITHOUT_SECOND_CALL" />
    </UnitTest>
    <UnitTest name="RackCad.Tests.I58F2MaterializationTests.Real_Single_keeps_fallback_local_parity_and_provenance(mode: &quot;pushback-composite&quot;)" storage="c:\users\alejandra-mendoza\.codex\worktrees\architecture-shared-view-authored-comparators\tests\rackcad.tests\bin\debug\net8.0\rackcad.tests.dll" id="edc02d22-6e0f-0f96-b1fe-5e5916a41ab7">
      <Execution id="44f7c661-f688-4ca2-8a5a-13d36063eef3" />
      <TestMethod codeBase="C:\Users\alejandra-mendoza\.codex\worktrees\architecture-shared-view-authored-comparators\tests\RackCad.Tests\bin\Debug\net8.0\RackCad.Tests.dll" adapterTypeName="executor://xunit/VsTestRunner2/netcoreapp" className="RackCad.Tests.I58F2MaterializationTests" name="Real_Single_keeps_fallback_local_parity_and_provenance" />
    </UnitTest>
    <UnitTest name="RackCad.Tests.SharedViewFoundationF5Tests.AUTH10_KIND_ADAPTER_CALLS_THE_REAL_BUILDER_ONCE_AND_PRESERVES_THE_TYPED_PAYLOAD(kind: &quot;dynamic&quot;)" storage="c:\users\alejandra-mendoza\.codex\worktrees\architecture-shared-view-authored-comparators\tests\rackcad.tests\bin\debug\net8.0\rackcad.tests.dll" id="87674290-b296-4485-77ca-66e0865bea73">
      <Execution id="80a19937-487c-4830-a0d8-4c7524092ad3" />
      <TestMethod codeBase="C:\Users\alejandra-mendoza\.codex\worktrees\architecture-shared-view-authored-comparators\tests\RackCad.Tests\bin\Debug\net8.0\RackCad.Tests.dll" adapterTypeName="executor://xunit/VsTestRunner2/netcoreapp" className="RackCad.Tests.SharedViewFoundationF5Tests" name="AUTH10_KIND_ADAPTER_CALLS_THE_REAL_BUILDER_ONCE_AND_PRESERVES_THE_TYPED_PAYLOAD" />
    </UnitTest>
    <UnitTest name="RackCad.Tests.SharedViewFoundationF6Tests.AUTH12_IMPORT_ALLOWED_ENSURES_BEFORE_FINAL_QUERY_AND_MISSING_IS_NOT_STICKY" storage="c:\users\alejandra-mendoza\.codex\worktrees\architecture-shared-view-authored-comparators\tests\rackcad.tests\bin\debug\net8.0\rackcad.tests.dll" id="5e3cf0e5-9395-8b9e-7a81-17748a923b7f">
      <Execution id="426fb1c7-ef6a-4ced-a882-1a57b87a4fcb" />
      <TestMethod codeBase="C:\Users\alejandra-mendoza\.codex\worktrees\architecture-shared-view-authored-comparators\tests\RackCad.Tests\bin\Debug\net8.0\RackCad.Tests.dll" adapterTypeName="executor://xunit/VsTestRunner2/netcoreapp" className="RackCad.Tests.SharedViewFoundationF6Tests" name="AUTH12_IMPORT_ALLOWED_ENSURES_BEFORE_FINAL_QUERY_AND_MISSING_IS_NOT_STICKY" />
    </UnitTest>
    <UnitTest name="RackCad.Tests.SharedViewFoundationF5Tests.AUTH10_KIND_ADAPTER_CALLS_THE_REAL_BUILDER_ONCE_AND_PRESERVES_THE_TYPED_PAYLOAD(kind: &quot;pushback&quot;)" storage="c:\users\alejandra-mendoza\.codex\worktrees\architecture-shared-view-authored-comparators\tests\rackcad.tests\bin\debug\net8.0\rackcad.tests.dll" id="63843c1f-451b-9246-2091-1427424d5bfe">
      <Execution id="88df36a2-e906-40fa-94be-527a6c922128" />
      <TestMethod codeBase="C:\Users\alejandra-mendoza\.codex\worktrees\architecture-shared-view-authored-comparators\tests\RackCad.Tests\bin\Debug\net8.0\RackCad.Tests.dll" adapterTypeName="executor://xunit/VsTestRunner2/netcoreapp" className="RackCad.Tests.SharedViewFoundationF5Tests" name="AUTH10_KIND_ADAPTER_CALLS_THE_REAL_BUILDER_ONCE_AND_PRESERVES_THE_TYPED_PAYLOAD" />
    </UnitTest>
    <UnitTest name="RackCad.Tests.SharedViewFoundationF6Tests.AUTH13_SHARED_COMPARATOR_HAS_NO_JSON_OR_SIBLING_SELECTION_FALLBACK" storage="c:\users\alejandra-mendoza\.codex\worktrees\architecture-shared-view-authored-comparators\tests\rackcad.tests\bin\debug\net8.0\rackcad.tests.dll" id="ebe823c9-ce51-8066-27b8-8a3f4578b83f">
      <Execution id="a6985e5b-7592-47a4-a3b0-cbb3d8672f55" />
      <TestMethod codeBase="C:\Users\alejandra-mendoza\.codex\worktrees\architecture-shared-view-authored-comparators\tests\RackCad.Tests\bin\Debug\net8.0\RackCad.Tests.dll" adapterTypeName="executor://xunit/VsTestRunner2/netcoreapp" className="RackCad.Tests.SharedViewFoundationF6Tests" name="AUTH13_SHARED_COMPARATOR_HAS_NO_JSON_OR_SIBLING_SELECTION_FALLBACK" />
    </UnitTest>
    <UnitTest name="RackCad.Tests.SharedViewFoundationF6Tests.AUTH12_EMPTY_AND_CANTILEVER_GEOMETRY_PRODUCE_ZERO_REQUIREMENTS" storage="c:\users\alejandra-mendoza\.codex\worktrees\architecture-shared-view-authored-comparators\tests\rackcad.tests\bin\debug\net8.0\rackcad.tests.dll" id="cbce5627-b819-187b-5672-9bcac567eb98">
      <Execution id="7b2333dd-cd42-4ae5-981f-fd8476723406" />
      <TestMethod codeBase="C:\Users\alejandra-mendoza\.codex\worktrees\architecture-shared-view-authored-comparators\tests\RackCad.Tests\bin\Debug\net8.0\RackCad.Tests.dll" adapterTypeName="executor://xunit/VsTestRunner2/netcoreapp" className="RackCad.Tests.SharedViewFoundationF6Tests" name="AUTH12_EMPTY_AND_CANTILEVER_GEOMETRY_PRODUCE_ZERO_REQUIREMENTS" />
    </UnitTest>
    <UnitTest name="RackCad.Tests.SharedViewFoundationF6Tests.AUTH12_13_PUBLIC_CONTRACTS_HAVE_NO_AUTOCAD_OBJECT_OR_REFLECTION_ESCAPE" storage="c:\users\alejandra-mendoza\.codex\worktrees\architecture-shared-view-authored-comparators\tests\rackcad.tests\bin\debug\net8.0\rackcad.tests.dll" id="dfcfd480-3f04-57b0-ed4d-ee034e74741a">
      <Execution id="cec7135e-2152-4dc3-a1a2-b6c9ee5c4732" />
      <TestMethod codeBase="C:\Users\alejandra-mendoza\.codex\worktrees\architecture-shared-view-authored-comparators\tests\RackCad.Tests\bin\Debug\net8.0\RackCad.Tests.dll" adapterTypeName="executor://xunit/VsTestRunner2/netcoreapp" className="RackCad.Tests.SharedViewFoundationF6Tests" name="AUTH12_13_PUBLIC_CONTRACTS_HAVE_NO_AUTOCAD_OBJECT_OR_REFLECTION_ESCAPE" />
    </UnitTest>
    <UnitTest name="RackCad.Tests.SharedViewFoundationF5Tests.AUTH11_BASE_NAMES_MATCH_THE_LEGACY_STRINGS_FOR_ALL_KINDS" storage="c:\users\alejandra-mendoza\.codex\worktrees\architecture-shared-view-authored-comparators\tests\rackcad.tests\bin\debug\net8.0\rackcad.tests.dll" id="adef502b-5fad-a96e-78df-1357843cbb7c">
      <Execution id="6d9ec84f-a7f2-41cf-bb85-5a9b7862173a" />
      <TestMethod codeBase="C:\Users\alejandra-mendoza\.codex\worktrees\architecture-shared-view-authored-comparators\tests\RackCad.Tests\bin\Debug\net8.0\RackCad.Tests.dll" adapterTypeName="executor://xunit/VsTestRunner2/netcoreapp" className="RackCad.Tests.SharedViewFoundationF5Tests" name="AUTH11_BASE_NAMES_MATCH_THE_LEGACY_STRINGS_FOR_ALL_KINDS" />
    </UnitTest>
    <UnitTest name="RackCad.Tests.SharedViewFoundationF5Tests.AUTH09_KIND_PORT_DELEGATES_TO_THE_EXISTING_RESOLVER_EXACTLY_ONCE(kind: &quot;dynamic&quot;)" storage="c:\users\alejandra-mendoza\.codex\worktrees\architecture-shared-view-authored-comparators\tests\rackcad.tests\bin\debug\net8.0\rackcad.tests.dll" id="d5c0c7b6-ae28-811f-9799-a466b1aa199d">
      <Execution id="ecdab632-744b-42de-99c2-04cdeaee41b5" />
      <TestMethod codeBase="C:\Users\alejandra-mendoza\.codex\worktrees\architecture-shared-view-authored-comparators\tests\RackCad.Tests\bin\Debug\net8.0\RackCad.Tests.dll" adapterTypeName="executor://xunit/VsTestRunner2/netcoreapp" className="RackCad.Tests.SharedViewFoundationF5Tests" name="AUTH09_KIND_PORT_DELEGATES_TO_THE_EXISTING_RESOLVER_EXACTLY_ONCE" />
    </UnitTest>
    <UnitTest name="RackCad.Tests.SharedViewFoundationF6Tests.AUTH13_SELECTIVE_REUSES_AUTHORED_AUTHORITY_FOR_SINGLE_DIVERGENT_AND_UNREADABLE" storage="c:\users\alejandra-mendoza\.codex\worktrees\architecture-shared-view-authored-comparators\tests\rackcad.tests\bin\debug\net8.0\rackcad.tests.dll" id="9c45d203-d913-1a1f-c414-c61014d40822">
      <Execution id="c61b7f69-0397-4bd5-a8db-6bd8ef1d8085" />
      <TestMethod codeBase="C:\Users\alejandra-mendoza\.codex\worktrees\architecture-shared-view-authored-comparators\tests\RackCad.Tests\bin\Debug\net8.0\RackCad.Tests.dll" adapterTypeName="executor://xunit/VsTestRunner2/netcoreapp" className="RackCad.Tests.SharedViewFoundationF6Tests" name="AUTH13_SELECTIVE_REUSES_AUTHORED_AUTHORITY_FOR_SINGLE_DIVERGENT_AND_UNREADABLE" />
    </UnitTest>
    <UnitTest name="RackCad.Tests.SharedViewFoundationF5Tests.AUTH10_KIND_ADAPTER_CALLS_THE_REAL_BUILDER_ONCE_AND_PRESERVES_THE_TYPED_PAYLOAD(kind: &quot;cantilever&quot;)" storage="c:\users\alejandra-mendoza\.codex\worktrees\architecture-shared-view-authored-comparators\tests\rackcad.tests\bin\debug\net8.0\rackcad.tests.dll" id="e92b3c27-ffb1-e0ff-393e-da9a58db8468">
      <Execution id="60820c4b-09e1-4096-b815-e9b5f8f0cfc3" />
      <TestMethod codeBase="C:\Users\alejandra-mendoza\.codex\worktrees\architecture-shared-view-authored-comparators\tests\RackCad.Tests\bin\Debug\net8.0\RackCad.Tests.dll" adapterTypeName="executor://xunit/VsTestRunner2/netcoreapp" className="RackCad.Tests.SharedViewFoundationF5Tests" name="AUTH10_KIND_ADAPTER_CALLS_THE_REAL_BUILDER_ONCE_AND_PRESERVES_THE_TYPED_PAYLOAD" />
    </UnitTest>
    <UnitTest name="RackCad.Tests.SharedViewFoundationF6Tests.AUTH12_COLLISION_NAMING_CANNOT_CHANGE_REQUIREMENTS" storage="c:\users\alejandra-mendoza\.codex\worktrees\architecture-shared-view-authored-comparators\tests\rackcad.tests\bin\debug\net8.0\rackcad.tests.dll" id="fb20f5bf-8e05-1c88-90c0-cfaba87ecb4c">
      <Execution id="feb7ab6f-f13e-46de-a30f-afb355d5ce4c" />
      <TestMethod codeBase="C:\Users\alejandra-mendoza\.codex\worktrees\architecture-shared-view-authored-comparators\tests\RackCad.Tests\bin\Debug\net8.0\RackCad.Tests.dll" adapterTypeName="executor://xunit/VsTestRunner2/netcoreapp" className="RackCad.Tests.SharedViewFoundationF6Tests" name="AUTH12_COLLISION_NAMING_CANNOT_CHANGE_REQUIREMENTS" />
    </UnitTest>
    <UnitTest name="RackCad.Tests.SharedViewFoundationF6Tests.AUTH12_REQUIREMENT_KEY_AND_VIEW_BASE_NAME_ARE_INDEPENDENT" storage="c:\users\alejandra-mendoza\.codex\worktrees\architecture-shared-view-authored-comparators\tests\rackcad.tests\bin\debug\net8.0\rackcad.tests.dll" id="3a0486a2-db8b-ab1c-f6fd-e6c301428d2e">
      <Execution id="8e96a0d6-9626-4f35-a5b9-63befed63a72" />
      <TestMethod codeBase="C:\Users\alejandra-mendoza\.codex\worktrees\architecture-shared-view-authored-comparators\tests\RackCad.Tests\bin\Debug\net8.0\RackCad.Tests.dll" adapterTypeName="executor://xunit/VsTestRunner2/netcoreapp" className="RackCad.Tests.SharedViewFoundationF6Tests" name="AUTH12_REQUIREMENT_KEY_AND_VIEW_BASE_NAME_ARE_INDEPENDENT" />
    </UnitTest>
    <UnitTest name="RackCad.Tests.SharedViewFoundationF5Tests.AUTH09_KIND_PORT_DELEGATES_TO_THE_EXISTING_RESOLVER_EXACTLY_ONCE(kind: &quot;selective&quot;)" storage="c:\users\alejandra-mendoza\.codex\worktrees\architecture-shared-view-authored-comparators\tests\rackcad.tests\bin\debug\net8.0\rackcad.tests.dll" id="0e6a2f60-ed15-33d4-c392-1ce7adb0570d">
      <Execution id="56af5048-a90c-4f22-8dba-6b9d5745c67a" />
      <TestMethod codeBase="C:\Users\alejandra-mendoza\.codex\worktrees\architecture-shared-view-authored-comparators\tests\RackCad.Tests\bin\Debug\net8.0\RackCad.Tests.dll" adapterTypeName="executor://xunit/VsTestRunner2/netcoreapp" className="RackCad.Tests.SharedViewFoundationF5Tests" name="AUTH09_KIND_PORT_DELEGATES_TO_THE_EXISTING_RESOLVER_EXACTLY_ONCE" />
    </UnitTest>
    <UnitTest name="RackCad.Tests.SharedViewFoundationF6Tests.AUTH12_QUERY_PORT_IS_PURE_AND_PLUGIN_IMPORTER_STAYS_SEPARATE" storage="c:\users\alejandra-mendoza\.codex\worktrees\architecture-shared-view-authored-comparators\tests\rackcad.tests\bin\debug\net8.0\rackcad.tests.dll" id="b528c650-de23-10b8-2860-ac55fe496e25">
      <Execution id="cdbe7007-2cf6-48ff-930c-89a90832feb0" />
      <TestMethod codeBase="C:\Users\alejandra-mendoza\.codex\worktrees\architecture-shared-view-authored-comparators\tests\RackCad.Tests\bin\Debug\net8.0\RackCad.Tests.dll" adapterTypeName="executor://xunit/VsTestRunner2/netcoreapp" className="RackCad.Tests.SharedViewFoundationF6Tests" name="AUTH12_QUERY_PORT_IS_PURE_AND_PLUGIN_IMPORTER_STAYS_SEPARATE" />
    </UnitTest>
    <UnitTest name="RackCad.Tests.SharedViewFoundationF5Tests.AUTH09_KIND_PORT_DELEGATES_TO_THE_EXISTING_RESOLVER_EXACTLY_ONCE(kind: &quot;cama&quot;)" storage="c:\users\alejandra-mendoza\.codex\worktrees\architecture-shared-view-authored-comparators\tests\rackcad.tests\bin\debug\net8.0\rackcad.tests.dll" id="fb92a4f0-8316-6b3e-afb1-6ff905d7db78">
      <Execution id="82eb5512-03bc-4b00-a933-2dbdf47a8e5d" />
      <TestMethod codeBase="C:\Users\alejandra-mendoza\.codex\worktrees\architecture-shared-view-authored-comparators\tests\RackCad.Tests\bin\Debug\net8.0\RackCad.Tests.dll" adapterTypeName="executor://xunit/VsTestRunner2/netcoreapp" className="RackCad.Tests.SharedViewFoundationF5Tests" name="AUTH09_KIND_PORT_DELEGATES_TO_THE_EXISTING_RESOLVER_EXACTLY_ONCE" />
    </UnitTest>
  </TestDefinitions>
  <TestEntries>
    <TestEntry testId="083f95f5-848e-014f-ec69-06bb0f82c95a" executionId="8f3eb93f-12a3-4e07-bc77-d31cc1e2a68a" testListId="8c84fa94-04c1-424b-9868-57a2d4851a1d" />
    <TestEntry testId="18d48c1f-aab8-e41b-31de-73702c70b039" executionId="44757dcf-bd3f-48d9-9dff-09f0c3f420da" testListId="8c84fa94-04c1-424b-9868-57a2d4851a1d" />
    <TestEntry testId="cbce5627-b819-187b-5672-9bcac567eb98" executionId="7b2333dd-cd42-4ae5-981f-fd8476723406" testListId="8c84fa94-04c1-424b-9868-57a2d4851a1d" />
    <TestEntry testId="2de598bf-2479-a7e2-abd0-64a2dd607d15" executionId="6cdf1cf0-ceed-453f-b5c9-e2403a34dc9c" testListId="8c84fa94-04c1-424b-9868-57a2d4851a1d" />
    <TestEntry testId="0aa00ad1-ed4a-ed01-bdf1-64a1127f4c6f" executionId="2412b906-fc6d-4bac-a879-0d1e3ed5e5e6" testListId="8c84fa94-04c1-424b-9868-57a2d4851a1d" />
    <TestEntry testId="87674290-b296-4485-77ca-66e0865bea73" executionId="80a19937-487c-4830-a0d8-4c7524092ad3" testListId="8c84fa94-04c1-424b-9868-57a2d4851a1d" />
    <TestEntry testId="b528c650-de23-10b8-2860-ac55fe496e25" executionId="cdbe7007-2cf6-48ff-930c-89a90832feb0" testListId="8c84fa94-04c1-424b-9868-57a2d4851a1d" />
    <TestEntry testId="adef502b-5fad-a96e-78df-1357843cbb7c" executionId="6d9ec84f-a7f2-41cf-bb85-5a9b7862173a" testListId="8c84fa94-04c1-424b-9868-57a2d4851a1d" />
    <TestEntry testId="9c45d203-d913-1a1f-c414-c61014d40822" executionId="c61b7f69-0397-4bd5-a8db-6bd8ef1d8085" testListId="8c84fa94-04c1-424b-9868-57a2d4851a1d" />
    <TestEntry testId="5d6f848f-af4d-59fa-d4e8-61736614c9b8" executionId="964de7da-6951-4198-a755-8c52ca7a5892" testListId="8c84fa94-04c1-424b-9868-57a2d4851a1d" />
    <TestEntry testId="bfa5a298-f81f-2e3f-fb37-c7307a9a0d9d" executionId="40e93ca3-dc9b-4d91-8ea0-b4d34bb35fac" testListId="8c84fa94-04c1-424b-9868-57a2d4851a1d" />
    <TestEntry testId="52cf3fa4-5ef2-2b94-b64c-9ebea721016c" executionId="dd828b9c-87c7-49ec-b6b2-49eae78da195" testListId="8c84fa94-04c1-424b-9868-57a2d4851a1d" />
    <TestEntry testId="fb20f5bf-8e05-1c88-90c0-cfaba87ecb4c" executionId="feb7ab6f-f13e-46de-a30f-afb355d5ce4c" testListId="8c84fa94-04c1-424b-9868-57a2d4851a1d" />
    <TestEntry testId="ad853e5a-fb54-c58b-3f02-f8b1672103d9" executionId="3759a4d2-0a1f-490d-be9b-67c1bf86ab85" testListId="8c84fa94-04c1-424b-9868-57a2d4851a1d" />
    <TestEntry testId="0e6a2f60-ed15-33d4-c392-1ce7adb0570d" executionId="56af5048-a90c-4f22-8dba-6b9d5745c67a" testListId="8c84fa94-04c1-424b-9868-57a2d4851a1d" />
    <TestEntry testId="e6fd961a-5d03-5797-9a4b-6c7eb4c33f50" executionId="8147616a-62a2-4b95-9910-b330d7d3a6c6" testListId="8c84fa94-04c1-424b-9868-57a2d4851a1d" />
    <TestEntry testId="8cf9a465-9e5c-b6af-13ce-3aca3b4b6a00" executionId="d0743741-11a6-4ce2-86b0-d7abe4f810bb" testListId="8c84fa94-04c1-424b-9868-57a2d4851a1d" />
    <TestEntry testId="8cec5407-c812-d339-9499-210b9e80ae37" executionId="86d05c3e-a270-483a-afee-c912ef8f3296" testListId="8c84fa94-04c1-424b-9868-57a2d4851a1d" />
    <TestEntry testId="5e3cf0e5-9395-8b9e-7a81-17748a923b7f" executionId="426fb1c7-ef6a-4ced-a882-1a57b87a4fcb" testListId="8c84fa94-04c1-424b-9868-57a2d4851a1d" />
    <TestEntry testId="367fbfe8-b3a7-f71d-aa03-45c71ecf652c" executionId="8a9e4a8b-31d4-4b72-a319-0d277bfe9642" testListId="8c84fa94-04c1-424b-9868-57a2d4851a1d" />
    <TestEntry testId="dfcfd480-3f04-57b0-ed4d-ee034e74741a" executionId="cec7135e-2152-4dc3-a1a2-b6c9ee5c4732" testListId="8c84fa94-04c1-424b-9868-57a2d4851a1d" />
    <TestEntry testId="6557f9ff-1901-94f8-48d6-b1b30247ac5b" executionId="ce0f464d-a696-4697-8189-b4f0ca1996c3" testListId="8c84fa94-04c1-424b-9868-57a2d4851a1d" />
    <TestEntry testId="edc02d22-6e0f-0f96-b1fe-5e5916a41ab7" executionId="44f7c661-f688-4ca2-8a5a-13d36063eef3" testListId="8c84fa94-04c1-424b-9868-57a2d4851a1d" />
    <TestEntry testId="e92b3c27-ffb1-e0ff-393e-da9a58db8468" executionId="60820c4b-09e1-4096-b815-e9b5f8f0cfc3" testListId="8c84fa94-04c1-424b-9868-57a2d4851a1d" />
    <TestEntry testId="fb92a4f0-8316-6b3e-afb1-6ff905d7db78" executionId="82eb5512-03bc-4b00-a933-2dbdf47a8e5d" testListId="8c84fa94-04c1-424b-9868-57a2d4851a1d" />
    <TestEntry testId="2ba586c6-474c-3b84-2093-8342f30b7b37" executionId="a3dffdbe-1ac3-4d4c-b325-1acbc518d150" testListId="8c84fa94-04c1-424b-9868-57a2d4851a1d" />
    <TestEntry testId="aba45c35-324a-8ea2-1837-1b48ae910fa5" executionId="d040e765-f85e-434f-9106-10c87da06277" testListId="8c84fa94-04c1-424b-9868-57a2d4851a1d" />
    <TestEntry testId="54f8aec7-de61-ad17-20f1-f884b23a864d" executionId="42b1a96c-5fd5-4f97-a17d-05f645838d36" testListId="8c84fa94-04c1-424b-9868-57a2d4851a1d" />
    <TestEntry testId="0b29cc8c-1853-5413-58e1-c12b3b234636" executionId="6222fbb0-a054-4475-831e-9ddfce2d16e2" testListId="8c84fa94-04c1-424b-9868-57a2d4851a1d" />
    <TestEntry testId="ebe823c9-ce51-8066-27b8-8a3f4578b83f" executionId="a6985e5b-7592-47a4-a3b0-cbb3d8672f55" testListId="8c84fa94-04c1-424b-9868-57a2d4851a1d" />
    <TestEntry testId="06ee3f9e-42ba-981a-6735-5ddffa53818a" executionId="f9723637-8fd8-4f46-a7c3-b00b4264cef9" testListId="8c84fa94-04c1-424b-9868-57a2d4851a1d" />
    <TestEntry testId="9240783f-78cb-9b61-bb1b-c04fb61295aa" executionId="052d7cd5-5ef8-49e3-91dd-09eae2279741" testListId="8c84fa94-04c1-424b-9868-57a2d4851a1d" />
    <TestEntry testId="66b2ed9c-2c6a-bb60-9396-3100ba49f1b9" executionId="15c4128b-e2dc-4c03-b510-4e64d6f95b20" testListId="8c84fa94-04c1-424b-9868-57a2d4851a1d" />
    <TestEntry testId="d237530d-f559-c99a-df03-55b1d0447626" executionId="1711b27d-b3c6-4cbd-a779-2bd2094322a8" testListId="8c84fa94-04c1-424b-9868-57a2d4851a1d" />
    <TestEntry testId="d5c0c7b6-ae28-811f-9799-a466b1aa199d" executionId="ecdab632-744b-42de-99c2-04cdeaee41b5" testListId="8c84fa94-04c1-424b-9868-57a2d4851a1d" />
    <TestEntry testId="63843c1f-451b-9246-2091-1427424d5bfe" executionId="88df36a2-e906-40fa-94be-527a6c922128" testListId="8c84fa94-04c1-424b-9868-57a2d4851a1d" />
    <TestEntry testId="439a18e3-e3bf-1572-ddaf-4e9a9826fa35" executionId="1aefe47a-8809-416a-87fc-2f35e648f468" testListId="8c84fa94-04c1-424b-9868-57a2d4851a1d" />
    <TestEntry testId="3a0486a2-db8b-ab1c-f6fd-e6c301428d2e" executionId="8e96a0d6-9626-4f35-a5b9-63befed63a72" testListId="8c84fa94-04c1-424b-9868-57a2d4851a1d" />
    <TestEntry testId="731fd80e-bcf0-e204-30a3-c3e9873e5f5f" executionId="d384ac3e-3b44-4b6c-b107-8d1e3500e3b0" testListId="8c84fa94-04c1-424b-9868-57a2d4851a1d" />
    <TestEntry testId="d8324658-aed2-67fb-3fa2-c0c64d5851a2" executionId="55c5acb9-43dd-447a-b912-c23190969c38" testListId="8c84fa94-04c1-424b-9868-57a2d4851a1d" />
    <TestEntry testId="be986753-63e5-6c7a-b44a-b9a331e34696" executionId="65204423-62a8-4b37-9bd8-a662ff64ead1" testListId="8c84fa94-04c1-424b-9868-57a2d4851a1d" />
  </TestEntries>
  <TestLists>
    <TestList name="Resultados sin formato de lista" id="8c84fa94-04c1-424b-9868-57a2d4851a1d" />
    <TestList name="Todos los resultados cargados" id="19431567-8539-422a-85d7-44ee4e166bda" />
  </TestLists>
  <ResultSummary outcome="Completed">
    <Counters total="41" executed="41" passed="41" failed="0" error="0" timeout="0" aborted="0" inconclusive="0" passedButRunAborted="0" notRunnable="0" notExecuted="0" disconnected="0" warning="0" completed="0" inProgress="0" pending="0" />
    <Output>
      <StdOut>[xUnit.net 00:00:00.00] xUnit.net VSTest Adapter v2.8.2+699d445a1a (64-bit .NET 8.0.29)&#xD;
[xUnit.net 00:00:00.27]   Discovering: RackCad.Tests&#xD;
[xUnit.net 00:00:04.94]   Discovered:  RackCad.Tests&#xD;
[xUnit.net 00:00:04.97]   Starting:    RackCad.Tests&#xD;
[xUnit.net 00:00:05.16]   Finished:    RackCad.Tests&#xD;
</StdOut>
    </Output>
  </ResultSummary>
</TestRun>