Dynamic|single|global=0|headers=calc:null|resolved=3|projected=3|accredited=True
Dynamic|single|global=0|headers=calc:0|resolved=3|projected=3|accredited=True
Dynamic|single|global=0|headers=calc:7|resolved=7|projected=7|accredited=True
Dynamic|single|global=0|headers=calc:9|resolved=9|projected=9|accredited=True
Dynamic|single|global=0|headers=custom:null|resolved=3|projected=3|accredited=False
Dynamic|single|global=0|headers=custom:0|resolved=3|projected=3|accredited=True
Dynamic|single|global=0|headers=custom:7|resolved=7|projected=7|accredited=True
Dynamic|single|global=0|headers=custom:9|resolved=9|projected=9|accredited=True
Dynamic|single|global=8|headers=calc:null|resolved=8|projected=8|accredited=True
Dynamic|single|global=8|headers=calc:0|resolved=8|projected=8|accredited=True
Dynamic|single|global=8|headers=calc:7|resolved=8|projected=8|accredited=True
Dynamic|single|global=8|headers=calc:9|resolved=8|projected=8|accredited=True
Dynamic|single|global=8|headers=custom:null|resolved=8|projected=8|accredited=False
Dynamic|single|global=8|headers=custom:0|resolved=8|projected=8|accredited=True
Dynamic|single|global=8|headers=custom:7|resolved=8|projected=8|accredited=True
Dynamic|single|global=8|headers=custom:9|resolved=8|projected=8|accredited=True
Dynamic|ordered|global=0|headers=calc:7,calc:9|resolved=7|projected=7|accredited=True
Dynamic|ordered|global=0|headers=custom:7,custom:9|resolved=7|projected=7|accredited=True
Dynamic|ordered|global=0|headers=calc:7,custom:9|resolved=7|projected=7|accredited=True
Dynamic|ordered|global=0|headers=custom:7,calc:9|resolved=7|projected=7|accredited=True
Dynamic|ordered|global=0|headers=calc:9,calc:7|resolved=9|projected=9|accredited=True
Dynamic|ordered|global=0|headers=custom:9,custom:7|resolved=9|projected=9|accredited=True
Dynamic|ordered|global=0|headers=calc:9,custom:7|resolved=9|projected=9|accredited=True
Dynamic|ordered|global=0|headers=custom:9,calc:7|resolved=9|projected=9|accredited=True
Dynamic|ordered|global=0|headers=calc:0,calc:7|resolved=7|projected=7|accredited=True
Dynamic|ordered|global=0|headers=custom:0,custom:7|resolved=7|projected=7|accredited=True
Dynamic|ordered|global=0|headers=calc:0,custom:7|resolved=7|projected=7|accredited=True
Dynamic|ordered|global=0|headers=custom:0,calc:7|resolved=7|projected=7|accredited=True
Dynamic|ordered|global=0|headers=calc:7,calc:0|resolved=7|projected=7|accredited=True
Dynamic|ordered|global=0|headers=custom:7,custom:0|resolved=7|projected=7|accredited=True
Dynamic|ordered|global=0|headers=calc:7,custom:0|resolved=7|projected=7|accredited=True
Dynamic|ordered|global=0|headers=custom:7,calc:0|resolved=7|projected=7|accredited=True
Dynamic|ordered|global=8|headers=calc:7,calc:9|resolved=8|projected=8|accredited=True
Dynamic|ordered|global=8|headers=custom:7,custom:9|resolved=8|projected=8|accredited=True
Dynamic|ordered|global=8|headers=calc:7,custom:9|resolved=8|projected=8|accredited=True
Dynamic|ordered|global=8|headers=custom:7,calc:9|resolved=8|projected=8|accredited=True
Dynamic|ordered|global=8|headers=calc:9,calc:7|resolved=8|projected=8|accredited=True
Dynamic|ordered|global=8|headers=custom:9,custom:7|resolved=8|projected=8|accredited=True
Dynamic|ordered|global=8|headers=calc:9,custom:7|resolved=8|projected=8|accredited=True
Dynamic|ordered|global=8|headers=custom:9,calc:7|resolved=8|projected=8|accredited=True
Dynamic|ordered|global=8|headers=calc:0,calc:7|resolved=8|projected=8|accredited=True
Dynamic|ordered|global=8|headers=custom:0,custom:7|resolved=8|projected=8|accredited=True
Dynamic|ordered|global=8|headers=calc:0,custom:7|resolved=8|projected=8|accredited=True
Dynamic|ordered|global=8|headers=custom:0,calc:7|resolved=8|projected=8|accredited=True
Dynamic|ordered|global=8|headers=calc:7,calc:0|resolved=8|projected=8|accredited=True
Dynamic|ordered|global=8|headers=custom:7,custom:0|resolved=8|projected=8|accredited=True
Dynamic|ordered|global=8|headers=calc:7,custom:0|resolved=8|projected=8|accredited=True
Dynamic|ordered|global=8|headers=custom:7,calc:0|resolved=8|projected=8|accredited=True
Dynamic|legacy-absent|global=0|headers=calc:7|resolved=7|projected=7|accredited=True
Dynamic|legacy-null|global=0|headers=calc:7|resolved=7|projected=7|accredited=True
Dynamic|V2-sabotage|before=7|after=3|PARITY_REJECTED
Dynamic|V2-sabotage|before=9|after=3|PARITY_REJECTED
PushBack|single|global=0|headers=calc:null|resolved=3|projected=3|accredited=True
PushBack|single|global=0|headers=calc:0|resolved=3|projected=3|accredited=True
PushBack|single|global=0|headers=calc:7|resolved=7|projected=7|accredited=True
PushBack|single|global=0|headers=calc:9|resolved=9|projected=9|accredited=True
PushBack|single|global=0|headers=custom:null|resolved=3|projected=3|accredited=False
PushBack|single|global=0|headers=custom:0|resolved=3|projected=3|accredited=True
PushBack|single|global=0|headers=custom:7|resolved=7|projected=7|accredited=True
PushBack|single|global=0|headers=custom:9|resolved=9|projected=9|accredited=True
PushBack|single|global=8|headers=calc:null|resolved=8|projected=8|accredited=True
PushBack|single|global=8|headers=calc:0|resolved=8|projected=8|accredited=True
PushBack|single|global=8|headers=calc:7|resolved=8|projected=8|accredited=True
PushBack|single|global=8|headers=calc:9|resolved=8|projected=8|accredited=True
PushBack|single|global=8|headers=custom:null|resolved=8|projected=8|accredited=False
PushBack|single|global=8|headers=custom:0|resolved=8|projected=8|accredited=True
PushBack|single|global=8|headers=custom:7|resolved=8|projected=8|accredited=True
PushBack|single|global=8|headers=custom:9|resolved=8|projected=8|accredited=True
PushBack|ordered|global=0|headers=calc:7,calc:9|resolved=7|projected=7|accredited=True
PushBack|ordered|global=0|headers=custom:7,custom:9|resolved=7|projected=7|accredited=True
PushBack|ordered|global=0|headers=calc:7,custom:9|resolved=7|projected=7|accredited=True
PushBack|ordered|global=0|headers=custom:7,calc:9|resolved=7|projected=7|accredited=True
PushBack|ordered|global=0|headers=calc:9,calc:7|resolved=9|projected=9|accredited=True
PushBack|ordered|global=0|headers=custom:9,custom:7|resolved=9|projected=9|accredited=True
PushBack|ordered|global=0|headers=calc:9,custom:7|resolved=9|projected=9|accredited=True
PushBack|ordered|global=0|headers=custom:9,calc:7|resolved=9|projected=9|accredited=True
PushBack|ordered|global=0|headers=calc:0,calc:7|resolved=7|projected=7|accredited=True
PushBack|ordered|global=0|headers=custom:0,custom:7|resolved=7|projected=7|accredited=True
PushBack|ordered|global=0|headers=calc:0,custom:7|resolved=7|projected=7|accredited=True
PushBack|ordered|global=0|headers=custom:0,calc:7|resolved=7|projected=7|accredited=True
PushBack|ordered|global=0|headers=calc:7,calc:0|resolved=7|projected=7|accredited=True
PushBack|ordered|global=0|headers=custom:7,custom:0|resolved=7|projected=7|accredited=True
PushBack|ordered|global=0|headers=calc:7,custom:0|resolved=7|projected=7|accredited=True
PushBack|ordered|global=0|headers=custom:7,calc:0|resolved=7|projected=7|accredited=True
PushBack|ordered|global=8|headers=calc:7,calc:9|resolved=8|projected=8|accredited=True
PushBack|ordered|global=8|headers=custom:7,custom:9|resolved=8|projected=8|accredited=True
PushBack|ordered|global=8|headers=calc:7,custom:9|resolved=8|projected=8|accredited=True
PushBack|ordered|global=8|headers=custom:7,calc:9|resolved=8|projected=8|accredited=True
PushBack|ordered|global=8|headers=calc:9,calc:7|resolved=8|projected=8|accredited=True
PushBack|ordered|global=8|headers=custom:9,custom:7|resolved=8|projected=8|accredited=True
PushBack|ordered|global=8|headers=calc:9,custom:7|resolved=8|projected=8|accredited=True
PushBack|ordered|global=8|headers=custom:9,calc:7|resolved=8|projected=8|accredited=True
PushBack|ordered|global=8|headers=calc:0,calc:7|resolved=8|projected=8|accredited=True
PushBack|ordered|global=8|headers=custom:0,custom:7|resolved=8|projected=8|accredited=True
PushBack|ordered|global=8|headers=calc:0,custom:7|resolved=8|projected=8|accredited=True
PushBack|ordered|global=8|headers=custom:0,calc:7|resolved=8|projected=8|accredited=True
PushBack|ordered|global=8|headers=calc:7,calc:0|resolved=8|projected=8|accredited=True
PushBack|ordered|global=8|headers=custom:7,custom:0|resolved=8|projected=8|accredited=True
PushBack|ordered|global=8|headers=calc:7,custom:0|resolved=8|projected=8|accredited=True
PushBack|ordered|global=8|headers=custom:7,calc:0|resolved=8|projected=8|accredited=True
PushBack|legacy-absent|global=0|headers=calc:7|resolved=7|projected=7|accredited=True
PushBack|legacy-null|global=0|headers=calc:7|resolved=7|projected=7|accredited=True
PushBack|V2-sabotage|before=7|after=3|PARITY_REJECTED
PushBack|V2-sabotage|before=9|after=3|PARITY_REJECTED
PushBackComposite|global=0|calc=True|headers=M1:null,M3:0,M5:null,B:M4:0,B:M1:null|resolved=3|A=3|B=3|projected=3
PushBackComposite|global=0|calc=True|headers=M1:7,M3:9,M5:7,B:M4:9,B:M1:7|resolved=7|A=7|B=7|projected=7
PushBackComposite|global=0|calc=True|headers=M1:9,M3:7,M5:9,B:M4:7,B:M1:9|resolved=9|A=9|B=9|projected=9
PushBackComposite|global=0|calc=True|headers=M1:0,M3:7,M5:0,B:M4:7,B:M1:0|resolved=7|A=7|B=7|projected=7
PushBackComposite|global=0|calc=False|headers=M1:null,M3:0,M5:null,B:M4:0,B:M1:null|resolved=3|A=3|B=3|projected=3
PushBackComposite|global=0|calc=False|headers=M1:7,M3:9,M5:7,B:M4:9,B:M1:7|resolved=7|A=7|B=7|projected=7
PushBackComposite|global=0|calc=False|headers=M1:9,M3:7,M5:9,B:M4:7,B:M1:9|resolved=9|A=9|B=9|projected=9
PushBackComposite|global=0|calc=False|headers=M1:0,M3:7,M5:0,B:M4:7,B:M1:0|resolved=7|A=7|B=7|projected=7
PushBackComposite|global=8|calc=True|headers=M1:null,M3:0,M5:null,B:M4:0,B:M1:null|resolved=8|A=8|B=8|projected=8
PushBackComposite|global=8|calc=True|headers=M1:7,M3:9,M5:7,B:M4:9,B:M1:7|resolved=8|A=8|B=8|projected=8
PushBackComposite|global=8|calc=True|headers=M1:9,M3:7,M5:9,B:M4:7,B:M1:9|resolved=8|A=8|B=8|projected=8
PushBackComposite|global=8|calc=True|headers=M1:0,M3:7,M5:0,B:M4:7,B:M1:0|resolved=8|A=8|B=8|projected=8
PushBackComposite|global=8|calc=False|headers=M1:null,M3:0,M5:null,B:M4:0,B:M1:null|resolved=8|A=8|B=8|projected=8
PushBackComposite|global=8|calc=False|headers=M1:7,M3:9,M5:7,B:M4:9,B:M1:7|resolved=8|A=8|B=8|projected=8
PushBackComposite|global=8|calc=False|headers=M1:9,M3:7,M5:9,B:M4:7,B:M1:9|resolved=8|A=8|B=8|projected=8
PushBackComposite|global=8|calc=False|headers=M1:0,M3:7,M5:0,B:M4:7,B:M1:0|resolved=8|A=8|B=8|projected=8
SELECTED=120; ASSERTIONS=1181; NEGATIVE_CONTROLS=4; DIAGNOSTIC_PASS; AUTH13_GREEN=NO
